=== DEBUG LOG [profile_full_result] ===
Source: API result
Timestamp: 2026-07-05T02:01:39.565448

=== CONTENT ===
Returning profile for uid=2953, username=xuanxuanmeow

=== PARSED DATA ===
{
  "id": "2953",
  "uid": "2953",
  "username": "xuanxuanmeow",
  "username_html": "<span style=\"color:#EF9F15;font-family:georgia;text-shadow:0px 0px 5px white;\"><strong>xuanxuanmeow</strong></span>",
  "nickname": "姚祥轩",
  "realName": "姚祥轩",
  "real_name": "姚祥轩",
  "school": "福州三牧中学",
  "email": "2590454593@qq.com",
  "signature": "树上满天星光如银河般璀璨，树下微风拂过带走无数烦恼",
  "bio": "树上满天星光如银河般璀璨，树下微风拂过带走无数烦恼\n\n[轩轩喵的神秘交互题](https://www.luogu.com.cn/problem/T652752)\n\n![](https://api.xecades.xyz/api?img=2&date=2026-05-27&str=%E6%88%91%E7%9A%84%E4%B8%8B%E4%B8%80%E4%B8%AA%E7%94%9F%E6%97%A5&quote=%E7%A5%9D%E6%82%A8+AKIOI&github=xuanxuan16888&luogu=XuanXuanMeow&codeforces=xuanxuan168888&bilibili=xuanxuanmeow)",
  "bio_html": "树上满天星光如银河般璀璨，树下微风拂过带走无数烦恼<br><br>[轩轩喵的神秘交互题](https://www.luogu.com.cn/problem/T652752)<br><br>![](https://api.xecades.xyz/api?img=2&date=2026-05-27&str=%E6%88%91%E7%9A%84%E4%B8%8B%E4%B8%80%E4%B8%AA%E7%94%9F%E6%97%A5&quote=%E7%A5%9D%E6%82%A8+AKIOI&github=xuanxuan16888&luogu=XuanXuanMeow&codeforces=xuanxuan168888&bilibili=xuanxuanmeow)",
  "avatar_url": "http://127.0.0.1:8199/media/2953/avatar.png",
  "avatarUrl": "http://127.0.0.1:8199/media/2953/avatar.png",
  "header_image_url": "http://127.0.0.1:8199/media/2953/header.png",
  "solvedCount": 410,
  "solved_count": 410,
  "submissionCount": 1086,
  "submission_count": 1086,
  "passRatePercent": 37.8,
  "rank": "",
  "is_banned": false,
  "isBanned": false,
  "tags": [
    {
      "text": "猫猫",
      "tag": "猫猫",
      "color": "#e100ff"
    }
  ],
  "solvedProblems": [
    {
      "id": "1000",
      "title": "1000",
      "difficulty": 0,
      "pass_rate": 0,
      "ac_count": 0,
      "url": "https://183.250.108.194:500/OnlineJudge/problem_show.php?id=1000"
    },
    {
      "id": "1004",
      "title": "1004",
      "difficulty": 0,
      "pass_rate": 0,
      "ac_count": 0,
      "url": "https://183.250.108.194:500/OnlineJudge/problem_show.php?id=1004"
    },
    {
      "id": "1007",
      "title": "1007",
      "difficulty": 0,
      "pass_rate": 0,
      "ac_count": 0,
      "url": "https://183.250.108.194:500/OnlineJudge/problem_show.php?id=1007"
    },
    {
      "id": "1010",
      "title": "1010",
      "difficulty": 0,
      "pass_rate": 0,
      "ac_count": 0,
      "url": "https://183.250.108.194:500/OnlineJudge/problem_show.php?id=1010"
    },
    {
      "id": "1015",
      "title": "1015",
      "difficulty": 0,
      "pass_rate": 0,
      "ac_count": 0,
      "url": "https://183.250.108.194:500/OnlineJudge/problem_show.php?id=1015"
    },
    {
      "id": "1019",
      "title": "1019",
      "difficulty": 0,
      "pass_rate": 0,
      "ac_count": 0,
      "url": "https://183.250.108.194:500/OnlineJudge/problem_show.php?id=1019"
    },
    {
      "id": "1020",
      "title": "1020",
      "difficulty": 0,
      "pass_rate": 0,
      "ac_count": 0,
      "url": "https://183.250.108.194:500/OnlineJudge/problem_show.php?id=1020"
    },
    {
      "id": "1022",
      "title": "1022",
      "difficulty": 0,
      "pass_rate": 0,
      "ac_count": 0,
      "url": "https://183.250.108.194:500/OnlineJudge/problem_show.php?id=1022"
    },
    {
      "id": "1026",
      "title": "1026",
      "difficulty": 0,
      "pass_rate": 0,
      "ac_count": 0,
      "url": "https://183.250.108.194:500/OnlineJudge/problem_show.php?id=1026"
    },
    {
      "id": "1028",
      "title": "1028",
      "difficulty": 0,
      "pass_rate": 0,
      "ac_count": 0,
      "url": "https://183.250.108.194:500/OnlineJudge/problem_show.php?id=1028"
    },
    {
      "id": "1029",
      "title": "1029",
      "difficulty": 0,
      "pass_rate": 0,
      "ac_count": 0,
      "url": "https://183.250.108.194:500/OnlineJudge/problem_show.php?id=1029"
    },
    {
      "id": "1037",
      "title": "1037",
      "difficulty": 0,
      "pass_rate": 0,
      "ac_count": 0,
      "url": "https://183.250.108.194:500/OnlineJudge/problem_show.php?id=1037"
    },
    {
      "id": "1044",
      "title": "1044",
      "difficulty": 0,
      "pass_rate": 0,
      "ac_count": 0,
      "url": "https://183.250.108.194:500/OnlineJudge/problem_show.php?id=1044"
    },
    {
      "id": "1047",
      "title": "1047",
      "difficulty": 0,
      "pass_rate": 0,
      "ac_count": 0,
      "url": "https://183.250.108.194:500/OnlineJudge/problem_show.php?id=1047"
    },
    {
      "id": "1058",
      "title": "1058",
      "difficulty": 0,
      "pass_rate": 0,
      "ac_count": 0,
      "url": "https://183.250.108.194:500/OnlineJudge/problem_show.php?id=1058"
    },
    {
      "id": "1068",
      "title": "1068",
      "difficulty": 0,
      "pass_rate": 0,
      "ac_count": 0,
      "url": "https://183.250.108.194:500/OnlineJudge/problem_show.php?id=1068"
    },
    {
      "id": "1079",
      "title": "1079",
      "difficulty": 0,
      "pass_rate": 0,
      "ac_count": 0,
      "url": "https://183.250.108.194:500/OnlineJudge/problem_show.php?id=1079"
    },
    {
      "id": "1092",
      "title": "1092",
      "difficulty": 0,
      "pass_rate": 0,
      "ac_count": 0,
      "url": "https://183.250.108.194:500/OnlineJudge/problem_show.php?id=1092"
    },
    {
      "id": "1124",
      "title": "1124",
      "difficulty": 0,
      "pass_rate": 0,
      "ac_count": 0,
      "url": "https://183.250.108.194:500/OnlineJudge/problem_show.php?id=1124"
    },
    {
      "id": "1126",
      "title": "1126",
      "difficulty": 0,
      "pass_rate": 0,
      "ac_count": 0,
      "url": "https://183.250.108.194:500/OnlineJudge/problem_show.php?id=1126"
    },
    {
      "id": "1127",
      "title": "1127",
      "difficulty": 0,
      "pass_rate": 0,
      "ac_count": 0,
      "url": "https://183.250.108.194:500/OnlineJudge/problem_show.php?id=1127"
    },
    {
      "id": "1161",
      "title": "1161",
      "difficulty": 0,
      "pass_rate": 0,
      "ac_count": 0,
      "url": "https://183.250.108.194:500/OnlineJudge/problem_show.php?id=1161"
    },
    {
      "id": "1164",
      "title": "1164",
      "difficulty": 0,
      "pass_rate": 0,
      "ac_count": 0,
      "url": "https://183.250.108.194:500/OnlineJudge/problem_show.php?id=1164"
    },
    {
      "id": "1174",
      "title": "1174",
      "difficulty": 0,
      "pass_rate": 0,
      "ac_count": 0,
      "url": "https://183.250.108.194:500/OnlineJudge/problem_show.php?id=1174"
    },
    {
      "id": "1177",
      "title": "1177",
      "difficulty": 0,
      "pass_rate": 0,
      "ac_count": 0,
      "url": "https://183.250.108.194:500/OnlineJudge/problem_show.php?id=1177"
    },
    {
      "id": "1178",
      "title": "1178",
      "difficulty": 0,
      "pass_rate": 0,
      "ac_count": 0,
      "url": "https://183.250.108.194:500/OnlineJudge/problem_show.php?id=1178"
    },
    {
      "id": "1182",
      "title": "1182",
      "difficulty": 0,
      "pass_rate": 0,
      "ac_count": 0,
      "url": "https://183.250.108.194:500/OnlineJudge/problem_show.php?id=1182"
    },
    {
      "id": "1184",
      "title": "1184",
      "difficulty": 0,
      "pass_rate": 0,
      "ac_count": 0,
      "url": "https://183.250.108.194:500/OnlineJudge/problem_show.php?id=1184"
    },
    {
      "id": "1186",
      "title": "1186",
      "difficulty": 0,
      "pass_rate": 0,
      "ac_count": 0,
      "url": "https://183.250.108.194:500/OnlineJudge/problem_show.php?id=1186"
    },
    {
      "id": "1188",
      "title": "1188",
      "difficulty": 0,
      "pass_rate": 0,
      "ac_count": 0,
      "url": "https://183.250.108.194:500/OnlineJudge/problem_show.php?id=1188"
    },
    {
      "id": "1201",
      "title": "1201",
      "difficulty": 0,
      "pass_rate": 0,
      "ac_count": 0,
      "url": "https://183.250.108.194:500/OnlineJudge/problem_show.php?id=1201"
    },
    {
      "id": "1203",
      "title": "1203",
      "difficulty": 0,
      "pass_rate": 0,
      "ac_count": 0,
      "url": "https://183.250.108.194:500/OnlineJudge/problem_show.php?id=1203"
    },
    {
      "id": "1209",
      "title": "1209",
      "difficulty": 0,
      "pass_rate": 0,
      "ac_count": 0,
      "url": "https://183.250.108.194:500/OnlineJudge/problem_show.php?id=1209"
    },
    {
      "id": "1216",
      "title": "1216",
      "difficulty": 0,
      "pass_rate": 0,
      "ac_count": 0,
      "url": "https://183.250.108.194:500/OnlineJudge/problem_show.php?id=1216"
    },
    {
      "id": "1218",
      "title": "1218",
      "difficulty": 0,
      "pass_rate": 0,
      "ac_count": 0,
      "url": "https://183.250.108.194:500/OnlineJudge/problem_show.php?id=1218"
    },
    {
      "id": "1222",
      "title": "1222",
      "difficulty": 0,
      "pass_rate": 0,
      "ac_count": 0,
      "url": "https://183.250.108.194:500/OnlineJudge/problem_show.php?id=1222"
    },
    {
      "id": "1223",
      "title": "1223",
      "difficulty": 0,
      "pass_rate": 0,
      "ac_count": 0,
      "url": "https://183.250.108.194:500/OnlineJudge/problem_show.php?id=1223"
    },
    {
      "id": "1224",
      "title": "1224",
      "difficulty": 0,
      "pass_rate": 0,
      "ac_count": 0,
      "url": "https://183.250.108.194:500/OnlineJudge/problem_show.php?id=1224"
    },
    {
      "id": "1227",
      "title": "1227",
      "difficulty": 0,
      "pass_rate": 0,
      "ac_count": 0,
      "url": "https://183.250.108.194:500/OnlineJudge/problem_show.php?id=1227"
    },
    {
      "id": "1228",
      "title": "1228",
      "difficulty": 0,
      "pass_rate": 0,
      "ac_count": 0,
      "url": "https://183.250.108.194:500/OnlineJudge/problem_show.php?id=1228"
    },
    {
      "id": "1234",
      "title": "1234",
      "difficulty": 0,
      "pass_rate": 0,
      "ac_count": 0,
      "url": "https://183.250.108.194:500/OnlineJudge/problem_show.php?id=1234"
    },
    {
      "id": "1242",
      "title": "1242",
      "difficulty": 0,
      "pass_rate": 0,
      "ac_count": 0,
      "url": "https://183.250.108.194:500/OnlineJudge/problem_show.php?id=1242"
    },
    {
      "id": "1244",
      "title": "1244",
      "difficulty": 0,
      "pass_rate": 0,
      "ac_count": 0,
      "url": "https://183.250.108.194:500/OnlineJudge/problem_show.php?id=1244"
    },
    {
      "id": "1270",
      "title": "1270",
      "difficulty": 0,
      "pass_rate": 0,
      "ac_count": 0,
      "url": "https://183.250.108.194:500/OnlineJudge/problem_show.php?id=1270"
    },
    {
      "id": "1283",
      "title": "1283",
      "difficulty": 0,
      "pass_rate": 0,
      "ac_count": 0,
      "url": "https://183.250.108.194:500/OnlineJudge/problem_show.php?id=1283"
    },
    {
      "id": "1284",
      "title": "1284",
      "difficulty": 0,
      "pass_rate": 0,
      "ac_count": 0,
      "url": "https://183.250.108.194:500/OnlineJudge/problem_show.php?id=1284"
    },
    {
      "id": "1286",
      "title": "1286",
      "difficulty": 0,
      "pass_rate": 0,
      "ac_count": 0,
      "url": "https://183.250.108.194:500/OnlineJudge/problem_show.php?id=1286"
    },
    {
      "id": "1298",
      "title": "1298",
      "difficulty": 0,
      "pass_rate": 0,
      "ac_count": 0,
      "url": "https://183.250.108.194:500/OnlineJudge/problem_show.php?id=1298"
    },
    {
      "id": "1300",
      "title": "1300",
      "difficulty": 0,
      "pass_rate": 0,
      "ac_count": 0,
      "url": "https://183.250.108.194:500/OnlineJudge/problem_show.php?id=1300"
    },
    {
      "id": "1305",
      "title": "1305",
      "difficulty": 0,
      "pass_rate": 0,
      "ac_count": 0,
      "url": "https://183.250.108.194:500/OnlineJudge/problem_show.php?id=1305"
    },
    {
      "id": "1318",
      "title": "1318",
      "difficulty": 0,
      "pass_rate": 0,
      "ac_count": 0,
      "url": "https://183.250.108.194:500/OnlineJudge/problem_show.php?id=1318"
    },
    {
      "id": "1324",
      "title": "1324",
      "difficulty": 0,
      "pass_rate": 0,
      "ac_count": 0,
      "url": "https://183.250.108.194:500/OnlineJudge/problem_show.php?id=1324"
    },
    {
      "id": "1325",
      "title": "1325",
      "difficulty": 0,
      "pass_rate": 0,
      "ac_count": 0,
      "url": "https://183.250.108.194:500/OnlineJudge/problem_show.php?id=1325"
    },
    {
      "id": "1328",
      "title": "1328",
      "difficulty": 0,
      "pass_rate": 0,
      "ac_count": 0,
      "url": "https://183.250.108.194:500/OnlineJudge/problem_show.php?id=1328"
    },
    {
      "id": "1331",
      "title": "1331",
      "difficulty": 0,
      "pass_rate": 0,
      "ac_count": 0,
      "url": "https://183.250.108.194:500/OnlineJudge/problem_show.php?id=1331"
    },
    {
      "id": "1332",
      "title": "1332",
      "difficulty": 0,
      "pass_rate": 0,
      "ac_count": 0,
      "url": "https://183.250.108.194:500/OnlineJudge/problem_show.php?id=1332"
    },
    {
      "id": "1333",
      "title": "1333",
      "difficulty": 0,
      "pass_rate": 0,
      "ac_count": 0,
      "url": "https://183.250.108.194:500/OnlineJudge/problem_show.php?id=1333"
    },
    {
      "id": "1341",
      "title": "1341",
      "difficulty": 0,
      "pass_rate": 0,
      "ac_count": 0,
      "url": "https://183.250.108.194:500/OnlineJudge/problem_show.php?id=1341"
    },
    {
      "id": "1342",
      "title": "1342",
      "difficulty": 0,
      "pass_rate": 0,
      "ac_count": 0,
      "url": "https://183.250.108.194:500/OnlineJudge/problem_show.php?id=1342"
    },
    {
      "id": "1345",
      "title": "1345",
      "difficulty": 0,
      "pass_rate": 0,
      "ac_count": 0,
      "url": "https://183.250.108.194:500/OnlineJudge/problem_show.php?id=1345"
    },
    {
      "id": "1346",
      "title": "1346",
      "difficulty": 0,
      "pass_rate": 0,
      "ac_count": 0,
      "url": "https://183.250.108.194:500/OnlineJudge/problem_show.php?id=1346"
    },
    {
      "id": "1414",
      "title": "1414",
      "difficulty": 0,
      "pass_rate": 0,
      "ac_count": 0,
      "url": "https://183.250.108.194:500/OnlineJudge/problem_show.php?id=1414"
    },
    {
      "id": "1437",
      "title": "1437",
      "difficulty": 0,
      "pass_rate": 0,
      "ac_count": 0,
      "url": "https://183.250.108.194:500/OnlineJudge/problem_show.php?id=1437"
    },
    {
      "id": "1453",
      "title": "1453",
      "difficulty": 0,
      "pass_rate": 0,
      "ac_count": 0,
      "url": "https://183.250.108.194:500/OnlineJudge/problem_show.php?id=1453"
    },
    {
      "id": "1462",
      "title": "1462",
      "difficulty": 0,
      "pass_rate": 0,
      "ac_count": 0,
      "url": "https://183.250.108.194:500/OnlineJudge/problem_show.php?id=1462"
    },
    {
      "id": "1465",
      "title": "1465",
      "difficulty": 0,
      "pass_rate": 0,
      "ac_count": 0,
      "url": "https://183.250.108.194:500/OnlineJudge/problem_show.php?id=1465"
    },
    {
      "id": "1489",
      "title": "1489",
      "difficulty": 0,
      "pass_rate": 0,
      "ac_count": 0,
      "url": "https://183.250.108.194:500/OnlineJudge/problem_show.php?id=1489"
    },
    {
      "id": "1501",
      "title": "1501",
      "difficulty": 0,
      "pass_rate": 0,
      "ac_count": 0,
      "url": "https://183.250.108.194:500/OnlineJudge/problem_show.php?id=1501"
    },
    {
      "id": "1508",
      "title": "1508",
      "difficulty": 0,
      "pass_rate": 0,
      "ac_count": 0,
      "url": "https://183.250.108.194:500/OnlineJudge/problem_show.php?id=1508"
    },
    {
      "id": "1523",
      "title": "1523",
      "difficulty": 0,
      "pass_rate": 0,
      "ac_count": 0,
      "url": "https://183.250.108.194:500/OnlineJudge/problem_show.php?id=1523"
    },
    {
      "id": "1529",
      "title": "1529",
      "difficulty": 0,
      "pass_rate": 0,
      "ac_count": 0,
      "url": "https://183.250.108.194:500/OnlineJudge/problem_show.php?id=1529"
    },
    {
      "id": "1549",
      "title": "1549",
      "difficulty": 0,
      "pass_rate": 0,
      "ac_count": 0,
      "url": "https://183.250.108.194:500/OnlineJudge/problem_show.php?id=1549"
    },
    {
      "id": "1563",
      "title": "1563",
      "difficulty": 0,
      "pass_rate": 0,
      "ac_count": 0,
      "url": "https://183.250.108.194:500/OnlineJudge/problem_show.php?id=1563"
    },
    {
      "id": "1578",
      "title": "1578",
      "difficulty": 0,
      "pass_rate": 0,
      "ac_count": 0,
      "url": "https://183.250.108.194:500/OnlineJudge/problem_show.php?id=1578"
    },
    {
      "id": "1583",
      "title": "1583",
      "difficulty": 0,
      "pass_rate": 0,
      "ac_count": 0,
      "url": "https://183.250.108.194:500/OnlineJudge/problem_show.php?id=1583"
    },
    {
      "id": "1589",
      "title": "1589",
      "difficulty": 0,
      "pass_rate": 0,
      "ac_count": 0,
      "url": "https://183.250.108.194:500/OnlineJudge/problem_show.php?id=1589"
    },
    {
      "id": "1594",
      "title": "1594",
      "difficulty": 0,
      "pass_rate": 0,
      "ac_count": 0,
      "url": "https://183.250.108.194:500/OnlineJudge/problem_show.php?id=1594"
    },
    {
      "id": "1596",
      "title": "1596",
      "difficulty": 0,
      "pass_rate": 0,
      "ac_count": 0,
      "url": "https://183.250.108.194:500/OnlineJudge/problem_show.php?id=1596"
    },
    {
      "id": "1598",
      "title": "1598",
      "difficulty": 0,
      "pass_rate": 0,
      "ac_count": 0,
      "url": "https://183.250.108.194:500/OnlineJudge/problem_show.php?id=1598"
    },
    {
      "id": "1600",
      "title": "1600",
      "difficulty": 0,
      "pass_rate": 0,
      "ac_count": 0,
      "url": "https://183.250.108.194:500/OnlineJudge/problem_show.php?id=1600"
    },
    {
      "id": "1604",
      "title": "1604",
      "difficulty": 0,
      "pass_rate": 0,
      "ac_count": 0,
      "url": "https://183.250.108.194:500/OnlineJudge/problem_show.php?id=1604"
    },
    {
      "id": "1605",
      "title": "1605",
      "difficulty": 0,
      "pass_rate": 0,
      "ac_count": 0,
      "url": "https://183.250.108.194:500/OnlineJudge/problem_show.php?id=1605"
    },
    {
      "id": "1616",
      "title": "1616",
      "difficulty": 0,
      "pass_rate": 0,
      "ac_count": 0,
      "url": "https://183.250.108.194:500/OnlineJudge/problem_show.php?id=1616"
    },
    {
      "id": "1618",
      "title": "1618",
      "difficulty": 0,
      "pass_rate": 0,
      "ac_count": 0,
      "url": "https://183.250.108.194:500/OnlineJudge/problem_show.php?id=1618"
    },
    {
      "id": "1630",
      "title": "1630",
      "difficulty": 0,
      "pass_rate": 0,
      "ac_count": 0,
      "url": "https://183.250.108.194:500/OnlineJudge/problem_show.php?id=1630"
    },
    {
      "id": "1643",
      "title": "1643",
      "difficulty": 0,
      "pass_rate": 0,
      "ac_count": 0,
      "url": "https://183.250.108.194:500/OnlineJudge/problem_show.php?id=1643"
    },
    {
      "id": "1660",
      "title": "1660",
      "difficulty": 0,
      "pass_rate": 0,
      "ac_count": 0,
      "url": "https://183.250.108.194:500/OnlineJudge/problem_show.php?id=1660"
    },
    {
      "id": "1663",
      "title": "1663",
      "difficulty": 0,
      "pass_rate": 0,
      "ac_count": 0,
      "url": "https://183.250.108.194:500/OnlineJudge/problem_show.php?id=1663"
    },
    {
      "id": "1718",
      "title": "1718",
      "difficulty": 0,
      "pass_rate": 0,
      "ac_count": 0,
      "url": "https://183.250.108.194:500/OnlineJudge/problem_show.php?id=1718"
    },
    {
      "id": "1760",
      "title": "1760",
      "difficulty": 0,
      "pass_rate": 0,
      "ac_count": 0,
      "url": "https://183.250.108.194:500/OnlineJudge/problem_show.php?id=1760"
    },
    {
      "id": "1762",
      "title": "1762",
      "difficulty": 0,
      "pass_rate": 0,
      "ac_count": 0,
      "url": "https://183.250.108.194:500/OnlineJudge/problem_show.php?id=1762"
    },
    {
      "id": "1764",
      "title": "1764",
      "difficulty": 0,
      "pass_rate": 0,
      "ac_count": 0,
      "url": "https://183.250.108.194:500/OnlineJudge/problem_show.php?id=1764"
    },
    {
      "id": "1769",
      "title": "1769",
      "difficulty": 0,
      "pass_rate": 0,
      "ac_count": 0,
      "url": "https://183.250.108.194:500/OnlineJudge/problem_show.php?id=1769"
    },
    {
      "id": "1777",
      "title": "1777",
      "difficulty": 0,
      "pass_rate": 0,
      "ac_count": 0,
      "url": "https://183.250.108.194:500/OnlineJudge/problem_show.php?id=1777"
    },
    {
      "id": "1795",
      "title": "1795",
      "difficulty": 0,
      "pass_rate": 0,
      "ac_count": 0,
      "url": "https://183.250.108.194:500/OnlineJudge/problem_show.php?id=1795"
    },
    {
      "id": "1810",
      "title": "1810",
      "difficulty": 0,
      "pass_rate": 0,
      "ac_count": 0,
      "url": "https://183.250.108.194:500/OnlineJudge/problem_show.php?id=1810"
    },
    {
      "id": "1813",
      "title": "1813",
      "difficulty": 0,
      "pass_rate": 0,
      "ac_count": 0,
      "url": "https://183.250.108.194:500/OnlineJudge/problem_show.php?id=1813"
    },
    {
      "id": "1814",
      "title": "1814",
      "difficulty": 0,
      "pass_rate": 0,
      "ac_count": 0,
      "url": "https://183.250.108.194:500/OnlineJudge/problem_show.php?id=1814"
    },
    {
      "id": "1816",
      "title": "1816",
      "difficulty": 0,
      "pass_rate": 0,
      "ac_count": 0,
      "url": "https://183.250.108.194:500/OnlineJudge/problem_show.php?id=1816"
    },
    {
      "id": "1817",
      "title": "1817",
      "difficulty": 0,
      "pass_rate": 0,
      "ac_count": 0,
      "url": "https://183.250.108.194:500/OnlineJudge/problem_show.php?id=1817"
    },
    {
      "id": "1821",
      "title": "1821",
      "difficulty": 0,
      "pass_rate": 0,
      "ac_count": 0,
      "url": "https://183.250.108.194:500/OnlineJudge/problem_show.php?id=1821"
    },
    {
      "id": "1838",
      "title": "1838",
      "difficulty": 0,
      "pass_rate": 0,
      "ac_count": 0,
      "url": "https://183.250.108.194:500/OnlineJudge/problem_show.php?id=1838"
    },
    {
      "id": "1857",
      "title": "1857",
      "difficulty": 0,
      "pass_rate": 0,
      "ac_count": 0,
      "url": "https://183.250.108.194:500/OnlineJudge/problem_show.php?id=1857"
    },
    {
      "id": "1858",
      "title": "1858",
      "difficulty": 0,
      "pass_rate": 0,
      "ac_count": 0,
      "url": "https://183.250.108.194:500/OnlineJudge/problem_show.php?id=1858"
    },
    {
      "id": "1864",
      "title": "1864",
      "difficulty": 0,
      "pass_rate": 0,
      "ac_count": 0,
      "url": "https://183.250.108.194:500/OnlineJudge/problem_show.php?id=1864"
    },
    {
      "id": "1867",
      "title": "1867",
      "difficulty": 0,
      "pass_rate": 0,
      "ac_count": 0,
      "url": "https://183.250.108.194:500/OnlineJudge/problem_show.php?id=1867"
    },
    {
      "id": "1889",
      "title": "1889",
      "difficulty": 0,
      "pass_rate": 0,
      "ac_count": 0,
      "url": "https://183.250.108.194:500/OnlineJudge/problem_show.php?id=1889"
    },
    {
      "id": "1899",
      "title": "1899",
      "difficulty": 0,
      "pass_rate": 0,
      "ac_count": 0,
      "url": "https://183.250.108.194:500/OnlineJudge/problem_show.php?id=1899"
    },
    {
      "id": "1959",
      "title": "1959",
      "difficulty": 0,
      "pass_rate": 0,
      "ac_count": 0,
      "url": "https://183.250.108.194:500/OnlineJudge/problem_show.php?id=1959"
    },
    {
      "id": "1960",
      "title": "1960",
      "difficulty": 0,
      "pass_rate": 0,
      "ac_count": 0,
      "url": "https://183.250.108.194:500/OnlineJudge/problem_show.php?id=1960"
    },
    {
      "id": "1967",
      "title": "1967",
      "difficulty": 0,
      "pass_rate": 0,
      "ac_count": 0,
      "url": "https://183.250.108.194:500/OnlineJudge/problem_show.php?id=1967"
    },
    {
      "id": "1970",
      "title": "1970",
      "difficulty": 0,
      "pass_rate": 0,
      "ac_count": 0,
      "url": "https://183.250.108.194:500/OnlineJudge/problem_show.php?id=1970"
    },
    {
      "id": "1973",
      "title": "1973",
      "difficulty": 0,
      "pass_rate": 0,
      "ac_count": 0,
      "url": "https://183.250.108.194:500/OnlineJudge/problem_show.php?id=1973"
    },
    {
      "id": "1995",
      "title": "1995",
      "difficulty": 0,
      "pass_rate": 0,
      "ac_count": 0,
      "url": "https://183.250.108.194:500/OnlineJudge/problem_show.php?id=1995"
    },
    {
      "id": "1998",
      "title": "1998",
      "difficulty": 0,
      "pass_rate": 0,
      "ac_count": 0,
      "url": "https://183.250.108.194:500/OnlineJudge/problem_show.php?id=1998"
    },
    {
      "id": "2004",
      "title": "2004",
      "difficulty": 0,
      "pass_rate": 0,
      "ac_count": 0,
      "url": "https://183.250.108.194:500/OnlineJudge/problem_show.php?id=2004"
    },
    {
      "id": "2025",
      "title": "2025",
      "difficulty": 0,
      "pass_rate": 0,
      "ac_count": 0,
      "url": "https://183.250.108.194:500/OnlineJudge/problem_show.php?id=2025"
    },
    {
      "id": "2038",
      "title": "2038",
      "difficulty": 0,
      "pass_rate": 0,
      "ac_count": 0,
      "url": "https://183.250.108.194:500/OnlineJudge/problem_show.php?id=2038"
    },
    {
      "id": "2043",
      "title": "2043",
      "difficulty": 0,
      "pass_rate": 0,
      "ac_count": 0,
      "url": "https://183.250.108.194:500/OnlineJudge/problem_show.php?id=2043"
    },
    {
      "id": "2046",
      "title": "2046",
      "difficulty": 0,
      "pass_rate": 0,
      "ac_count": 0,
      "url": "https://183.250.108.194:500/OnlineJudge/problem_show.php?id=2046"
    },
    {
      "id": "2071",
      "title": "2071",
      "difficulty": 0,
      "pass_rate": 0,
      "ac_count": 0,
      "url": "https://183.250.108.194:500/OnlineJudge/problem_show.php?id=2071"
    },
    {
      "id": "2096",
      "title": "2096",
      "difficulty": 0,
      "pass_rate": 0,
      "ac_count": 0,
      "url": "https://183.250.108.194:500/OnlineJudge/problem_show.php?id=2096"
    },
    {
      "id": "2106",
      "title": "2106",
      "difficulty": 0,
      "pass_rate": 0,
      "ac_count": 0,
      "url": "https://183.250.108.194:500/OnlineJudge/problem_show.php?id=2106"
    },
    {
      "id": "2108",
      "title": "2108",
      "difficulty": 0,
      "pass_rate": 0,
      "ac_count": 0,
      "url": "https://183.250.108.194:500/OnlineJudge/problem_show.php?id=2108"
    },
    {
      "id": "2112",
      "title": "2112",
      "difficulty": 0,
      "pass_rate": 0,
      "ac_count": 0,
      "url": "https://183.250.108.194:500/OnlineJudge/problem_show.php?id=2112"
    },
    {
      "id": "2132",
      "title": "2132",
      "difficulty": 0,
      "pass_rate": 0,
      "ac_count": 0,
      "url": "https://183.250.108.194:500/OnlineJudge/problem_show.php?id=2132"
    },
    {
      "id": "2148",
      "title": "2148",
      "difficulty": 0,
      "pass_rate": 0,
      "ac_count": 0,
      "url": "https://183.250.108.194:500/OnlineJudge/problem_show.php?id=2148"
    },
    {
      "id": "2162",
      "title": "2162",
      "difficulty": 0,
      "pass_rate": 0,
      "ac_count": 0,
      "url": "https://183.250.108.194:500/OnlineJudge/problem_show.php?id=2162"
    },
    {
      "id": "2193",
      "title": "2193",
      "difficulty": 0,
      "pass_rate": 0,
      "ac_count": 0,
      "url": "https://183.250.108.194:500/OnlineJudge/problem_show.php?id=2193"
    },
    {
      "id": "2210",
      "title": "2210",
      "difficulty": 0,
      "pass_rate": 0,
      "ac_count": 0,
      "url": "https://183.250.108.194:500/OnlineJudge/problem_show.php?id=2210"
    },
    {
      "id": "2216",
      "title": "2216",
      "difficulty": 0,
      "pass_rate": 0,
      "ac_count": 0,
      "url": "https://183.250.108.194:500/OnlineJudge/problem_show.php?id=2216"
    },
    {
      "id": "2217",
      "title": "2217",
      "difficulty": 0,
      "pass_rate": 0,
      "ac_count": 0,
      "url": "https://183.250.108.194:500/OnlineJudge/problem_show.php?id=2217"
    },
    {
      "id": "2218",
      "title": "2218",
      "difficulty": 0,
      "pass_rate": 0,
      "ac_count": 0,
      "url": "https://183.250.108.194:500/OnlineJudge/problem_show.php?id=2218"
    },
    {
      "id": "2219",
      "title": "2219",
      "difficulty": 0,
      "pass_rate": 0,
      "ac_count": 0,
      "url": "https://183.250.108.194:500/OnlineJudge/problem_show.php?id=2219"
    },
    {
      "id": "2220",
      "title": "2220",
      "difficulty": 0,
      "pass_rate": 0,
      "ac_count": 0,
      "url": "https://183.250.108.194:500/OnlineJudge/problem_show.php?id=2220"
    },
    {
      "id": "2222",
      "title": "2222",
      "difficulty": 0,
      "pass_rate": 0,
      "ac_count": 0,
      "url": "https://183.250.108.194:500/OnlineJudge/problem_show.php?id=2222"
    },
    {
      "id": "2223",
      "title": "2223",
      "difficulty": 0,
      "pass_rate": 0,
      "ac_count": 0,
      "url": "https://183.250.108.194:500/OnlineJudge/problem_show.php?id=2223"
    },
    {
      "id": "2224",
      "title": "2224",
      "difficulty": 0,
      "pass_rate": 0,
      "ac_count": 0,
      "url": "https://183.250.108.194:500/OnlineJudge/problem_show.php?id=2224"
    },
    {
      "id": "2226",
      "title": "2226",
      "difficulty": 0,
      "pass_rate": 0,
      "ac_count": 0,
      "url": "https://183.250.108.194:500/OnlineJudge/problem_show.php?id=2226"
    },
    {
      "id": "2227",
      "title": "2227",
      "difficulty": 0,
      "pass_rate": 0,
      "ac_count": 0,
      "url": "https://183.250.108.194:500/OnlineJudge/problem_show.php?id=2227"
    },
    {
      "id": "2228",
      "title": "2228",
      "difficulty": 0,
      "pass_rate": 0,
      "ac_count": 0,
      "url": "https://183.250.108.194:500/OnlineJudge/problem_show.php?id=2228"
    },
    {
      "id": "2229",
      "title": "2229",
      "difficulty": 0,
      "pass_rate": 0,
      "ac_count": 0,
      "url": "https://183.250.108.194:500/OnlineJudge/problem_show.php?id=2229"
    },
    {
      "id": "2230",
      "title": "2230",
      "difficulty": 0,
      "pass_rate": 0,
      "ac_count": 0,
      "url": "https://183.250.108.194:500/OnlineJudge/problem_show.php?id=2230"
    },
    {
      "id": "2231",
      "title": "2231",
      "difficulty": 0,
      "pass_rate": 0,
      "ac_count": 0,
      "url": "https://183.250.108.194:500/OnlineJudge/problem_show.php?id=2231"
    },
    {
      "id": "2232",
      "title": "2232",
      "difficulty": 0,
      "pass_rate": 0,
      "ac_count": 0,
      "url": "https://183.250.108.194:500/OnlineJudge/problem_show.php?id=2232"
    },
    {
      "id": "2234",
      "title": "2234",
      "difficulty": 0,
      "pass_rate": 0,
      "ac_count": 0,
      "url": "https://183.250.108.194:500/OnlineJudge/problem_show.php?id=2234"
    },
    {
      "id": "2249",
      "title": "2249",
      "difficulty": 0,
      "pass_rate": 0,
      "ac_count": 0,
      "url": "https://183.250.108.194:500/OnlineJudge/problem_show.php?id=2249"
    },
    {
      "id": "2272",
      "title": "2272",
      "difficulty": 0,
      "pass_rate": 0,
      "ac_count": 0,
      "url": "https://183.250.108.194:500/OnlineJudge/problem_show.php?id=2272"
    },
    {
      "id": "2280",
      "title": "2280",
      "difficulty": 0,
      "pass_rate": 0,
      "ac_count": 0,
      "url": "https://183.250.108.194:500/OnlineJudge/problem_show.php?id=2280"
    },
    {
      "id": "2287",
      "title": "2287",
      "difficulty": 0,
      "pass_rate": 0,
      "ac_count": 0,
      "url": "https://183.250.108.194:500/OnlineJudge/problem_show.php?id=2287"
    },
    {
      "id": "2310",
      "title": "2310",
      "difficulty": 0,
      "pass_rate": 0,
      "ac_count": 0,
      "url": "https://183.250.108.194:500/OnlineJudge/problem_show.php?id=2310"
    },
    {
      "id": "2312",
      "title": "2312",
      "difficulty": 0,
      "pass_rate": 0,
      "ac_count": 0,
      "url": "https://183.250.108.194:500/OnlineJudge/problem_show.php?id=2312"
    },
    {
      "id": "2313",
      "title": "2313",
      "difficulty": 0,
      "pass_rate": 0,
      "ac_count": 0,
      "url": "https://183.250.108.194:500/OnlineJudge/problem_show.php?id=2313"
    },
    {
      "id": "2315",
      "title": "2315",
      "difficulty": 0,
      "pass_rate": 0,
      "ac_count": 0,
      "url": "https://183.250.108.194:500/OnlineJudge/problem_show.php?id=2315"
    },
    {
      "id": "2321",
      "title": "2321",
      "difficulty": 0,
      "pass_rate": 0,
      "ac_count": 0,
      "url": "https://183.250.108.194:500/OnlineJudge/problem_show.php?id=2321"
    },
    {
      "id": "2324",
      "title": "2324",
      "difficulty": 0,
      "pass_rate": 0,
      "ac_count": 0,
      "url": "https://183.250.108.194:500/OnlineJudge/problem_show.php?id=2324"
    },
    {
      "id": "2325",
      "title": "2325",
      "difficulty": 0,
      "pass_rate": 0,
      "ac_count": 0,
      "url": "https://183.250.108.194:500/OnlineJudge/problem_show.php?id=2325"
    },
    {
      "id": "2329",
      "title": "2329",
      "difficulty": 0,
      "pass_rate": 0,
      "ac_count": 0,
      "url": "https://183.250.108.194:500/OnlineJudge/problem_show.php?id=2329"
    },
    {
      "id": "2345",
      "title": "2345",
      "difficulty": 0,
      "pass_rate": 0,
      "ac_count": 0,
      "url": "https://183.250.108.194:500/OnlineJudge/problem_show.php?id=2345"
    },
    {
      "id": "2352",
      "title": "2352",
      "difficulty": 0,
      "pass_rate": 0,
      "ac_count": 0,
      "url": "https://183.250.108.194:500/OnlineJudge/problem_show.php?id=2352"
    },
    {
      "id": "2353",
      "title": "2353",
      "difficulty": 0,
      "pass_rate": 0,
      "ac_count": 0,
      "url": "https://183.250.108.194:500/OnlineJudge/problem_show.php?id=2353"
    },
    {
      "id": "2410",
      "title": "2410",
      "difficulty": 0,
      "pass_rate": 0,
      "ac_count": 0,
      "url": "https://183.250.108.194:500/OnlineJudge/problem_show.php?id=2410"
    },
    {
      "id": "2418",
      "title": "2418",
      "difficulty": 0,
      "pass_rate": 0,
      "ac_count": 0,
      "url": "https://183.250.108.194:500/OnlineJudge/problem_show.php?id=2418"
    },
    {
      "id": "2511",
      "title": "2511",
      "difficulty": 0,
      "pass_rate": 0,
      "ac_count": 0,
      "url": "https://183.250.108.194:500/OnlineJudge/problem_show.php?id=2511"
    },
    {
      "id": "2565",
      "title": "2565",
      "difficulty": 0,
      "pass_rate": 0,
      "ac_count": 0,
      "url": "https://183.250.108.194:500/OnlineJudge/problem_show.php?id=2565"
    },
    {
      "id": "2597",
      "title": "2597",
      "difficulty": 0,
      "pass_rate": 0,
      "ac_count": 0,
      "url": "https://183.250.108.194:500/OnlineJudge/problem_show.php?id=2597"
    },
    {
      "id": "2608",
      "title": "2608",
      "difficulty": 0,
      "pass_rate": 0,
      "ac_count": 0,
      "url": "https://183.250.108.194:500/OnlineJudge/problem_show.php?id=2608"
    },
    {
      "id": "2609",
      "title": "2609",
      "difficulty": 0,
      "pass_rate": 0,
      "ac_count": 0,
      "url": "https://183.250.108.194:500/OnlineJudge/problem_show.php?id=2609"
    },
    {
      "id": "2619",
      "title": "2619",
      "difficulty": 0,
      "pass_rate": 0,
      "ac_count": 0,
      "url": "https://183.250.108.194:500/OnlineJudge/problem_show.php?id=2619"
    },
    {
      "id": "2629",
      "title": "2629",
      "difficulty": 0,
      "pass_rate": 0,
      "ac_count": 0,
      "url": "https://183.250.108.194:500/OnlineJudge/problem_show.php?id=2629"
    },
    {
      "id": "2632",
      "title": "2632",
      "difficulty": 0,
      "pass_rate": 0,
      "ac_count": 0,
      "url": "https://183.250.108.194:500/OnlineJudge/problem_show.php?id=2632"
    },
    {
      "id": "2640",
      "title": "2640",
      "difficulty": 0,
      "pass_rate": 0,
      "ac_count": 0,
      "url": "https://183.250.108.194:500/OnlineJudge/problem_show.php?id=2640"
    },
    {
      "id": "2662",
      "title": "2662",
      "difficulty": 0,
      "pass_rate": 0,
      "ac_count": 0,
      "url": "https://183.250.108.194:500/OnlineJudge/problem_show.php?id=2662"
    },
    {
      "id": "2671",
      "title": "2671",
      "difficulty": 0,
      "pass_rate": 0,
      "ac_count": 0,
      "url": "https://183.250.108.194:500/OnlineJudge/problem_show.php?id=2671"
    },
    {
      "id": "2706",
      "title": "2706",
      "difficulty": 0,
      "pass_rate": 0,
      "ac_count": 0,
      "url": "https://183.250.108.194:500/OnlineJudge/problem_show.php?id=2706"
    },
    {
      "id": "2713",
      "title": "2713",
      "difficulty": 0,
      "pass_rate": 0,
      "ac_count": 0,
      "url": "https://183.250.108.194:500/OnlineJudge/problem_show.php?id=2713"
    },
    {
      "id": "2714",
      "title": "2714",
      "difficulty": 0,
      "pass_rate": 0,
      "ac_count": 0,
      "url": "https://183.250.108.194:500/OnlineJudge/problem_show.php?id=2714"
    },
    {
      "id": "2725",
      "title": "2725",
      "difficulty": 0,
      "pass_rate": 0,
      "ac_count": 0,
      "url": "https://183.250.108.194:500/OnlineJudge/problem_show.php?id=2725"
    },
    {
      "id": "2798",
      "title": "2798",
      "difficulty": 0,
      "pass_rate": 0,
      "ac_count": 0,
      "url": "https://183.250.108.194:500/OnlineJudge/problem_show.php?id=2798"
    },
    {
      "id": "2810",
      "title": "2810",
      "difficulty": 0,
      "pass_rate": 0,
      "ac_count": 0,
      "url": "https://183.250.108.194:500/OnlineJudge/problem_show.php?id=2810"
    },
    {
      "id": "2881",
      "title": "2881",
      "difficulty": 0,
      "pass_rate": 0,
      "ac_count": 0,
      "url": "https://183.250.108.194:500/OnlineJudge/problem_show.php?id=2881"
    },
    {
      "id": "3009",
      "title": "3009",
      "difficulty": 0,
      "pass_rate": 0,
      "ac_count": 0,
      "url": "https://183.250.108.194:500/OnlineJudge/problem_show.php?id=3009"
    },
    {
      "id": "3034",
      "title": "3034",
      "difficulty": 0,
      "pass_rate": 0,
      "ac_count": 0,
      "url": "https://183.250.108.194:500/OnlineJudge/problem_show.php?id=3034"
    },
    {
      "id": "3161",
      "title": "3161",
      "difficulty": 0,
      "pass_rate": 0,
      "ac_count": 0,
      "url": "https://183.250.108.194:500/OnlineJudge/problem_show.php?id=3161"
    },
    {
      "id": "3167",
      "title": "3167",
      "difficulty": 0,
      "pass_rate": 0,
      "ac_count": 0,
      "url": "https://183.250.108.194:500/OnlineJudge/problem_show.php?id=3167"
    },
    {
      "id": "3182",
      "title": "3182",
      "difficulty": 0,
      "pass_rate": 0,
      "ac_count": 0,
      "url": "https://183.250.108.194:500/OnlineJudge/problem_show.php?id=3182"
    },
    {
      "id": "3189",
      "title": "3189",
      "difficulty": 0,
      "pass_rate": 0,
      "ac_count": 0,
      "url": "https://183.250.108.194:500/OnlineJudge/problem_show.php?id=3189"
    },
    {
      "id": "3205",
      "title": "3205",
      "difficulty": 0,
      "pass_rate": 0,
      "ac_count": 0,
      "url": "https://183.250.108.194:500/OnlineJudge/problem_show.php?id=3205"
    },
    {
      "id": "3223",
      "title": "3223",
      "difficulty": 0,
      "pass_rate": 0,
      "ac_count": 0,
      "url": "https://183.250.108.194:500/OnlineJudge/problem_show.php?id=3223"
    },
    {
      "id": "3229",
      "title": "3229",
      "difficulty": 0,
      "pass_rate": 0,
      "ac_count": 0,
      "url": "https://183.250.108.194:500/OnlineJudge/problem_show.php?id=3229"
    },
    {
      "id": "3230",
      "title": "3230",
      "difficulty": 0,
      "pass_rate": 0,
      "ac_count": 0,
      "url": "https://183.250.108.194:500/OnlineJudge/problem_show.php?id=3230"
    },
    {
      "id": "3231",
      "title": "3231",
      "difficulty": 0,
      "pass_rate": 0,
      "ac_count": 0,
      "url": "https://183.250.108.194:500/OnlineJudge/problem_show.php?id=3231"
    },
    {
      "id": "3233",
      "title": "3233",
      "difficulty": 0,
      "pass_rate": 0,
      "ac_count": 0,
      "url": "https://183.250.108.194:500/OnlineJudge/problem_show.php?id=3233"
    },
    {
      "id": "3234",
      "title": "3234",
      "difficulty": 0,
      "pass_rate": 0,
      "ac_count": 0,
      "url": "https://183.250.108.194:500/OnlineJudge/problem_show.php?id=3234"
    },
    {
      "id": "3251",
      "title": "3251",
      "difficulty": 0,
      "pass_rate": 0,
      "ac_count": 0,
      "url": "https://183.250.108.194:500/OnlineJudge/problem_show.php?id=3251"
    },
    {
      "id": "3258",
      "title": "3258",
      "difficulty": 0,
      "pass_rate": 0,
      "ac_count": 0,
      "url": "https://183.250.108.194:500/OnlineJudge/problem_show.php?id=3258"
    },
    {
      "id": "3263",
      "title": "3263",
      "difficulty": 0,
      "pass_rate": 0,
      "ac_count": 0,
      "url": "https://183.250.108.194:500/OnlineJudge/problem_show.php?id=3263"
    },
    {
      "id": "3271",
      "title": "3271",
      "difficulty": 0,
      "pass_rate": 0,
      "ac_count": 0,
      "url": "https://183.250.108.194:500/OnlineJudge/problem_show.php?id=3271"
    },
    {
      "id": "3293",
      "title": "3293",
      "difficulty": 0,
      "pass_rate": 0,
      "ac_count": 0,
      "url": "https://183.250.108.194:500/OnlineJudge/problem_show.php?id=3293"
    },
    {
      "id": "3303",
      "title": "3303",
      "difficulty": 0,
      "pass_rate": 0,
      "ac_count": 0,
      "url": "https://183.250.108.194:500/OnlineJudge/problem_show.php?id=3303"
    },
    {
      "id": "3319",
      "title": "3319",
      "difficulty": 0,
      "pass_rate": 0,
      "ac_count": 0,
      "url": "https://183.250.108.194:500/OnlineJudge/problem_show.php?id=3319"
    },
    {
      "id": "3333",
      "title": "3333",
      "difficulty": 0,
      "pass_rate": 0,
      "ac_count": 0,
      "url": "https://183.250.108.194:500/OnlineJudge/problem_show.php?id=3333"
    },
    {
      "id": "3346",
      "title": "3346",
      "difficulty": 0,
      "pass_rate": 0,
      "ac_count": 0,
      "url": "https://183.250.108.194:500/OnlineJudge/problem_show.php?id=3346"
    },
    {
      "id": "3347",
      "title": "3347",
      "difficulty": 0,
      "pass_rate": 0,
      "ac_count": 0,
      "url": "https://183.250.108.194:500/OnlineJudge/problem_show.php?id=3347"
    },
    {
      "id": "3349",
      "title": "3349",
      "difficulty": 0,
      "pass_rate": 0,
      "ac_count": 0,
      "url": "https://183.250.108.194:500/OnlineJudge/problem_show.php?id=3349"
    },
    {
      "id": "3352",
      "title": "3352",
      "difficulty": 0,
      "pass_rate": 0,
      "ac_count": 0,
      "url": "https://183.250.108.194:500/OnlineJudge/problem_show.php?id=3352"
    },
    {
      "id": "3391",
      "title": "3391",
      "difficulty": 0,
      "pass_rate": 0,
      "ac_count": 0,
      "url": "https://183.250.108.194:500/OnlineJudge/problem_show.php?id=3391"
    },
    {
      "id": "3395",
      "title": "3395",
      "difficulty": 0,
      "pass_rate": 0,
      "ac_count": 0,
      "url": "https://183.250.108.194:500/OnlineJudge/problem_show.php?id=3395"
    },
    {
      "id": "3411",
      "title": "3411",
      "difficulty": 0,
      "pass_rate": 0,
      "ac_count": 0,
      "url": "https://183.250.108.194:500/OnlineJudge/problem_show.php?id=3411"
    },
    {
      "id": "3416",
      "title": "3416",
      "difficulty": 0,
      "pass_rate": 0,
      "ac_count": 0,
      "url": "https://183.250.108.194:500/OnlineJudge/problem_show.php?id=3416"
    },
    {
      "id": "3441",
      "title": "3441",
      "difficulty": 0,
      "pass_rate": 0,
      "ac_count": 0,
      "url": "https://183.250.108.194:500/OnlineJudge/problem_show.php?id=3441"
    },
    {
      "id": "3512",
      "title": "3512",
      "difficulty": 0,
      "pass_rate": 0,
      "ac_count": 0,
      "url": "https://183.250.108.194:500/OnlineJudge/problem_show.php?id=3512"
    },
    {
      "id": "3519",
      "title": "3519",
      "difficulty": 0,
      "pass_rate": 0,
      "ac_count": 0,
      "url": "https://183.250.108.194:500/OnlineJudge/problem_show.php?id=3519"
    },
    {
      "id": "3521",
      "title": "3521",
      "difficulty": 0,
      "pass_rate": 0,
      "ac_count": 0,
      "url": "https://183.250.108.194:500/OnlineJudge/problem_show.php?id=3521"
    },
    {
      "id": "3522",
      "title": "3522",
      "difficulty": 0,
      "pass_rate": 0,
      "ac_count": 0,
      "url": "https://183.250.108.194:500/OnlineJudge/problem_show.php?id=3522"
    },
    {
      "id": "3524",
      "title": "3524",
      "difficulty": 0,
      "pass_rate": 0,
      "ac_count": 0,
      "url": "https://183.250.108.194:500/OnlineJudge/problem_show.php?id=3524"
    },
    {
      "id": "3528",
      "title": "3528",
      "difficulty": 0,
      "pass_rate": 0,
      "ac_count": 0,
      "url": "https://183.250.108.194:500/OnlineJudge/problem_show.php?id=3528"
    },
    {
      "id": "3542",
      "title": "3542",
      "difficulty": 0,
      "pass_rate": 0,
      "ac_count": 0,
      "url": "https://183.250.108.194:500/OnlineJudge/problem_show.php?id=3542"
    },
    {
      "id": "3543",
      "title": "3543",
      "difficulty": 0,
      "pass_rate": 0,
      "ac_count": 0,
      "url": "https://183.250.108.194:500/OnlineJudge/problem_show.php?id=3543"
    },
    {
      "id": "3547",
      "title": "3547",
      "difficulty": 0,
      "pass_rate": 0,
      "ac_count": 0,
      "url": "https://183.250.108.194:500/OnlineJudge/problem_show.php?id=3547"
    },
    {
      "id": "3548",
      "title": "3548",
      "difficulty": 0,
      "pass_rate": 0,
      "ac_count": 0,
      "url": "https://183.250.108.194:500/OnlineJudge/problem_show.php?id=3548"
    },
    {
      "id": "3566",
      "title": "3566",
      "difficulty": 0,
      "pass_rate": 0,
      "ac_count": 0,
      "url": "https://183.250.108.194:500/OnlineJudge/problem_show.php?id=3566"
    },
    {
      "id": "3615",
      "title": "3615",
      "difficulty": 0,
      "pass_rate": 0,
      "ac_count": 0,
      "url": "https://183.250.108.194:500/OnlineJudge/problem_show.php?id=3615"
    },
    {
      "id": "3616",
      "title": "3616",
      "difficulty": 0,
      "pass_rate": 0,
      "ac_count": 0,
      "url": "https://183.250.108.194:500/OnlineJudge/problem_show.php?id=3616"
    },
    {
      "id": "3643",
      "title": "3643",
      "difficulty": 0,
      "pass_rate": 0,
      "ac_count": 0,
      "url": "https://183.250.108.194:500/OnlineJudge/problem_show.php?id=3643"
    },
    {
      "id": "3644",
      "title": "3644",
      "difficulty": 0,
      "pass_rate": 0,
      "ac_count": 0,
      "url": "https://183.250.108.194:500/OnlineJudge/problem_show.php?id=3644"
    },
    {
      "id": "3658",
      "title": "3658",
      "difficulty": 0,
      "pass_rate": 0,
      "ac_count": 0,
      "url": "https://183.250.108.194:500/OnlineJudge/problem_show.php?id=3658"
    },
    {
      "id": "3674",
      "title": "3674",
      "difficulty": 0,
      "pass_rate": 0,
      "ac_count": 0,
      "url": "https://183.250.108.194:500/OnlineJudge/problem_show.php?id=3674"
    },
    {
      "id": "3702",
      "title": "3702",
      "difficulty": 0,
      "pass_rate": 0,
      "ac_count": 0,
      "url": "https://183.250.108.194:500/OnlineJudge/problem_show.php?id=3702"
    },
    {
      "id": "3721",
      "title": "3721",
      "difficulty": 0,
      "pass_rate": 0,
      "ac_count": 0,
      "url": "https://183.250.108.194:500/OnlineJudge/problem_show.php?id=3721"
    },
    {
      "id": "3754",
      "title": "3754",
      "difficulty": 0,
      "pass_rate": 0,
      "ac_count": 0,
      "url": "https://183.250.108.194:500/OnlineJudge/problem_show.php?id=3754"
    },
    {
      "id": "3768",
      "title": "3768",
      "difficulty": 0,
      "pass_rate": 0,
      "ac_count": 0,
      "url": "https://183.250.108.194:500/OnlineJudge/problem_show.php?id=3768"
    },
    {
      "id": "3769",
      "title": "3769",
      "difficulty": 0,
      "pass_rate": 0,
      "ac_count": 0,
      "url": "https://183.250.108.194:500/OnlineJudge/problem_show.php?id=3769"
    },
    {
      "id": "3770",
      "title": "3770",
      "difficulty": 0,
      "pass_rate": 0,
      "ac_count": 0,
      "url": "https://183.250.108.194:500/OnlineJudge/problem_show.php?id=3770"
    },
    {
      "id": "3819",
      "title": "3819",
      "difficulty": 0,
      "pass_rate": 0,
      "ac_count": 0,
      "url": "https://183.250.108.194:500/OnlineJudge/problem_show.php?id=3819"
    },
    {
      "id": "3843",
      "title": "3843",
      "difficulty": 0,
      "pass_rate": 0,
      "ac_count": 0,
      "url": "https://183.250.108.194:500/OnlineJudge/problem_show.php?id=3843"
    },
    {
      "id": "3859",
      "title": "3859",
      "difficulty": 0,
      "pass_rate": 0,
      "ac_count": 0,
      "url": "https://183.250.108.194:500/OnlineJudge/problem_show.php?id=3859"
    },
    {
      "id": "3872",
      "title": "3872",
      "difficulty": 0,
      "pass_rate": 0,
      "ac_count": 0,
      "url": "https://183.250.108.194:500/OnlineJudge/problem_show.php?id=3872"
    },
    {
      "id": "3873",
      "title": "3873",
      "difficulty": 0,
      "pass_rate": 0,
      "ac_count": 0,
      "url": "https://183.250.108.194:500/OnlineJudge/problem_show.php?id=3873"
    },
    {
      "id": "3893",
      "title": "3893",
      "difficulty": 0,
      "pass_rate": 0,
      "ac_count": 0,
      "url": "https://183.250.108.194:500/OnlineJudge/problem_show.php?id=3893"
    },
    {
      "id": "3904",
      "title": "3904",
      "difficulty": 0,
      "pass_rate": 0,
      "ac_count": 0,
      "url": "https://183.250.108.194:500/OnlineJudge/problem_show.php?id=3904"
    },
    {
      "id": "3940",
      "title": "3940",
      "difficulty": 0,
      "pass_rate": 0,
      "ac_count": 0,
      "url": "https://183.250.108.194:500/OnlineJudge/problem_show.php?id=3940"
    },
    {
      "id": "3971",
      "title": "3971",
      "difficulty": 0,
      "pass_rate": 0,
      "ac_count": 0,
      "url": "https://183.250.108.194:500/OnlineJudge/problem_show.php?id=3971"
    },
    {
      "id": "3993",
      "title": "3993",
      "difficulty": 0,
      "pass_rate": 0,
      "ac_count": 0,
      "url": "https://183.250.108.194:500/OnlineJudge/problem_show.php?id=3993"
    },
    {
      "id": "3996",
      "title": "3996",
      "difficulty": 0,
      "pass_rate": 0,
      "ac_count": 0,
      "url": "https://183.250.108.194:500/OnlineJudge/problem_show.php?id=3996"
    },
    {
      "id": "4064",
      "title": "4064",
      "difficulty": 0,
      "pass_rate": 0,
      "ac_count": 0,
      "url": "https://183.250.108.194:500/OnlineJudge/problem_show.php?id=4064"
    },
    {
      "id": "4067",
      "title": "4067",
      "difficulty": 0,
      "pass_rate": 0,
      "ac_count": 0,
      "url": "https://183.250.108.194:500/OnlineJudge/problem_show.php?id=4067"
    },
    {
      "id": "4079",
      "title": "4079",
      "difficulty": 0,
      "pass_rate": 0,
      "ac_count": 0,
      "url": "https://183.250.108.194:500/OnlineJudge/problem_show.php?id=4079"
    },
    {
      "id": "4096",
      "title": "4096",
      "difficulty": 0,
      "pass_rate": 0,
      "ac_count": 0,
      "url": "https://183.250.108.194:500/OnlineJudge/problem_show.php?id=4096"
    },
    {
      "id": "4117",
      "title": "4117",
      "difficulty": 0,
      "pass_rate": 0,
      "ac_count": 0,
      "url": "https://183.250.108.194:500/OnlineJudge/problem_show.php?id=4117"
    },
    {
      "id": "4118",
      "title": "4118",
      "difficulty": 0,
      "pass_rate": 0,
      "ac_count": 0,
      "url": "https://183.250.108.194:500/OnlineJudge/problem_show.php?id=4118"
    },
    {
      "id": "4126",
      "title": "4126",
      "difficulty": 0,
      "pass_rate": 0,
      "ac_count": 0,
      "url": "https://183.250.108.194:500/OnlineJudge/problem_show.php?id=4126"
    },
    {
      "id": "4127",
      "title": "4127",
      "difficulty": 0,
      "pass_rate": 0,
      "ac_count": 0,
      "url": "https://183.250.108.194:500/OnlineJudge/problem_show.php?id=4127"
    },
    {
      "id": "4138",
      "title": "4138",
      "difficulty": 0,
      "pass_rate": 0,
      "ac_count": 0,
      "url": "https://183.250.108.194:500/OnlineJudge/problem_show.php?id=4138"
    },
    {
      "id": "4207",
      "title": "4207",
      "difficulty": 0,
      "pass_rate": 0,
      "ac_count": 0,
      "url": "https://183.250.108.194:500/OnlineJudge/problem_show.php?id=4207"
    },
    {
      "id": "4217",
      "title": "4217",
      "difficulty": 0,
      "pass_rate": 0,
      "ac_count": 0,
      "url": "https://183.250.108.194:500/OnlineJudge/problem_show.php?id=4217"
    },
    {
      "id": "4255",
      "title": "4255",
      "difficulty": 0,
      "pass_rate": 0,
      "ac_count": 0,
      "url": "https://183.250.108.194:500/OnlineJudge/problem_show.php?id=4255"
    },
    {
      "id": "4313",
      "title": "4313",
      "difficulty": 0,
      "pass_rate": 0,
      "ac_count": 0,
      "url": "https://183.250.108.194:500/OnlineJudge/problem_show.php?id=4313"
    },
    {
      "id": "4315",
      "title": "4315",
      "difficulty": 0,
      "pass_rate": 0,
      "ac_count": 0,
      "url": "https://183.250.108.194:500/OnlineJudge/problem_show.php?id=4315"
    },
    {
      "id": "4331",
      "title": "4331",
      "difficulty": 0,
      "pass_rate": 0,
      "ac_count": 0,
      "url": "https://183.250.108.194:500/OnlineJudge/problem_show.php?id=4331"
    },
    {
      "id": "4347",
      "title": "4347",
      "difficulty": 0,
      "pass_rate": 0,
      "ac_count": 0,
      "url": "https://183.250.108.194:500/OnlineJudge/problem_show.php?id=4347"
    },
    {
      "id": "4382",
      "title": "4382",
      "difficulty": 0,
      "pass_rate": 0,
      "ac_count": 0,
      "url": "https://183.250.108.194:500/OnlineJudge/problem_show.php?id=4382"
    },
    {
      "id": "4383",
      "title": "4383",
      "difficulty": 0,
      "pass_rate": 0,
      "ac_count": 0,
      "url": "https://183.250.108.194:500/OnlineJudge/problem_show.php?id=4383"
    },
    {
      "id": "4438",
      "title": "4438",
      "difficulty": 0,
      "pass_rate": 0,
      "ac_count": 0,
      "url": "https://183.250.108.194:500/OnlineJudge/problem_show.php?id=4438"
    },
    {
      "id": "4440",
      "title": "4440",
      "difficulty": 0,
      "pass_rate": 0,
      "ac_count": 0,
      "url": "https://183.250.108.194:500/OnlineJudge/problem_show.php?id=4440"
    },
    {
      "id": "4488",
      "title": "4488",
      "difficulty": 0,
      "pass_rate": 0,
      "ac_count": 0,
      "url": "https://183.250.108.194:500/OnlineJudge/problem_show.php?id=4488"
    },
    {
      "id": "4546",
      "title": "4546",
      "difficulty": 0,
      "pass_rate": 0,
      "ac_count": 0,
      "url": "https://183.250.108.194:500/OnlineJudge/problem_show.php?id=4546"
    },
    {
      "id": "4574",
      "title": "4574",
      "difficulty": 0,
      "pass_rate": 0,
      "ac_count": 0,
      "url": "https://183.250.108.194:500/OnlineJudge/problem_show.php?id=4574"
    },
    {
      "id": "4580",
      "title": "4580",
      "difficulty": 0,
      "pass_rate": 0,
      "ac_count": 0,
      "url": "https://183.250.108.194:500/OnlineJudge/problem_show.php?id=4580"
    },
    {
      "id": "4581",
      "title": "4581",
      "difficulty": 0,
      "pass_rate": 0,
      "ac_count": 0,
      "url": "https://183.250.108.194:500/OnlineJudge/problem_show.php?id=4581"
    },
    {
      "id": "4582",
      "title": "4582",
      "difficulty": 0,
      "pass_rate": 0,
      "ac_count": 0,
      "url": "https://183.250.108.194:500/OnlineJudge/problem_show.php?id=4582"
    },
    {
      "id": "4584",
      "title": "4584",
      "difficulty": 0,
      "pass_rate": 0,
      "ac_count": 0,
      "url": "https://183.250.108.194:500/OnlineJudge/problem_show.php?id=4584"
    },
    {
      "id": "4585",
      "title": "4585",
      "difficulty": 0,
      "pass_rate": 0,
      "ac_count": 0,
      "url": "https://183.250.108.194:500/OnlineJudge/problem_show.php?id=4585"
    },
    {
      "id": "4588",
      "title": "4588",
      "difficulty": 0,
      "pass_rate": 0,
      "ac_count": 0,
      "url": "https://183.250.108.194:500/OnlineJudge/problem_show.php?id=4588"
    },
    {
      "id": "4589",
      "title": "4589",
      "difficulty": 0,
      "pass_rate": 0,
      "ac_count": 0,
      "url": "https://183.250.108.194:500/OnlineJudge/problem_show.php?id=4589"
    },
    {
      "id": "4590",
      "title": "4590",
      "difficulty": 0,
      "pass_rate": 0,
      "ac_count": 0,
      "url": "https://183.250.108.194:500/OnlineJudge/problem_show.php?id=4590"
    },
    {
      "id": "4591",
      "title": "4591",
      "difficulty": 0,
      "pass_rate": 0,
      "ac_count": 0,
      "url": "https://183.250.108.194:500/OnlineJudge/problem_show.php?id=4591"
    },
    {
      "id": "4592",
      "title": "4592",
      "difficulty": 0,
      "pass_rate": 0,
      "ac_count": 0,
      "url": "https://183.250.108.194:500/OnlineJudge/problem_show.php?id=4592"
    },
    {
      "id": "4624",
      "title": "4624",
      "difficulty": 0,
      "pass_rate": 0,
      "ac_count": 0,
      "url": "https://183.250.108.194:500/OnlineJudge/problem_show.php?id=4624"
    },
    {
      "id": "4631",
      "title": "4631",
      "difficulty": 0,
      "pass_rate": 0,
      "ac_count": 0,
      "url": "https://183.250.108.194:500/OnlineJudge/problem_show.php?id=4631"
    },
    {
      "id": "4633",
      "title": "4633",
      "difficulty": 0,
      "pass_rate": 0,
      "ac_count": 0,
      "url": "https://183.250.108.194:500/OnlineJudge/problem_show.php?id=4633"
    },
    {
      "id": "4640",
      "title": "4640",
      "difficulty": 0,
      "pass_rate": 0,
      "ac_count": 0,
      "url": "https://183.250.108.194:500/OnlineJudge/problem_show.php?id=4640"
    },
    {
      "id": "4649",
      "title": "4649",
      "difficulty": 0,
      "pass_rate": 0,
      "ac_count": 0,
      "url": "https://183.250.108.194:500/OnlineJudge/problem_show.php?id=4649"
    },
    {
      "id": "4662",
      "title": "4662",
      "difficulty": 0,
      "pass_rate": 0,
      "ac_count": 0,
      "url": "https://183.250.108.194:500/OnlineJudge/problem_show.php?id=4662"
    },
    {
      "id": "4682",
      "title": "4682",
      "difficulty": 0,
      "pass_rate": 0,
      "ac_count": 0,
      "url": "https://183.250.108.194:500/OnlineJudge/problem_show.php?id=4682"
    },
    {
      "id": "4683",
      "title": "4683",
      "difficulty": 0,
      "pass_rate": 0,
      "ac_count": 0,
      "url": "https://183.250.108.194:500/OnlineJudge/problem_show.php?id=4683"
    },
    {
      "id": "4684",
      "title": "4684",
      "difficulty": 0,
      "pass_rate": 0,
      "ac_count": 0,
      "url": "https://183.250.108.194:500/OnlineJudge/problem_show.php?id=4684"
    },
    {
      "id": "4685",
      "title": "4685",
      "difficulty": 0,
      "pass_rate": 0,
      "ac_count": 0,
      "url": "https://183.250.108.194:500/OnlineJudge/problem_show.php?id=4685"
    },
    {
      "id": "4686",
      "title": "4686",
      "difficulty": 0,
      "pass_rate": 0,
      "ac_count": 0,
      "url": "https://183.250.108.194:500/OnlineJudge/problem_show.php?id=4686"
    },
    {
      "id": "4688",
      "title": "4688",
      "difficulty": 0,
      "pass_rate": 0,
      "ac_count": 0,
      "url": "https://183.250.108.194:500/OnlineJudge/problem_show.php?id=4688"
    },
    {
      "id": "4696",
      "title": "4696",
      "difficulty": 0,
      "pass_rate": 0,
      "ac_count": 0,
      "url": "https://183.250.108.194:500/OnlineJudge/problem_show.php?id=4696"
    },
    {
      "id": "4706",
      "title": "4706",
      "difficulty": 0,
      "pass_rate": 0,
      "ac_count": 0,
      "url": "https://183.250.108.194:500/OnlineJudge/problem_show.php?id=4706"
    },
    {
      "id": "4727",
      "title": "4727",
      "difficulty": 0,
      "pass_rate": 0,
      "ac_count": 0,
      "url": "https://183.250.108.194:500/OnlineJudge/problem_show.php?id=4727"
    },
    {
      "id": "4728",
      "title": "4728",
      "difficulty": 0,
      "pass_rate": 0,
      "ac_count": 0,
      "url": "https://183.250.108.194:500/OnlineJudge/problem_show.php?id=4728"
    },
    {
      "id": "4735",
      "title": "4735",
      "difficulty": 0,
      "pass_rate": 0,
      "ac_count": 0,
      "url": "https://183.250.108.194:500/OnlineJudge/problem_show.php?id=4735"
    },
    {
      "id": "4783",
      "title": "4783",
      "difficulty": 0,
      "pass_rate": 0,
      "ac_count": 0,
      "url": "https://183.250.108.194:500/OnlineJudge/problem_show.php?id=4783"
    },
    {
      "id": "4785",
      "title": "4785",
      "difficulty": 0,
      "pass_rate": 0,
      "ac_count": 0,
      "url": "https://183.250.108.194:500/OnlineJudge/problem_show.php?id=4785"
    },
    {
      "id": "4786",
      "title": "4786",
      "difficulty": 0,
      "pass_rate": 0,
      "ac_count": 0,
      "url": "https://183.250.108.194:500/OnlineJudge/problem_show.php?id=4786"
    },
    {
      "id": "4792",
      "title": "4792",
      "difficulty": 0,
      "pass_rate": 0,
      "ac_count": 0,
      "url": "https://183.250.108.194:500/OnlineJudge/problem_show.php?id=4792"
    },
    {
      "id": "4843",
      "title": "4843",
      "difficulty": 0,
      "pass_rate": 0,
      "ac_count": 0,
      "url": "https://183.250.108.194:500/OnlineJudge/problem_show.php?id=4843"
    },
    {
      "id": "4858",
      "title": "4858",
      "difficulty": 0,
      "pass_rate": 0,
      "ac_count": 0,
      "url": "https://183.250.108.194:500/OnlineJudge/problem_show.php?id=4858"
    },
    {
      "id": "4860",
      "title": "4860",
      "difficulty": 0,
      "pass_rate": 0,
      "ac_count": 0,
      "url": "https://183.250.108.194:500/OnlineJudge/problem_show.php?id=4860"
    },
    {
      "id": "4864",
      "title": "4864",
      "difficulty": 0,
      "pass_rate": 0,
      "ac_count": 0,
      "url": "https://183.250.108.194:500/OnlineJudge/problem_show.php?id=4864"
    },
    {
      "id": "5007",
      "title": "5007",
      "difficulty": 0,
      "pass_rate": 0,
      "ac_count": 0,
      "url": "https://183.250.108.194:500/OnlineJudge/problem_show.php?id=5007"
    },
    {
      "id": "5008",
      "title": "5008",
      "difficulty": 0,
      "pass_rate": 0,
      "ac_count": 0,
      "url": "https://183.250.108.194:500/OnlineJudge/problem_show.php?id=5008"
    },
    {
      "id": "5015",
      "title": "5015",
      "difficulty": 0,
      "pass_rate": 0,
      "ac_count": 0,
      "url": "https://183.250.108.194:500/OnlineJudge/problem_show.php?id=5015"
    },
    {
      "id": "5052",
      "title": "5052",
      "difficulty": 0,
      "pass_rate": 0,
      "ac_count": 0,
      "url": "https://183.250.108.194:500/OnlineJudge/problem_show.php?id=5052"
    },
    {
      "id": "5053",
      "title": "5053",
      "difficulty": 0,
      "pass_rate": 0,
      "ac_count": 0,
      "url": "https://183.250.108.194:500/OnlineJudge/problem_show.php?id=5053"
    },
    {
      "id": "5069",
      "title": "5069",
      "difficulty": 0,
      "pass_rate": 0,
      "ac_count": 0,
      "url": "https://183.250.108.194:500/OnlineJudge/problem_show.php?id=5069"
    },
    {
      "id": "5073",
      "title": "5073",
      "difficulty": 0,
      "pass_rate": 0,
      "ac_count": 0,
      "url": "https://183.250.108.194:500/OnlineJudge/problem_show.php?id=5073"
    },
    {
      "id": "5089",
      "title": "5089",
      "difficulty": 0,
      "pass_rate": 0,
      "ac_count": 0,
      "url": "https://183.250.108.194:500/OnlineJudge/problem_show.php?id=5089"
    },
    {
      "id": "5100",
      "title": "5100",
      "difficulty": 0,
      "pass_rate": 0,
      "ac_count": 0,
      "url": "https://183.250.108.194:500/OnlineJudge/problem_show.php?id=5100"
    },
    {
      "id": "5190",
      "title": "5190",
      "difficulty": 0,
      "pass_rate": 0,
      "ac_count": 0,
      "url": "https://183.250.108.194:500/OnlineJudge/problem_show.php?id=5190"
    },
    {
      "id": "5292",
      "title": "5292",
      "difficulty": 0,
      "pass_rate": 0,
      "ac_count": 0,
      "url": "https://183.250.108.194:500/OnlineJudge/problem_show.php?id=5292"
    },
    {
      "id": "5293",
      "title": "5293",
      "difficulty": 0,
      "pass_rate": 0,
      "ac_count": 0,
      "url": "https://183.250.108.194:500/OnlineJudge/problem_show.php?id=5293"
    },
    {
      "id": "5310",
      "title": "5310",
      "difficulty": 0,
      "pass_rate": 0,
      "ac_count": 0,
      "url": "https://183.250.108.194:500/OnlineJudge/problem_show.php?id=5310"
    },
    {
      "id": "5363",
      "title": "5363",
      "difficulty": 0,
      "pass_rate": 0,
      "ac_count": 0,
      "url": "https://183.250.108.194:500/OnlineJudge/problem_show.php?id=5363"
    },
    {
      "id": "5393",
      "title": "5393",
      "difficulty": 0,
      "pass_rate": 0,
      "ac_count": 0,
      "url": "https://183.250.108.194:500/OnlineJudge/problem_show.php?id=5393"
    },
    {
      "id": "5399",
      "title": "5399",
      "difficulty": 0,
      "pass_rate": 0,
      "ac_count": 0,
      "url": "https://183.250.108.194:500/OnlineJudge/problem_show.php?id=5399"
    },
    {
      "id": "5400",
      "title": "5400",
      "difficulty": 0,
      "pass_rate": 0,
      "ac_count": 0,
      "url": "https://183.250.108.194:500/OnlineJudge/problem_show.php?id=5400"
    },
    {
      "id": "5406",
      "title": "5406",
      "difficulty": 0,
      "pass_rate": 0,
      "ac_count": 0,
      "url": "https://183.250.108.194:500/OnlineJudge/problem_show.php?id=5406"
    },
    {
      "id": "5411",
      "title": "5411",
      "difficulty": 0,
      "pass_rate": 0,
      "ac_count": 0,
      "url": "https://183.250.108.194:500/OnlineJudge/problem_show.php?id=5411"
    },
    {
      "id": "5417",
      "title": "5417",
      "difficulty": 0,
      "pass_rate": 0,
      "ac_count": 0,
      "url": "https://183.250.108.194:500/OnlineJudge/problem_show.php?id=5417"
    },
    {
      "id": "5425",
      "title": "5425",
      "difficulty": 0,
      "pass_rate": 0,
      "ac_count": 0,
      "url": "https://183.250.108.194:500/OnlineJudge/problem_show.php?id=5425"
    },
    {
      "id": "5431",
      "title": "5431",
      "difficulty": 0,
      "pass_rate": 0,
      "ac_count": 0,
      "url": "https://183.250.108.194:500/OnlineJudge/problem_show.php?id=5431"
    },
    {
      "id": "5434",
      "title": "5434",
      "difficulty": 0,
      "pass_rate": 0,
      "ac_count": 0,
      "url": "https://183.250.108.194:500/OnlineJudge/problem_show.php?id=5434"
    },
    {
      "id": "5465",
      "title": "5465",
      "difficulty": 0,
      "pass_rate": 0,
      "ac_count": 0,
      "url": "https://183.250.108.194:500/OnlineJudge/problem_show.php?id=5465"
    },
    {
      "id": "5470",
      "title": "5470",
      "difficulty": 0,
      "pass_rate": 0,
      "ac_count": 0,
      "url": "https://183.250.108.194:500/OnlineJudge/problem_show.php?id=5470"
    },
    {
      "id": "5518",
      "title": "5518",
      "difficulty": 0,
      "pass_rate": 0,
      "ac_count": 0,
      "url": "https://183.250.108.194:500/OnlineJudge/problem_show.php?id=5518"
    },
    {
      "id": "5589",
      "title": "5589",
      "difficulty": 0,
      "pass_rate": 0,
      "ac_count": 0,
      "url": "https://183.250.108.194:500/OnlineJudge/problem_show.php?id=5589"
    },
    {
      "id": "5596",
      "title": "5596",
      "difficulty": 0,
      "pass_rate": 0,
      "ac_count": 0,
      "url": "https://183.250.108.194:500/OnlineJudge/problem_show.php?id=5596"
    },
    {
      "id": "5672",
      "title": "5672",
      "difficulty": 0,
      "pass_rate": 0,
      "ac_count": 0,
      "url": "https://183.250.108.194:500/OnlineJudge/problem_show.php?id=5672"
    },
    {
      "id": "5828",
      "title": "5828",
      "difficulty": 0,
      "pass_rate": 0,
      "ac_count": 0,
      "url": "https://183.250.108.194:500/OnlineJudge/problem_show.php?id=5828"
    },
    {
      "id": "5829",
      "title": "5829",
      "difficulty": 0,
      "pass_rate": 0,
      "ac_count": 0,
      "url": "https://183.250.108.194:500/OnlineJudge/problem_show.php?id=5829"
    },
    {
      "id": "5855",
      "title": "5855",
      "difficulty": 0,
      "pass_rate": 0,
      "ac_count": 0,
      "url": "https://183.250.108.194:500/OnlineJudge/problem_show.php?id=5855"
    },
    {
      "id": "5885",
      "title": "5885",
      "difficulty": 0,
      "pass_rate": 0,
      "ac_count": 0,
      "url": "https://183.250.108.194:500/OnlineJudge/problem_show.php?id=5885"
    },
    {
      "id": "5904",
      "title": "5904",
      "difficulty": 0,
      "pass_rate": 0,
      "ac_count": 0,
      "url": "https://183.250.108.194:500/OnlineJudge/problem_show.php?id=5904"
    },
    {
      "id": "5942",
      "title": "5942",
      "difficulty": 0,
      "pass_rate": 0,
      "ac_count": 0,
      "url": "https://183.250.108.194:500/OnlineJudge/problem_show.php?id=5942"
    },
    {
      "id": "5943",
      "title": "5943",
      "difficulty": 0,
      "pass_rate": 0,
      "ac_count": 0,
      "url": "https://183.250.108.194:500/OnlineJudge/problem_show.php?id=5943"
    },
    {
      "id": "5944",
      "title": "5944",
      "difficulty": 0,
      "pass_rate": 0,
      "ac_count": 0,
      "url": "https://183.250.108.194:500/OnlineJudge/problem_show.php?id=5944"
    },
    {
      "id": "5946",
      "title": "5946",
      "difficulty": 0,
      "pass_rate": 0,
      "ac_count": 0,
      "url": "https://183.250.108.194:500/OnlineJudge/problem_show.php?id=5946"
    },
    {
      "id": "5947",
      "title": "5947",
      "difficulty": 0,
      "pass_rate": 0,
      "ac_count": 0,
      "url": "https://183.250.108.194:500/OnlineJudge/problem_show.php?id=5947"
    },
    {
      "id": "5948",
      "title": "5948",
      "difficulty": 0,
      "pass_rate": 0,
      "ac_count": 0,
      "url": "https://183.250.108.194:500/OnlineJudge/problem_show.php?id=5948"
    },
    {
      "id": "5978",
      "title": "5978",
      "difficulty": 0,
      "pass_rate": 0,
      "ac_count": 0,
      "url": "https://183.250.108.194:500/OnlineJudge/problem_show.php?id=5978"
    },
    {
      "id": "6103",
      "title": "6103",
      "difficulty": 0,
      "pass_rate": 0,
      "ac_count": 0,
      "url": "https://183.250.108.194:500/OnlineJudge/problem_show.php?id=6103"
    },
    {
      "id": "6108",
      "title": "6108",
      "difficulty": 0,
      "pass_rate": 0,
      "ac_count": 0,
      "url": "https://183.250.108.194:500/OnlineJudge/problem_show.php?id=6108"
    },
    {
      "id": "6218",
      "title": "6218",
      "difficulty": 0,
      "pass_rate": 0,
      "ac_count": 0,
      "url": "https://183.250.108.194:500/OnlineJudge/problem_show.php?id=6218"
    },
    {
      "id": "6240",
      "title": "6240",
      "difficulty": 0,
      "pass_rate": 0,
      "ac_count": 0,
      "url": "https://183.250.108.194:500/OnlineJudge/problem_show.php?id=6240"
    },
    {
      "id": "6241",
      "title": "6241",
      "difficulty": 0,
      "pass_rate": 0,
      "ac_count": 0,
      "url": "https://183.250.108.194:500/OnlineJudge/problem_show.php?id=6241"
    },
    {
      "id": "6249",
      "title": "6249",
      "difficulty": 0,
      "pass_rate": 0,
      "ac_count": 0,
      "url": "https://183.250.108.194:500/OnlineJudge/problem_show.php?id=6249"
    },
    {
      "id": "6252",
      "title": "6252",
      "difficulty": 0,
      "pass_rate": 0,
      "ac_count": 0,
      "url": "https://183.250.108.194:500/OnlineJudge/problem_show.php?id=6252"
    },
    {
      "id": "6253",
      "title": "6253",
      "difficulty": 0,
      "pass_rate": 0,
      "ac_count": 0,
      "url": "https://183.250.108.194:500/OnlineJudge/problem_show.php?id=6253"
    },
    {
      "id": "6254",
      "title": "6254",
      "difficulty": 0,
      "pass_rate": 0,
      "ac_count": 0,
      "url": "https://183.250.108.194:500/OnlineJudge/problem_show.php?id=6254"
    },
    {
      "id": "6267",
      "title": "6267",
      "difficulty": 0,
      "pass_rate": 0,
      "ac_count": 0,
      "url": "https://183.250.108.194:500/OnlineJudge/problem_show.php?id=6267"
    },
    {
      "id": "6271",
      "title": "6271",
      "difficulty": 0,
      "pass_rate": 0,
      "ac_count": 0,
      "url": "https://183.250.108.194:500/OnlineJudge/problem_show.php?id=6271"
    },
    {
      "id": "6272",
      "title": "6272",
      "difficulty": 0,
      "pass_rate": 0,
      "ac_count": 0,
      "url": "https://183.250.108.194:500/OnlineJudge/problem_show.php?id=6272"
    },
    {
      "id": "6273",
      "title": "6273",
      "difficulty": 0,
      "pass_rate": 0,
      "ac_count": 0,
      "url": "https://183.250.108.194:500/OnlineJudge/problem_show.php?id=6273"
    },
    {
      "id": "6274",
      "title": "6274",
      "difficulty": 0,
      "pass_rate": 0,
      "ac_count": 0,
      "url": "https://183.250.108.194:500/OnlineJudge/problem_show.php?id=6274"
    },
    {
      "id": "6402",
      "title": "6402",
      "difficulty": 0,
      "pass_rate": 0,
      "ac_count": 0,
      "url": "https://183.250.108.194:500/OnlineJudge/problem_show.php?id=6402"
    },
    {
      "id": "6403",
      "title": "6403",
      "difficulty": 0,
      "pass_rate": 0,
      "ac_count": 0,
      "url": "https://183.250.108.194:500/OnlineJudge/problem_show.php?id=6403"
    },
    {
      "id": "6413",
      "title": "6413",
      "difficulty": 0,
      "pass_rate": 0,
      "ac_count": 0,
      "url": "https://183.250.108.194:500/OnlineJudge/problem_show.php?id=6413"
    },
    {
      "id": "6414",
      "title": "6414",
      "difficulty": 0,
      "pass_rate": 0,
      "ac_count": 0,
      "url": "https://183.250.108.194:500/OnlineJudge/problem_show.php?id=6414"
    },
    {
      "id": "6415",
      "title": "6415",
      "difficulty": 0,
      "pass_rate": 0,
      "ac_count": 0,
      "url": "https://183.250.108.194:500/OnlineJudge/problem_show.php?id=6415"
    },
    {
      "id": "6428",
      "title": "6428",
      "difficulty": 0,
      "pass_rate": 0,
      "ac_count": 0,
      "url": "https://183.250.108.194:500/OnlineJudge/problem_show.php?id=6428"
    },
    {
      "id": "6429",
      "title": "6429",
      "difficulty": 0,
      "pass_rate": 0,
      "ac_count": 0,
      "url": "https://183.250.108.194:500/OnlineJudge/problem_show.php?id=6429"
    },
    {
      "id": "6456",
      "title": "6456",
      "difficulty": 0,
      "pass_rate": 0,
      "ac_count": 0,
      "url": "https://183.250.108.194:500/OnlineJudge/problem_show.php?id=6456"
    },
    {
      "id": "6457",
      "title": "6457",
      "difficulty": 0,
      "pass_rate": 0,
      "ac_count": 0,
      "url": "https://183.250.108.194:500/OnlineJudge/problem_show.php?id=6457"
    },
    {
      "id": "6458",
      "title": "6458",
      "difficulty": 0,
      "pass_rate": 0,
      "ac_count": 0,
      "url": "https://183.250.108.194:500/OnlineJudge/problem_show.php?id=6458"
    },
    {
      "id": "6460",
      "title": "6460",
      "difficulty": 0,
      "pass_rate": 0,
      "ac_count": 0,
      "url": "https://183.250.108.194:500/OnlineJudge/problem_show.php?id=6460"
    },
    {
      "id": "6465",
      "title": "6465",
      "difficulty": 0,
      "pass_rate": 0,
      "ac_count": 0,
      "url": "https://183.250.108.194:500/OnlineJudge/problem_show.php?id=6465"
    },
    {
      "id": "6469",
      "title": "6469",
      "difficulty": 0,
      "pass_rate": 0,
      "ac_count": 0,
      "url": "https://183.250.108.194:500/OnlineJudge/problem_show.php?id=6469"
    },
    {
      "id": "6477",
      "title": "6477",
      "difficulty": 0,
      "pass_rate": 0,
      "ac_count": 0,
      "url": "https://183.250.108.194:500/OnlineJudge/problem_show.php?id=6477"
    },
    {
      "id": "6478",
      "title": "6478",
      "difficulty": 0,
      "pass_rate": 0,
      "ac_count": 0,
      "url": "https://183.250.108.194:500/OnlineJudge/problem_show.php?id=6478"
    },
    {
      "id": "6481",
      "title": "6481",
      "difficulty": 0,
      "pass_rate": 0,
      "ac_count": 0,
      "url": "https://183.250.108.194:500/OnlineJudge/problem_show.php?id=6481"
    },
    {
      "id": "6482",
      "title": "6482",
      "difficulty": 0,
      "pass_rate": 0,
      "ac_count": 0,
      "url": "https://183.250.108.194:500/OnlineJudge/problem_show.php?id=6482"
    },
    {
      "id": "6483",
      "title": "6483",
      "difficulty": 0,
      "pass_rate": 0,
      "ac_count": 0,
      "url": "https://183.250.108.194:500/OnlineJudge/problem_show.php?id=6483"
    },
    {
      "id": "6489",
      "title": "6489",
      "difficulty": 0,
      "pass_rate": 0,
      "ac_count": 0,
      "url": "https://183.250.108.194:500/OnlineJudge/problem_show.php?id=6489"
    },
    {
      "id": "6510",
      "title": "6510",
      "difficulty": 0,
      "pass_rate": 0,
      "ac_count": 0,
      "url": "https://183.250.108.194:500/OnlineJudge/problem_show.php?id=6510"
    },
    {
      "id": "6511",
      "title": "6511",
      "difficulty": 0,
      "pass_rate": 0,
      "ac_count": 0,
      "url": "https://183.250.108.194:500/OnlineJudge/problem_show.php?id=6511"
    },
    {
      "id": "6535",
      "title": "6535",
      "difficulty": 0,
      "pass_rate": 0,
      "ac_count": 0,
      "url": "https://183.250.108.194:500/OnlineJudge/problem_show.php?id=6535"
    },
    {
      "id": "6541",
      "title": "6541",
      "difficulty": 0,
      "pass_rate": 0,
      "ac_count": 0,
      "url": "https://183.250.108.194:500/OnlineJudge/problem_show.php?id=6541"
    },
    {
      "id": "6544",
      "title": "6544",
      "difficulty": 0,
      "pass_rate": 0,
      "ac_count": 0,
      "url": "https://183.250.108.194:500/OnlineJudge/problem_show.php?id=6544"
    },
    {
      "id": "6558",
      "title": "6558",
      "difficulty": 0,
      "pass_rate": 0,
      "ac_count": 0,
      "url": "https://183.250.108.194:500/OnlineJudge/problem_show.php?id=6558"
    },
    {
      "id": "6559",
      "title": "6559",
      "difficulty": 0,
      "pass_rate": 0,
      "ac_count": 0,
      "url": "https://183.250.108.194:500/OnlineJudge/problem_show.php?id=6559"
    },
    {
      "id": "6560",
      "title": "6560",
      "difficulty": 0,
      "pass_rate": 0,
      "ac_count": 0,
      "url": "https://183.250.108.194:500/OnlineJudge/problem_show.php?id=6560"
    },
    {
      "id": "6583",
      "title": "6583",
      "difficulty": 0,
      "pass_rate": 0,
      "ac_count": 0,
      "url": "https://183.250.108.194:500/OnlineJudge/problem_show.php?id=6583"
    },
    {
      "id": "6602",
      "title": "6602",
      "difficulty": 0,
      "pass_rate": 0,
      "ac_count": 0,
      "url": "https://183.250.108.194:500/OnlineJudge/problem_show.php?id=6602"
    },
    {
      "id": "6627",
      "title": "6627",
      "difficulty": 0,
      "pass_rate": 0,
      "ac_count": 0,
      "url": "https://183.250.108.194:500/OnlineJudge/problem_show.php?id=6627"
    },
    {
      "id": "6651",
      "title": "6651",
      "difficulty": 0,
      "pass_rate": 0,
      "ac_count": 0,
      "url": "https://183.250.108.194:500/OnlineJudge/problem_show.php?id=6651"
    },
    {
      "id": "6914",
      "title": "6914",
      "difficulty": 0,
      "pass_rate": 0,
      "ac_count": 0,
      "url": "https://183.250.108.194:500/OnlineJudge/problem_show.php?id=6914"
    },
    {
      "id": "6918",
      "title": "6918",
      "difficulty": 0,
      "pass_rate": 0,
      "ac_count": 0,
      "url": "https://183.250.108.194:500/OnlineJudge/problem_show.php?id=6918"
    },
    {
      "id": "6919",
      "title": "6919",
      "difficulty": 0,
      "pass_rate": 0,
      "ac_count": 0,
      "url": "https://183.250.108.194:500/OnlineJudge/problem_show.php?id=6919"
    },
    {
      "id": "6920",
      "title": "6920",
      "difficulty": 0,
      "pass_rate": 0,
      "ac_count": 0,
      "url": "https://183.250.108.194:500/OnlineJudge/problem_show.php?id=6920"
    },
    {
      "id": "6921",
      "title": "6921",
      "difficulty": 0,
      "pass_rate": 0,
      "ac_count": 0,
      "url": "https://183.250.108.194:500/OnlineJudge/problem_show.php?id=6921"
    },
    {
      "id": "6922",
      "title": "6922",
      "difficulty": 0,
      "pass_rate": 0,
      "ac_count": 0,
      "url": "https://183.250.108.194:500/OnlineJudge/problem_show.php?id=6922"
    },
    {
      "id": "6923",
      "title": "6923",
      "difficulty": 0,
      "pass_rate": 0,
      "ac_count": 0,
      "url": "https://183.250.108.194:500/OnlineJudge/problem_show.php?id=6923"
    },
    {
      "id": "6926",
      "title": "6926",
      "difficulty": 0,
      "pass_rate": 0,
      "ac_count": 0,
      "url": "https://183.250.108.194:500/OnlineJudge/problem_show.php?id=6926"
    },
    {
      "id": "6927",
      "title": "6927",
      "difficulty": 0,
      "pass_rate": 0,
      "ac_count": 0,
      "url": "https://183.250.108.194:500/OnlineJudge/problem_show.php?id=6927"
    },
    {
      "id": "6946",
      "title": "6946",
      "difficulty": 0,
      "pass_rate": 0,
      "ac_count": 0,
      "url": "https://183.250.108.194:500/OnlineJudge/problem_show.php?id=6946"
    },
    {
      "id": "6947",
      "title": "6947",
      "difficulty": 0,
      "pass_rate": 0,
      "ac_count": 0,
      "url": "https://183.250.108.194:500/OnlineJudge/problem_show.php?id=6947"
    },
    {
      "id": "6948",
      "title": "6948",
      "difficulty": 0,
      "pass_rate": 0,
      "ac_count": 0,
      "url": "https://183.250.108.194:500/OnlineJudge/problem_show.php?id=6948"
    },
    {
      "id": "6949",
      "title": "6949",
      "difficulty": 0,
      "pass_rate": 0,
      "ac_count": 0,
      "url": "https://183.250.108.194:500/OnlineJudge/problem_show.php?id=6949"
    },
    {
      "id": "6955",
      "title": "6955",
      "difficulty": 0,
      "pass_rate": 0,
      "ac_count": 0,
      "url": "https://183.250.108.194:500/OnlineJudge/problem_show.php?id=6955"
    },
    {
      "id": "6956",
      "title": "6956",
      "difficulty": 0,
      "pass_rate": 0,
      "ac_count": 0,
      "url": "https://183.250.108.194:500/OnlineJudge/problem_show.php?id=6956"
    },
    {
      "id": "6957",
      "title": "6957",
      "difficulty": 0,
      "pass_rate": 0,
      "ac_count": 0,
      "url": "https://183.250.108.194:500/OnlineJudge/problem_show.php?id=6957"
    },
    {
      "id": "6958",
      "title": "6958",
      "difficulty": 0,
      "pass_rate": 0,
      "ac_count": 0,
      "url": "https://183.250.108.194:500/OnlineJudge/problem_show.php?id=6958"
    },
    {
      "id": "6959",
      "title": "6959",
      "difficulty": 0,
      "pass_rate": 0,
      "ac_count": 0,
      "url": "https://183.250.108.194:500/OnlineJudge/problem_show.php?id=6959"
    },
    {
      "id": "6961",
      "title": "6961",
      "difficulty": 0,
      "pass_rate": 0,
      "ac_count": 0,
      "url": "https://183.250.108.194:500/OnlineJudge/problem_show.php?id=6961"
    },
    {
      "id": "6991",
      "title": "6991",
      "difficulty": 0,
      "pass_rate": 0,
      "ac_count": 0,
      "url": "https://183.250.108.194:500/OnlineJudge/problem_show.php?id=6991"
    }
  ],
  "activityData": [
    {
      "day": "2023-11",
      "1": 13,
      "2": 15,
      "3": 3,
      "4": 1,
      "5": 1,
      "6": 0,
      "7": 0,
      "8": 0,
      "9": 0,
      "10": 0,
      "total": 33
    },
    {
      "day": "2023-12",
      "1": 73,
      "2": 71,
      "3": 33,
      "4": 7,
      "5": 5,
      "6": 0,
      "7": 0,
      "8": 0,
      "9": 0,
      "10": 0,
      "total": 189
    },
    {
      "day": "2024-01",
      "1": 95,
      "2": 80,
      "3": 43,
      "4": 11,
      "5": 6,
      "6": 0,
      "7": 0,
      "8": 0,
      "9": 0,
      "10": 0,
      "total": 235
    },
    {
      "day": "2024-02",
      "1": 96,
      "2": 82,
      "3": 45,
      "4": 11,
      "5": 6,
      "6": 0,
      "7": 0,
      "8": 0,
      "9": 0,
      "10": 0,
      "total": 240
    },
    {
      "day": "2024-03",
      "1": 98,
      "2": 87,
      "3": 56,
      "4": 16,
      "5": 6,
      "6": 0,
      "7": 0,
      "8": 0,
      "9": 0,
      "10": 0,
      "total": 263
    },
    {
      "day": "2024-04",
      "1": 98,
      "2": 88,
      "3": 56,
      "4": 16,
      "5": 6,
      "6": 0,
      "7": 0,
      "8": 0,
      "9": 0,
      "10": 0,
      "total": 264
    },
    {
      "day": "2024-05",
      "1": 98,
      "2": 88,
      "3": 59,
      "4": 18,
      "5": 7,
      "6": 0,
      "7": 0,
      "8": 0,
      "9": 0,
      "10": 0,
      "total": 270
    },
    {
      "day": "2024-06",
      "1": 98,
      "2": 89,
      "3": 60,
      "4": 19,
      "5": 8,
      "6": 0,
      "7": 0,
      "8": 0,
      "9": 0,
      "10": 0,
      "total": 274
    },
    {
      "day": "2024-07",
      "1": 99,
      "2": 90,
      "3": 64,
      "4": 23,
      "5": 8,
      "6": 2,
      "7": 0,
      "8": 0,
      "9": 0,
      "10": 0,
      "total": 286
    },
    {
      "day": "2024-08",
      "1": 99,
      "2": 91,
      "3": 64,
      "4": 25,
      "5": 9,
      "6": 2,
      "7": 0,
      "8": 0,
      "9": 0,
      "10": 0,
      "total": 290
    },
    {
      "day": "2024-09",
      "1": 99,
      "2": 91,
      "3": 66,
      "4": 27,
      "5": 10,
      "6": 2,
      "7": 0,
      "8": 0,
      "9": 0,
      "10": 0,
      "total": 295
    },
    {
      "day": "2024-10",
      "1": 102,
      "2": 99,
      "3": 77,
      "4": 34,
      "5": 12,
      "6": 4,
      "7": 0,
      "8": 0,
      "9": 0,
      "10": 0,
      "total": 328
    },
    {
      "day": "2024-11",
      "1": 102,
      "2": 102,
      "3": 83,
      "4": 35,
      "5": 12,
      "6": 5,
      "7": 0,
      "8": 0,
      "9": 0,
      "10": 0,
      "total": 339
    },
    {
      "day": "2024-12",
      "1": 102,
      "2": 102,
      "3": 86,
      "4": 39,
      "5": 12,
      "6": 6,
      "7": 0,
      "8": 0,
      "9": 0,
      "10": 0,
      "total": 347
    },
    {
      "day": "2025-02",
      "1": 102,
      "2": 102,
      "3": 86,
      "4": 41,
      "5": 13,
      "6": 6,
      "7": 0,
      "8": 0,
      "9": 0,
      "10": 0,
      "total": 350
    },
    {
      "day": "2025-03",
      "1": 103,
      "2": 105,
      "3": 88,
      "4": 41,
      "5": 14,
      "6": 6,
      "7": 0,
      "8": 0,
      "9": 0,
      "10": 0,
      "total": 357
    },
    {
      "day": "2025-04",
      "1": 103,
      "2": 105,
      "3": 91,
      "4": 43,
      "5": 16,
      "6": 8,
      "7": 0,
      "8": 0,
      "9": 0,
      "10": 0,
      "total": 366
    },
    {
      "day": "2025-05",
      "1": 103,
      "2": 105,
      "3": 95,
      "4": 43,
      "5": 16,
      "6": 8,
      "7": 0,
      "8": 0,
      "9": 0,
      "10": 0,
      "total": 370
    },
    {
      "day": "2025-12",
      "1": 103,
      "2": 105,
      "3": 96,
      "4": 44,
      "5": 16,
      "6": 10,
      "7": 0,
      "8": 0,
      "9": 0,
      "10": 0,
      "total": 374
    },
    {
      "day": "2026-02",
      "1": 103,
      "2": 105,
      "3": 99,
      "4": 51,
      "5": 20,
      "6": 12,
      "7": 0,
      "8": 0,
      "9": 0,
      "10": 0,
      "total": 390
    },
    {
      "day": "2026-03",
      "1": 103,
      "2": 105,
      "3": 99,
      "4": 52,
      "5": 21,
      "6": 12,
      "7": 0,
      "8": 1,
      "9": 0,
      "10": 0,
      "total": 393
    },
    {
      "day": "2026-04",
      "1": 103,
      "2": 105,
      "3": 99,
      "4": 52,
      "5": 22,
      "6": 12,
      "7": 0,
      "8": 1,
      "9": 0,
      "10": 0,
      "total": 394
    },
    {
      "day": "2026-05",
      "1": 103,
      "2": 105,
      "3": 99,
      "4": 52,
      "5": 24,
      "6": 13,
      "7": 0,
      "8": 1,
      "9": 0,
      "10": 0,
      "total": 397
    },
    {
      "day": "2026-06",
      "1": 104,
      "2": 105,
      "3": 99,
      "4": 56,
      "5": 24,
      "6": 13,
      "7": 0,
      "8": 1,
      "9": 0,
      "10": 0,
      "total": 402
    },
    {
      "day": "2026-07",
      "1": 105,
      "2": 106,
      "3": 102,
      "4": 57,
      "5": 25,
      "6": 13,
      "7": 0,
      "8": 1,
      "9": 0,
      "10": 0,
      "total": 409
    }
  ],
  "heatmapData": [],
  "color": "#EF9F15",
  "user_color": "#EF9F15",
  "permission_level": 2,
  "permission_color": "blue",
  "last_crawled": "2026-07-05T02:01:39.555304",
  "session_expired": false,
  "exists_in_ojs": true
}

