=== DEBUG LOG [profile_full_fetch] ===
Source: YZOJ user_show.php?id=1760
Timestamp: 2026-07-05T02:21:12.861037

=== CONTENT ===
uid=, username=Std, final_uid=1760, final_uname=Std

=== RAW HTML (118515 chars) ===
[TRUNCATED TO 50000 chars]
<!DOCTYPE html PUBLIC "-//W3C//DTD XHTML 1.0 Transitional//EN" "http://www.w3.org/TR/xhtml1/DTD/xhtml1-transitional.dtd">
<html xmlns="http://www.w3.org/1999/xhtml" xml:lang="zh-CN">
<head>
	<meta http-equiv="Content-Type" content="text/html;charset=UTF-8" />	<title>公用用户 - Std - FZYZ Online Judge</title>
	<link media="all" href="/OnlineJudge/reset.css?v=20170630.01" type="text/css" rel="stylesheet" />
	<link media="all" href="/OnlineJudge/style.css?v=20200612" type="text/css" rel="stylesheet" />
	<link href="/OnlineJudge/ext.css" media="screen" rel="stylesheet" type="text/css" />
	<link rel="icon" href="/OnlineJudge/favicon.ico" type="image/x-icon" />
	<link rel="shortcut icon" href="/OnlineJudge/favicon.ico" type="image/x-icon" />
	<script type="text/javascript" src="/OnlineJudge/jquery-3.0.0.min.js"></script>
	<script type="text/javascript" src="/OnlineJudge/scripts/tablefroze.js"></script>
	<script type="text/javascript" src="/OnlineJudge/scripts/main.js?v=20190506"></script>
	
	<script src="/OnlineJudge/morris.min.js" ></script>		
    <link type="text/css" rel="stylesheet" href="/OnlineJudge/morris.css" />	
    <script src="/OnlineJudge/raphael.min.js"></script>
	
	<!--[if lte IE 9]><script type="text/javascript">$.ajaxSetup({cache: false});</script><![endif]-->
	<!--[if lte IE 7]><link media="all" href="/OnlineJudge/ie-fix.css" rel="stylesheet" /><![endif]-->
	<!-- 数学公式渲染部分 -->
	<!--<script type="text/x-mathjax-config"> 
		MathJax.Hub.Config({ 
			TeX: {equationNumbers: {autoNumber: ["AMS"], useLabelIds: true}}, 
			"HTML-CSS": {linebreaks: {automatic: true}, scale: 100}, 
			SVG: {linebreaks: {automatic: true}}
		}); 
	</script>-->
	<script type="text/x-mathjax-config">
		MathJax.Hub.Config({
			showProcessingMessages: false,
			tex2jax: {
				inlineMath: [["$", "$"], ["\\(", "\\)"]],
				processEscapes:true
			}
		});
	</script>
	<script>
	    function HideMenu()
	    {
	    	//隐藏菜单因为会挡住东西，但是那个显示菜单还是会挡住东西……先去掉了……
	    	$("div#ftoolbarshow").slideToggle();
	    }

	    

	</script>
	<script type="text/javascript" src="/OnlineJudge/mathjax/MathJax-2.6/MathJax.js?config=TeX-AMS-MML_HTMLorMML"></script>
	<!-- /数学公式渲染部分 -->
</head>
<body>
	<div id="ftoolbarshow">
		<div class="dropdown">
			<div class="floatingtoobar" id="ftoolbar" style='z-index:9999'>
				<div class="circle"><span style="color:white">+</span></div>
			</div>
		<div class="dropdown-content">
			<div class="floatingtoobar" id="ftoolbar" style='z-index:9999'>
			
				<table id='tablelist' style='background-color:#FFFFFF'>
				<tbody id='floatmenu_options'>
				<tr><th><strong><a href='javascript:HideMenu()'>快速菜单</a></strong></th></tr>
				
				<tr><td><a href="javascript:jumpToTop()"><strong>↑&nbsp;跳到顶部</strong></a><br/></td></tr>
				<tr><td><a href="javascript:jumpToBottom()"><strong>↓&nbsp;跳到底部</strong></a><br/></td></tr>
				<tr><td><a href="javascript:history.back();"><strong>←&nbsp;返回上页</strong></a><br/></td></tr>
				<tr><td><a href="javascript:location.reload();"><strong>↻&nbsp;刷新页面</strong></a></td></tr>
			
		
				</tbody>
	    		</table>
	    	</div>
		</div>
		</div>
	</div>
	<script type="text/javascript">
	</script>


	<div id="header">
		<div id="title">
			<div class="headnav"><b><a href="/OnlineJudge/">首页</a>&nbsp;&nbsp;<a href="/OnlineJudge/discuss_list.php">讨论</a>&nbsp;&nbsp;<a href="/OnlineJudge/../wiki/" target="_blank">WIKI</a>&nbsp;&nbsp;<a href="/OnlineJudge/../Chinglun/" target="_blank">AAS</a>&nbsp;&nbsp;<a href="/OnlineJudge/../wiki/Noiblog" target="_blank">Blogs</a>&nbsp;
								
		    <div class="dropdown"><span>功能</span>
                <div class="dropdown-content">
                    <a href="/OnlineJudge/trailer.php" target="_blank">比赛预告</a>
                    <a href="/OnlineJudge/group.php?id=1" target="_blank">学习小组1</a>
                    <a href="/OnlineJudge/group.php?id=2" target="_blank">学习小组2</a>
                </div>
            </div>
			</b></div>



			<pagetitle><span style='font-family:georgia'>FZYZ Online Judge</span></pagetitle></br></br></br></br>
			<span style='font-family:times new roman'><div class="time"></div></span>
		</div>
		<script>
		initTime('/OnlineJudge/time_json.php');
		</script>
		<font color="black">
		<div id="nav">
		    <center>
		  			<div class="col">
				<h3>题库</h3>
				<ul>
					<li><a href="/OnlineJudge/problem_list.php">在线题库</a></li>
					<li><a href="/OnlineJudge/tag_list.php">题目分类</a></li>
					<li><form action="/OnlineJudge/problem_show.php" method="GET">
						<label for="id">题号：</label>
						<input type="text" maxlength="4" name="id" style="width: 5em;" id="probid" />
						<input type="submit" value="转入" />
					</form></li>
				</ul>
			</div><div class="col">
				<h3>比赛</h3>
				<ul>
					<li><a href="/OnlineJudge/contest_list.php?action=now">进行中的比赛</a></li>
					<li><a href="/OnlineJudge/contest_list.php?action=scheduled">计划中的比赛</a></li>
					<li><a href="/OnlineJudge/contest_list.php?action=past">过去的比赛</a></li>
				</ul>
			</div><div class="col">
				<h3>选手</h3>
				<ul>
					<li><a href="/OnlineJudge/status.php">评测记录</a></li>
					<li><a href="/OnlineJudge/ranklist.php">选手排名</a></li>
				</ul>
				<li><form action="/OnlineJudge/user_show.php" method="GET">
					<input type="text" name="uname" id="name" maxlength="15" />
					<input type="submit" value="搜索" />
				</form></li>
		
			</div>				<div class="col" id="userinfo">
	<h3>用户信息</h3>
		<div style="text-align: center;">
	<li align="center">
		<a href="/OnlineJudge/level_show.php?uid=2953"><span style="color:#E8D11D;font-family:times new roman,serif"><strong>Lv.6</strong></span></a>
	&nbsp;&nbsp;
	<a href="/OnlineJudge/user_show.php?id=2953"><span style="color:#EF9F15;font-family:georgia;text-shadow:0px 0px 5px white;"><strong>xuanxuanmeow</strong></span></a>&nbsp;<span style='color:blue;font-family:georgia'>2</span>	<li align="center">
		<span style='font-family:Times new roman'>
						<a href ="/OnlineJudge/user_show.php?id=2953"><span style="color: #E6C900">37.75%</span></a>(<a href ="/OnlineJudge/status.php?uid=2953&status=1">410</a>/<a href ="/OnlineJudge/status.php?uid=2953">1086</a>)
		</span>
	</li>
	<li align="center">
		<a href="/OnlineJudge/user_show.php">我</a>
						<a href="/OnlineJudge/user_update.php?id=2953">修改</a>		<a href="/OnlineJudge/logout.php">退出</a>
	</li>	
		</div>
			</div>
			</center>
		</div>
		</font>
	</div>
	
<script type="text/javascript">
this.top.location !== this.location && (this.top.location = this.location);
var backup_nav = $("div#nav").html();
function current_user()
{
	return 2953;	
}
function earlier_than(dt)
{
	//alert($("div.time").html());
	return Date.parse($("div.time").text()) < Date.parse(dt);
}
function current_username()
{
	return "xuanxuanmeow";
}
function confirm_jump(aaa, bbb)
{
	q = confirm(aaa);
	if(q != "0") {window.location.href=bbb;}
}
function current_realname()
{
	return "姚祥轩";
}
function current_regnum()
{
	return "无准考证号";
}
</script>
<div id='all'>
<style>
#tablelist td{
	text-align: center;
}
#userswitch{
	text-align: center;
	display: none;
}
</style>
<div id="content">
<h2>公用用户&nbsp;-&nbsp;<a href="/OnlineJudge/user_show.php?id=1760"><span style="font-family:georgia;text-shadow:0px 0px 5px white;"><strong><span style="color:black;">S</span><span style="color:#FF0000;">td</span></strong></span></a>&nbsp;<span style='color:blue;font-family:georgia'>0</span></h2>
<div id='userswitch'>
<form action='/OnlineJudge/switch_user.php?uid=1760' method='POST'>
输入<strong> <a href="/OnlineJudge/user_show.php?id=1760"><span style="font-family:georgia;text-shadow:0px 0px 5px white;"><strong><span style="color:black;">S</span><span style="color:#FF0000;">td</span></strong></span></a> </strong>的密码 <input type='password' name='password' id='password'/> 以<input type='submit' value='切换用户' />
</form>
</div>
<p align="center" style="margin: 0;">
&nbsp;&nbsp;&nbsp;<a href="user_compare.php?id1=1760&id2=2953">与ta比对</a>&nbsp;&nbsp;&nbsp;&nbsp;&nbsp;&nbsp;
<a href='javascript:$("div#userswitch").slideToggle()'><strong><font color='red'>切换用户</font></strong></a>
&nbsp;&nbsp;&nbsp;<a href="tag_list.php?uid=1760">完成进度</a>
</p>
<table id="tablelist" style="width: 90%;">
<tbody>
	<tr>
		<td width="15%" style="text-align: left;">真实姓名：</td>
		<td width="20%">Std</td>
		<td width="65%">已经解决的问题</td>
	</tr>
	<tr>
		<td style="text-align: left;">提交次数：</td>
		<td><a href="status.php?uid=1760">2319</a></td>
		<td rowspan="4" style="text-align: center;"><span style='font-family:Courier New'>
		<a href="problem_show.php?id=1000"><nobr>1000</nobr></a>&nbsp;<a href="problem_show.php?id=1064"><nobr>1064</nobr></a>&nbsp;<a href="problem_show.php?id=1083"><nobr>1083</nobr></a>&nbsp;<a href="problem_show.php?id=1174"><nobr>1174</nobr></a>&nbsp;<a href="problem_show.php?id=1205"><nobr>1205</nobr></a>&nbsp;<a href="problem_show.php?id=1222"><nobr>1222</nobr></a>&nbsp;<a href="problem_show.php?id=1226"><nobr>1226</nobr></a>&nbsp;<a href="problem_show.php?id=1236"><nobr>1236</nobr></a>&nbsp;<a href="problem_show.php?id=1241"><nobr>1241</nobr></a>&nbsp;<a href="problem_show.php?id=1248"><nobr>1248</nobr></a>&nbsp;<br /><a href="problem_show.php?id=1296"><nobr>1296</nobr></a>&nbsp;<a href="problem_show.php?id=1413"><nobr>1413</nobr></a>&nbsp;<a href="problem_show.php?id=1417"><nobr>1417</nobr></a>&nbsp;<a href="problem_show.php?id=1468"><nobr>1468</nobr></a>&nbsp;<a href="problem_show.php?id=1493"><nobr>1493</nobr></a>&nbsp;<a href="problem_show.php?id=1508"><nobr>1508</nobr></a>&nbsp;<a href="problem_show.php?id=1560"><nobr>1560</nobr></a>&nbsp;<a href="problem_show.php?id=1572"><nobr>1572</nobr></a>&nbsp;<a href="problem_show.php?id=1573"><nobr>1573</nobr></a>&nbsp;<a href="problem_show.php?id=1581"><nobr>1581</nobr></a>&nbsp;<br /><a href="problem_show.php?id=1592"><nobr>1592</nobr></a>&nbsp;<a href="problem_show.php?id=1604"><nobr>1604</nobr></a>&nbsp;<a href="problem_show.php?id=1667"><nobr>1667</nobr></a>&nbsp;<a href="problem_show.php?id=1673"><nobr>1673</nobr></a>&nbsp;<a href="problem_show.php?id=1686"><nobr>1686</nobr></a>&nbsp;<a href="problem_show.php?id=1712"><nobr>1712</nobr></a>&nbsp;<a href="problem_show.php?id=1724"><nobr>1724</nobr></a>&nbsp;<a href="problem_show.php?id=1795"><nobr>1795</nobr></a>&nbsp;<a href="problem_show.php?id=2019"><nobr>2019</nobr></a>&nbsp;<a href="problem_show.php?id=2020"><nobr>2020</nobr></a>&nbsp;<br /><a href="problem_show.php?id=2030"><nobr>2030</nobr></a>&nbsp;<a href="problem_show.php?id=2035"><nobr>2035</nobr></a>&nbsp;<a href="problem_show.php?id=2037"><nobr>2037</nobr></a>&nbsp;<a href="problem_show.php?id=2038"><nobr>2038</nobr></a>&nbsp;<a href="problem_show.php?id=2039"><nobr>2039</nobr></a>&nbsp;<a href="problem_show.php?id=2040"><nobr>2040</nobr></a>&nbsp;<a href="problem_show.php?id=2042"><nobr>2042</nobr></a>&nbsp;<a href="problem_show.php?id=2043"><nobr>2043</nobr></a>&nbsp;<a href="problem_show.php?id=2049"><nobr>2049</nobr></a>&nbsp;<a href="problem_show.php?id=2050"><nobr>2050</nobr></a>&nbsp;<br /><a href="problem_show.php?id=2051"><nobr>2051</nobr></a>&nbsp;<a href="problem_show.php?id=2052"><nobr>2052</nobr></a>&nbsp;<a href="problem_show.php?id=2054"><nobr>2054</nobr></a>&nbsp;<a href="problem_show.php?id=2058"><nobr>2058</nobr></a>&nbsp;<a href="problem_show.php?id=2059"><nobr>2059</nobr></a>&nbsp;<a href="problem_show.php?id=2063"><nobr>2063</nobr></a>&nbsp;<a href="problem_show.php?id=2071"><nobr>2071</nobr></a>&nbsp;<a href="problem_show.php?id=2072"><nobr>2072</nobr></a>&nbsp;<a href="problem_show.php?id=2076"><nobr>2076</nobr></a>&nbsp;<a href="problem_show.php?id=2077"><nobr>2077</nobr></a>&nbsp;<br /><a href="problem_show.php?id=2083"><nobr>2083</nobr></a>&nbsp;<a href="problem_show.php?id=2084"><nobr>2084</nobr></a>&nbsp;<a href="problem_show.php?id=2085"><nobr>2085</nobr></a>&nbsp;<a href="problem_show.php?id=2088"><nobr>2088</nobr></a>&nbsp;<a href="problem_show.php?id=2090"><nobr>2090</nobr></a>&nbsp;<a href="problem_show.php?id=2092"><nobr>2092</nobr></a>&nbsp;<a href="problem_show.php?id=2093"><nobr>2093</nobr></a>&nbsp;<a href="problem_show.php?id=2094"><nobr>2094</nobr></a>&nbsp;<a href="problem_show.php?id=2108"><nobr>2108</nobr></a>&nbsp;<a href="problem_show.php?id=2112"><nobr>2112</nobr></a>&nbsp;<br /><a href="problem_show.php?id=2113"><nobr>2113</nobr></a>&nbsp;<a href="problem_show.php?id=2115"><nobr>2115</nobr></a>&nbsp;<a href="problem_show.php?id=2116"><nobr>2116</nobr></a>&nbsp;<a href="problem_show.php?id=2117"><nobr>2117</nobr></a>&nbsp;<a href="problem_show.php?id=2119"><nobr>2119</nobr></a>&nbsp;<a href="problem_show.php?id=2121"><nobr>2121</nobr></a>&nbsp;<a href="problem_show.php?id=2123"><nobr>2123</nobr></a>&nbsp;<a href="problem_show.php?id=2124"><nobr>2124</nobr></a>&nbsp;<a href="problem_show.php?id=2125"><nobr>2125</nobr></a>&nbsp;<a href="problem_show.php?id=2127"><nobr>2127</nobr></a>&nbsp;<br /><a href="problem_show.php?id=2130"><nobr>2130</nobr></a>&nbsp;<a href="problem_show.php?id=2140"><nobr>2140</nobr></a>&nbsp;<a href="problem_show.php?id=2147"><nobr>2147</nobr></a>&nbsp;<a href="problem_show.php?id=2153"><nobr>2153</nobr></a>&nbsp;<nobr>2154</nobr>&nbsp;<a href="problem_show.php?id=2160"><nobr>2160</nobr></a>&nbsp;<a href="problem_show.php?id=2164"><nobr>2164</nobr></a>&nbsp;<a href="problem_show.php?id=2168"><nobr>2168</nobr></a>&nbsp;<a href="problem_show.php?id=2170"><nobr>2170</nobr></a>&nbsp;<a href="problem_show.php?id=2173"><nobr>2173</nobr></a>&nbsp;<br /><a href="problem_show.php?id=2179"><nobr>2179</nobr></a>&nbsp;<a href="problem_show.php?id=2182"><nobr>2182</nobr></a>&nbsp;<a href="problem_show.php?id=2183"><nobr>2183</nobr></a>&nbsp;<a href="problem_show.php?id=2184"><nobr>2184</nobr></a>&nbsp;<a href="problem_show.php?id=2189"><nobr>2189</nobr></a>&nbsp;<a href="problem_show.php?id=2191"><nobr>2191</nobr></a>&nbsp;<a href="problem_show.php?id=2192"><nobr>2192</nobr></a>&nbsp;<a href="problem_show.php?id=2195"><nobr>2195</nobr></a>&nbsp;<a href="problem_show.php?id=2197"><nobr>2197</nobr></a>&nbsp;<a href="problem_show.php?id=2198"><nobr>2198</nobr></a>&nbsp;<br /><a href="problem_show.php?id=2204"><nobr>2204</nobr></a>&nbsp;<a href="problem_show.php?id=2205"><nobr>2205</nobr></a>&nbsp;<a href="problem_show.php?id=2213"><nobr>2213</nobr></a>&nbsp;<a href="problem_show.php?id=2218"><nobr>2218</nobr></a>&nbsp;<a href="problem_show.php?id=2228"><nobr>2228</nobr></a>&nbsp;<nobr>2238</nobr>&nbsp;<a href="problem_show.php?id=2242"><nobr>2242</nobr></a>&nbsp;<a href="problem_show.php?id=2243"><nobr>2243</nobr></a>&nbsp;<a href="problem_show.php?id=2245"><nobr>2245</nobr></a>&nbsp;<a href="problem_show.php?id=2246"><nobr>2246</nobr></a>&nbsp;<br /><a href="problem_show.php?id=2247"><nobr>2247</nobr></a>&nbsp;<a href="problem_show.php?id=2248"><nobr>2248</nobr></a>&nbsp;<a href="problem_show.php?id=2250"><nobr>2250</nobr></a>&nbsp;<a href="problem_show.php?id=2252"><nobr>2252</nobr></a>&nbsp;<a href="problem_show.php?id=2253"><nobr>2253</nobr></a>&nbsp;<a href="problem_show.php?id=2256"><nobr>2256</nobr></a>&nbsp;<a href="problem_show.php?id=2257"><nobr>2257</nobr></a>&nbsp;<a href="problem_show.php?id=2258"><nobr>2258</nobr></a>&nbsp;<a href="problem_show.php?id=2261"><nobr>2261</nobr></a>&nbsp;<a href="problem_show.php?id=2262"><nobr>2262</nobr></a>&nbsp;<br /><a href="problem_show.php?id=2263"><nobr>2263</nobr></a>&nbsp;<a href="problem_show.php?id=2264"><nobr>2264</nobr></a>&nbsp;<a href="problem_show.php?id=2265"><nobr>2265</nobr></a>&nbsp;<a href="problem_show.php?id=2266"><nobr>2266</nobr></a>&nbsp;<a href="problem_show.php?id=2267"><nobr>2267</nobr></a>&nbsp;<a href="problem_show.php?id=2270"><nobr>2270</nobr></a>&nbsp;<a href="problem_show.php?id=2271"><nobr>2271</nobr></a>&nbsp;<a href="problem_show.php?id=2273"><nobr>2273</nobr></a>&nbsp;<a href="problem_show.php?id=2274"><nobr>2274</nobr></a>&nbsp;<a href="problem_show.php?id=2276"><nobr>2276</nobr></a>&nbsp;<br /><a href="problem_show.php?id=2277"><nobr>2277</nobr></a>&nbsp;<a href="problem_show.php?id=2278"><nobr>2278</nobr></a>&nbsp;<a href="problem_show.php?id=2279"><nobr>2279</nobr></a>&nbsp;<a href="problem_show.php?id=2280"><nobr>2280</nobr></a>&nbsp;<a href="problem_show.php?id=2281"><nobr>2281</nobr></a>&nbsp;<a href="problem_show.php?id=2282"><nobr>2282</nobr></a>&nbsp;<a href="problem_show.php?id=2283"><nobr>2283</nobr></a>&nbsp;<a href="problem_show.php?id=2285"><nobr>2285</nobr></a>&nbsp;<a href="problem_show.php?id=2288"><nobr>2288</nobr></a>&nbsp;<a href="problem_show.php?id=2289"><nobr>2289</nobr></a>&nbsp;<br /><a href="problem_show.php?id=2290"><nobr>2290</nobr></a>&nbsp;<a href="problem_show.php?id=2294"><nobr>2294</nobr></a>&nbsp;<a href="problem_show.php?id=2297"><nobr>2297</nobr></a>&nbsp;<a href="problem_show.php?id=2298"><nobr>2298</nobr></a>&nbsp;<a href="problem_show.php?id=2299"><nobr>2299</nobr></a>&nbsp;<a href="problem_show.php?id=2304"><nobr>2304</nobr></a>&nbsp;<a href="problem_show.php?id=2305"><nobr>2305</nobr></a>&nbsp;<a href="problem_show.php?id=2306"><nobr>2306</nobr></a>&nbsp;<nobr>2362</nobr>&nbsp;<a href="problem_show.php?id=2363"><nobr>2363</nobr></a>&nbsp;<br /><nobr>2364</nobr>&nbsp;<a href="problem_show.php?id=2365"><nobr>2365</nobr></a>&nbsp;<a href="problem_show.php?id=2385"><nobr>2385</nobr></a>&nbsp;<a href="problem_show.php?id=2386"><nobr>2386</nobr></a>&nbsp;<a href="problem_show.php?id=2387"><nobr>2387</nobr></a>&nbsp;<a href="problem_show.php?id=2389"><nobr>2389</nobr></a>&nbsp;<a href="problem_show.php?id=2390"><nobr>2390</nobr></a>&nbsp;<a href="problem_show.php?id=2391"><nobr>2391</nobr></a>&nbsp;<a href="problem_show.php?id=2399"><nobr>2399</nobr></a>&nbsp;<a href="problem_show.php?id=2401"><nobr>2401</nobr></a>&nbsp;<br /><a href="problem_show.php?id=2402"><nobr>2402</nobr></a>&nbsp;<a href="problem_show.php?id=2415"><nobr>2415</nobr></a>&nbsp;<a href="problem_show.php?id=2419"><nobr>2419</nobr></a>&nbsp;<a href="problem_show.php?id=2424"><nobr>2424</nobr></a>&nbsp;<a href="problem_show.php?id=2425"><nobr>2425</nobr></a>&nbsp;<nobr>2428</nobr>&nbsp;<a href="problem_show.php?id=2435"><nobr>2435</nobr></a>&nbsp;<a href="problem_show.php?id=2436"><nobr>2436</nobr></a>&nbsp;<a href="problem_show.php?id=2437"><nobr>2437</nobr></a>&nbsp;<a href="problem_show.php?id=2438"><nobr>2438</nobr></a>&nbsp;<br /><a href="problem_show.php?id=2444"><nobr>2444</nobr></a>&nbsp;<a href="problem_show.php?id=2445"><nobr>2445</nobr></a>&nbsp;<a href="problem_show.php?id=2446"><nobr>2446</nobr></a>&nbsp;<a href="problem_show.php?id=2447"><nobr>2447</nobr></a>&nbsp;<a href="problem_show.php?id=2452"><nobr>2452</nobr></a>&nbsp;<a href="problem_show.php?id=2454"><nobr>2454</nobr></a>&nbsp;<a href="problem_show.php?id=2455"><nobr>2455</nobr></a>&nbsp;<a href="problem_show.php?id=2456"><nobr>2456</nobr></a>&nbsp;<a href="problem_show.php?id=2457"><nobr>2457</nobr></a>&nbsp;<a href="problem_show.php?id=2461"><nobr>2461</nobr></a>&nbsp;<br /><a href="problem_show.php?id=2462"><nobr>2462</nobr></a>&nbsp;<a href="problem_show.php?id=2463"><nobr>2463</nobr></a>&nbsp;<a href="problem_show.php?id=2464"><nobr>2464</nobr></a>&nbsp;<a href="problem_show.php?id=2469"><nobr>2469</nobr></a>&nbsp;<a href="problem_show.php?id=2470"><nobr>2470</nobr></a>&nbsp;<a href="problem_show.php?id=2471"><nobr>2471</nobr></a>&nbsp;<a href="problem_show.php?id=2472"><nobr>2472</nobr></a>&nbsp;<a href="problem_show.php?id=2473"><nobr>2473</nobr></a>&nbsp;<a href="problem_show.php?id=2474"><nobr>2474</nobr></a>&nbsp;<a href="problem_show.php?id=2475"><nobr>2475</nobr></a>&nbsp;<br /><a href="problem_show.php?id=2476"><nobr>2476</nobr></a>&nbsp;<a href="problem_show.php?id=2477"><nobr>2477</nobr></a>&nbsp;<nobr>2482</nobr>&nbsp;<a href="problem_show.php?id=2497"><nobr>2497</nobr></a>&nbsp;<a href="problem_show.php?id=2498"><nobr>2498</nobr></a>&nbsp;<a href="problem_show.php?id=2499"><nobr>2499</nobr></a>&nbsp;<a href="problem_show.php?id=2509"><nobr>2509</nobr></a>&nbsp;<a href="problem_show.php?id=2514"><nobr>2514</nobr></a>&nbsp;<a href="problem_show.php?id=2515"><nobr>2515</nobr></a>&nbsp;<a href="problem_show.php?id=2523"><nobr>2523</nobr></a>&nbsp;<br /><a href="problem_show.php?id=2524"><nobr>2524</nobr></a>&nbsp;<a href="problem_show.php?id=2525"><nobr>2525</nobr></a>&nbsp;<a href="problem_show.php?id=2526"><nobr>2526</nobr></a>&nbsp;<a href="problem_show.php?id=2527"><nobr>2527</nobr></a>&nbsp;<a href="problem_show.php?id=2532"><nobr>2532</nobr></a>&nbsp;<a href="problem_show.php?id=2534"><nobr>2534</nobr></a>&nbsp;<a href="problem_show.php?id=2535"><nobr>2535</nobr></a>&nbsp;<a href="problem_show.php?id=2536"><nobr>2536</nobr></a>&nbsp;<a href="problem_show.php?id=2537"><nobr>2537</nobr></a>&nbsp;<a href="problem_show.php?id=2538"><nobr>2538</nobr></a>&nbsp;<br /><a href="problem_show.php?id=2539"><nobr>2539</nobr></a>&nbsp;<a href="problem_show.php?id=2540"><nobr>2540</nobr></a>&nbsp;<a href="problem_show.php?id=2541"><nobr>2541</nobr></a>&nbsp;<a href="problem_show.php?id=2542"><nobr>2542</nobr></a>&nbsp;<a href="problem_show.php?id=2543"><nobr>2543</nobr></a>&nbsp;<a href="problem_show.php?id=2544"><nobr>2544</nobr></a>&nbsp;<nobr>2545</nobr>&nbsp;<nobr>2546</nobr>&nbsp;<a href="problem_show.php?id=2551"><nobr>2551</nobr></a>&nbsp;<a href="problem_show.php?id=2552"><nobr>2552</nobr></a>&nbsp;<br /><a href="problem_show.php?id=2553"><nobr>2553</nobr></a>&nbsp;<a href="problem_show.php?id=2554"><nobr>2554</nobr></a>&nbsp;<a href="problem_show.php?id=2556"><nobr>2556</nobr></a>&nbsp;<a href="problem_show.php?id=2559"><nobr>2559</nobr></a>&nbsp;<a href="problem_show.php?id=2560"><nobr>2560</nobr></a>&nbsp;<a href="problem_show.php?id=2561"><nobr>2561</nobr></a>&nbsp;<a href="problem_show.php?id=2562"><nobr>2562</nobr></a>&nbsp;<a href="problem_show.php?id=2563"><nobr>2563</nobr></a>&nbsp;<a href="problem_show.php?id=2569"><nobr>2569</nobr></a>&nbsp;<a href="problem_show.php?id=2570"><nobr>2570</nobr></a>&nbsp;<br /><a href="problem_show.php?id=2571"><nobr>2571</nobr></a>&nbsp;<a href="problem_show.php?id=2572"><nobr>2572</nobr></a>&nbsp;<a href="problem_show.php?id=2574"><nobr>2574</nobr></a>&nbsp;<a href="problem_show.php?id=2576"><nobr>2576</nobr></a>&nbsp;<a href="problem_show.php?id=2577"><nobr>2577</nobr></a>&nbsp;<a href="problem_show.php?id=2578"><nobr>2578</nobr></a>&nbsp;<a href="problem_show.php?id=2579"><nobr>2579</nobr></a>&nbsp;<a href="problem_show.php?id=2581"><nobr>2581</nobr></a>&nbsp;<a href="problem_show.php?id=2587"><nobr>2587</nobr></a>&nbsp;<a href="problem_show.php?id=2588"><nobr>2588</nobr></a>&nbsp;<br /><a href="problem_show.php?id=2589"><nobr>2589</nobr></a>&nbsp;<a href="problem_show.php?id=2590"><nobr>2590</nobr></a>&nbsp;<a href="problem_show.php?id=2591"><nobr>2591</nobr></a>&nbsp;<a href="problem_show.php?id=2592"><nobr>2592</nobr></a>&nbsp;<a href="problem_show.php?id=2596"><nobr>2596</nobr></a>&nbsp;<a href="problem_show.php?id=2597"><nobr>2597</nobr></a>&nbsp;<a href="problem_show.php?id=2598"><nobr>2598</nobr></a>&nbsp;<a href="problem_show.php?id=2599"><nobr>2599</nobr></a>&nbsp;<a href="problem_show.php?id=2600"><nobr>2600</nobr></a>&nbsp;<a href="problem_show.php?id=2601"><nobr>2601</nobr></a>&nbsp;<br /><a href="problem_show.php?id=2602"><nobr>2602</nobr></a>&nbsp;<a href="problem_show.php?id=2603"><nobr>2603</nobr></a>&nbsp;<a href="problem_show.php?id=2604"><nobr>2604</nobr></a>&nbsp;<a href="problem_show.php?id=2606"><nobr>2606</nobr></a>&nbsp;<a href="problem_show.php?id=2608"><nobr>2608</nobr></a>&nbsp;<a href="problem_show.php?id=2609"><nobr>2609</nobr></a>&nbsp;<a href="problem_show.php?id=2610"><nobr>2610</nobr></a>&nbsp;<a href="problem_show.php?id=2633"><nobr>2633</nobr></a>&nbsp;<a href="problem_show.php?id=2634"><nobr>2634</nobr></a>&nbsp;<a href="problem_show.php?id=2635"><nobr>2635</nobr></a>&nbsp;<br /><a href="problem_show.php?id=2637"><nobr>2637</nobr></a>&nbsp;<a href="problem_show.php?id=2639"><nobr>2639</nobr></a>&nbsp;<a href="problem_show.php?id=2650"><nobr>2650</nobr></a>&nbsp;<a href="problem_show.php?id=2664"><nobr>2664</nobr></a>&nbsp;<a href="problem_show.php?id=2665"><nobr>2665</nobr></a>&nbsp;<a href="problem_show.php?id=2666"><nobr>2666</nobr></a>&nbsp;<a href="problem_show.php?id=2669"><nobr>2669</nobr></a>&nbsp;<a href="problem_show.php?id=2670"><nobr>2670</nobr></a>&nbsp;<a href="problem_show.php?id=2671"><nobr>2671</nobr></a>&nbsp;<a href="problem_show.php?id=2672"><nobr>2672</nobr></a>&nbsp;<br /><a href="problem_show.php?id=2673"><nobr>2673</nobr></a>&nbsp;<a href="problem_show.php?id=2685"><nobr>2685</nobr></a>&nbsp;<a href="problem_show.php?id=2692"><nobr>2692</nobr></a>&nbsp;<a href="problem_show.php?id=2693"><nobr>2693</nobr></a>&nbsp;<a href="problem_show.php?id=2694"><nobr>2694</nobr></a>&nbsp;<a href="problem_show.php?id=2703"><nobr>2703</nobr></a>&nbsp;<nobr>2704</nobr>&nbsp;<a href="problem_show.php?id=2705"><nobr>2705</nobr></a>&nbsp;<a href="problem_show.php?id=2716"><nobr>2716</nobr></a>&nbsp;<a href="problem_show.php?id=2718"><nobr>2718</nobr></a>&nbsp;<br /><a href="problem_show.php?id=2724"><nobr>2724</nobr></a>&nbsp;<a href="problem_show.php?id=2727"><nobr>2727</nobr></a>&nbsp;<a href="problem_show.php?id=2729"><nobr>2729</nobr></a>&nbsp;<a href="problem_show.php?id=2733"><nobr>2733</nobr></a>&nbsp;<a href="problem_show.php?id=2737"><nobr>2737</nobr></a>&nbsp;<a href="problem_show.php?id=2738"><nobr>2738</nobr></a>&nbsp;<a href="problem_show.php?id=2739"><nobr>2739</nobr></a>&nbsp;<a href="problem_show.php?id=2744"><nobr>2744</nobr></a>&nbsp;<a href="problem_show.php?id=2745"><nobr>2745</nobr></a>&nbsp;<a href="problem_show.php?id=2747"><nobr>2747</nobr></a>&nbsp;<br /><a href="problem_show.php?id=2748"><nobr>2748</nobr></a>&nbsp;<a href="problem_show.php?id=2749"><nobr>2749</nobr></a>&nbsp;<a href="problem_show.php?id=2758"><nobr>2758</nobr></a>&nbsp;<a href="problem_show.php?id=2759"><nobr>2759</nobr></a>&nbsp;<a href="problem_show.php?id=2760"><nobr>2760</nobr></a>&nbsp;<a href="problem_show.php?id=2761"><nobr>2761</nobr></a>&nbsp;<a href="problem_show.php?id=2762"><nobr>2762</nobr></a>&nbsp;<a href="problem_show.php?id=2763"><nobr>2763</nobr></a>&nbsp;<a href="problem_show.php?id=2764"><nobr>2764</nobr></a>&nbsp;<a href="problem_show.php?id=2767"><nobr>2767</nobr></a>&nbsp;<br /><a href="problem_show.php?id=2768"><nobr>2768</nobr></a>&nbsp;<a href="problem_show.php?id=2769"><nobr>2769</nobr></a>&nbsp;<a href="problem_show.php?id=2779"><nobr>2779</nobr></a>&nbsp;<a href="problem_show.php?id=2780"><nobr>2780</nobr></a>&nbsp;<a href="problem_show.php?id=2781"><nobr>2781</nobr></a>&nbsp;<a href="problem_show.php?id=2793"><nobr>2793</nobr></a>&nbsp;<a href="problem_show.php?id=2798"><nobr>2798</nobr></a>&nbsp;<a href="problem_show.php?id=2799"><nobr>2799</nobr></a>&nbsp;<a href="problem_show.php?id=2800"><nobr>2800</nobr></a>&nbsp;<a href="problem_show.php?id=2801"><nobr>2801</nobr></a>&nbsp;<br /><a href="problem_show.php?id=2802"><nobr>2802</nobr></a>&nbsp;<a href="problem_show.php?id=2803"><nobr>2803</nobr></a>&nbsp;<a href="problem_show.php?id=2808"><nobr>2808</nobr></a>&nbsp;<a href="problem_show.php?id=2809"><nobr>2809</nobr></a>&nbsp;<a href="problem_show.php?id=2810"><nobr>2810</nobr></a>&nbsp;<a href="problem_show.php?id=2811"><nobr>2811</nobr></a>&nbsp;<a href="problem_show.php?id=2819"><nobr>2819</nobr></a>&nbsp;<a href="problem_show.php?id=2827"><nobr>2827</nobr></a>&nbsp;<a href="problem_show.php?id=2828"><nobr>2828</nobr></a>&nbsp;<a href="problem_show.php?id=2829"><nobr>2829</nobr></a>&nbsp;<br /><a href="problem_show.php?id=2839"><nobr>2839</nobr></a>&nbsp;<a href="problem_show.php?id=2840"><nobr>2840</nobr></a>&nbsp;<a href="problem_show.php?id=2843"><nobr>2843</nobr></a>&nbsp;<a href="problem_show.php?id=2844"><nobr>2844</nobr></a>&nbsp;<a href="problem_show.php?id=2845"><nobr>2845</nobr></a>&nbsp;<a href="problem_show.php?id=2846"><nobr>2846</nobr></a>&nbsp;<a href="problem_show.php?id=2847"><nobr>2847</nobr></a>&nbsp;<a href="problem_show.php?id=2850"><nobr>2850</nobr></a>&nbsp;<a href="problem_show.php?id=2851"><nobr>2851</nobr></a>&nbsp;<a href="problem_show.php?id=2853"><nobr>2853</nobr></a>&nbsp;<br /><a href="problem_show.php?id=2854"><nobr>2854</nobr></a>&nbsp;<a href="problem_show.php?id=2857"><nobr>2857</nobr></a>&nbsp;<a href="problem_show.php?id=2858"><nobr>2858</nobr></a>&nbsp;<a href="problem_show.php?id=2862"><nobr>2862</nobr></a>&nbsp;<a href="problem_show.php?id=2867"><nobr>2867</nobr></a>&nbsp;<a href="problem_show.php?id=2870"><nobr>2870</nobr></a>&nbsp;<a href="problem_show.php?id=2872"><nobr>2872</nobr></a>&nbsp;<a href="problem_show.php?id=2879"><nobr>2879</nobr></a>&nbsp;<a href="problem_show.php?id=2881"><nobr>2881</nobr></a>&nbsp;<a href="problem_show.php?id=2882"><nobr>2882</nobr></a>&nbsp;<br /><a href="problem_show.php?id=2884"><nobr>2884</nobr></a>&nbsp;<a href="problem_show.php?id=2885"><nobr>2885</nobr></a>&nbsp;<a href="problem_show.php?id=2888"><nobr>2888</nobr></a>&nbsp;<a href="problem_show.php?id=2890"><nobr>2890</nobr></a>&nbsp;<a href="problem_show.php?id=2896"><nobr>2896</nobr></a>&nbsp;<a href="problem_show.php?id=2897"><nobr>2897</nobr></a>&nbsp;<a href="problem_show.php?id=2898"><nobr>2898</nobr></a>&nbsp;<a href="problem_show.php?id=2899"><nobr>2899</nobr></a>&nbsp;<a href="problem_show.php?id=2916"><nobr>2916</nobr></a>&nbsp;<a href="problem_show.php?id=2920"><nobr>2920</nobr></a>&nbsp;<br /><a href="problem_show.php?id=2921"><nobr>2921</nobr></a>&nbsp;<a href="problem_show.php?id=2922"><nobr>2922</nobr></a>&nbsp;<a href="problem_show.php?id=2923"><nobr>2923</nobr></a>&nbsp;<a href="problem_show.php?id=2924"><nobr>2924</nobr></a>&nbsp;<a href="problem_show.php?id=2925"><nobr>2925</nobr></a>&nbsp;<a href="problem_show.php?id=2928"><nobr>2928</nobr></a>&nbsp;<a href="problem_show.php?id=2939"><nobr>2939</nobr></a>&nbsp;<a href="problem_show.php?id=2942"><nobr>2942</nobr></a>&nbsp;<a href="problem_show.php?id=2948"><nobr>2948</nobr></a>&nbsp;<a href="problem_show.php?id=2949"><nobr>2949</nobr></a>&nbsp;<br /><a href="problem_show.php?id=2950"><nobr>2950</nobr></a>&nbsp;<a href="problem_show.php?id=2951"><nobr>2951</nobr></a>&nbsp;<a href="problem_show.php?id=2966"><nobr>2966</nobr></a>&nbsp;<a href="problem_show.php?id=2968"><nobr>2968</nobr></a>&nbsp;<a href="problem_show.php?id=2987"><nobr>2987</nobr></a>&nbsp;<a href="problem_show.php?id=2989"><nobr>2989</nobr></a>&nbsp;<a href="problem_show.php?id=2993"><nobr>2993</nobr></a>&nbsp;<a href="problem_show.php?id=2995"><nobr>2995</nobr></a>&nbsp;<a href="problem_show.php?id=2996"><nobr>2996</nobr></a>&nbsp;<a href="problem_show.php?id=2997"><nobr>2997</nobr></a>&nbsp;<br /><a href="problem_show.php?id=2998"><nobr>2998</nobr></a>&nbsp;<a href="problem_show.php?id=2999"><nobr>2999</nobr></a>&nbsp;<a href="problem_show.php?id=3000"><nobr>3000</nobr></a>&nbsp;<a href="problem_show.php?id=3001"><nobr>3001</nobr></a>&nbsp;<a href="problem_show.php?id=3002"><nobr>3002</nobr></a>&nbsp;<a href="problem_show.php?id=3004"><nobr>3004</nobr></a>&nbsp;<a href="problem_show.php?id=3005"><nobr>3005</nobr></a>&nbsp;<a href="problem_show.php?id=3006"><nobr>3006</nobr></a>&nbsp;<a href="problem_show.php?id=3008"><nobr>3008</nobr></a>&nbsp;<a href="problem_show.php?id=3015"><nobr>3015</nobr></a>&nbsp;<br /><a href="problem_show.php?id=3016"><nobr>3016</nobr></a>&nbsp;<a href="problem_show.php?id=3018"><nobr>3018</nobr></a>&nbsp;<a href="problem_show.php?id=3028"><nobr>3028</nobr></a>&nbsp;<a href="problem_show.php?id=3031"><nobr>3031</nobr></a>&nbsp;<a href="problem_show.php?id=3047"><nobr>3047</nobr></a>&nbsp;<a href="problem_show.php?id=3061"><nobr>3061</nobr></a>&nbsp;<a href="problem_show.php?id=3065"><nobr>3065</nobr></a>&nbsp;<a href="problem_show.php?id=3075"><nobr>3075</nobr></a>&nbsp;<a href="problem_show.php?id=3077"><nobr>3077</nobr></a>&nbsp;<a href="problem_show.php?id=3093"><nobr>3093</nobr></a>&nbsp;<br /><a href="problem_show.php?id=3101"><nobr>3101</nobr></a>&nbsp;<a href="problem_show.php?id=3117"><nobr>3117</nobr></a>&nbsp;<a href="problem_show.php?id=3122"><nobr>3122</nobr></a>&nbsp;<a href="problem_show.php?id=3123"><nobr>3123</nobr></a>&nbsp;<a href="problem_show.php?id=3124"><nobr>3124</nobr></a>&nbsp;<a href="problem_show.php?id=3127"><nobr>3127</nobr></a>&nbsp;<a href="problem_show.php?id=3128"><nobr>3128</nobr></a>&nbsp;<a href="problem_show.php?id=3129"><nobr>3129</nobr></a>&nbsp;<a href="problem_show.php?id=3138"><nobr>3138</nobr></a>&nbsp;<a href="problem_show.php?id=3143"><nobr>3143</nobr></a>&nbsp;<br /><a href="problem_show.php?id=3159"><nobr>3159</nobr></a>&nbsp;<a href="problem_show.php?id=3160"><nobr>3160</nobr></a>&nbsp;<a href="problem_show.php?id=3161"><nobr>3161</nobr></a>&nbsp;<a href="problem_show.php?id=3162"><nobr>3162</nobr></a>&nbsp;<a href="problem_show.php?id=3163"><nobr>3163</nobr></a>&nbsp;<a href="problem_show.php?id=3164"><nobr>3164</nobr></a>&nbsp;<a href="problem_show.php?id=3165"><nobr>3165</nobr></a>&nbsp;<a href="problem_show.php?id=3166"><nobr>3166</nobr></a>&nbsp;<a href="problem_show.php?id=3167"><nobr>3167</nobr></a>&nbsp;<a href="problem_show.php?id=3168"><nobr>3168</nobr></a>&nbsp;<br /><a href="problem_show.php?id=3169"><nobr>3169</nobr></a>&nbsp;<a href="problem_show.php?id=3173"><nobr>3173</nobr></a>&nbsp;<a href="problem_show.php?id=3174"><nobr>3174</nobr></a>&nbsp;<a href="problem_show.php?id=3175"><nobr>3175</nobr></a>&nbsp;<a href="problem_show.php?id=3176"><nobr>3176</nobr></a>&nbsp;<a href="problem_show.php?id=3177"><nobr>3177</nobr></a>&nbsp;<a href="problem_show.php?id=3178"><nobr>3178</nobr></a>&nbsp;<a href="problem_show.php?id=3181"><nobr>3181</nobr></a>&nbsp;<a href="problem_show.php?id=3182"><nobr>3182</nobr></a>&nbsp;<a href="problem_show.php?id=3183"><nobr>3183</nobr></a>&nbsp;<br /><a href="problem_show.php?id=3185"><nobr>3185</nobr></a>&nbsp;<a href="problem_show.php?id=3186"><nobr>3186</nobr></a>&nbsp;<a href="problem_show.php?id=3187"><nobr>3187</nobr></a>&nbsp;<a href="problem_show.php?id=3188"><nobr>3188</nobr></a>&nbsp;<a href="problem_show.php?id=3189"><nobr>3189</nobr></a>&nbsp;<a href="problem_show.php?id=3190"><nobr>3190</nobr></a>&nbsp;<a href="problem_show.php?id=3191"><nobr>3191</nobr></a>&nbsp;<a href="problem_show.php?id=3195"><nobr>3195</nobr></a>&nbsp;<a href="problem_show.php?id=3197"><nobr>3197</nobr></a>&nbsp;<a href="problem_show.php?id=3222"><nobr>3222</nobr></a>&nbsp;<br /><a href="problem_show.php?id=3226"><nobr>3226</nobr></a>&nbsp;<a href="problem_show.php?id=3230"><nobr>3230</nobr></a>&nbsp;<a href="problem_show.php?id=3240"><nobr>3240</nobr></a>&nbsp;<nobr>3244</nobr>&nbsp;<a href="problem_show.php?id=3245"><nobr>3245</nobr></a>&nbsp;<a href="problem_show.php?id=3286"><nobr>3286</nobr></a>&nbsp;<a href="problem_show.php?id=3287"><nobr>3287</nobr></a>&nbsp;<a href="problem_show.php?id=3288"><nobr>3288</nobr></a>&nbsp;<a href="problem_show.php?id=3369"><nobr>3369</nobr></a>&nbsp;<a href="problem_show.php?id=3383"><nobr>3383</nobr></a>&nbsp;<br /><a href="problem_show.php?id=3420"><nobr>3420</nobr></a>&nbsp;<a href="problem_show.php?id=3451"><nobr>3451</nobr></a>&nbsp;<a href="problem_show.php?id=3477"><nobr>3477</nobr></a>&nbsp;<a href="problem_show.php?id=3487"><nobr>3487</nobr></a>&nbsp;<a href="problem_show.php?id=3490"><nobr>3490</nobr></a>&nbsp;<a href="problem_show.php?id=3495"><nobr>3495</nobr></a>&nbsp;<a href="problem_show.php?id=3509"><nobr>3509</nobr></a>&nbsp;<a href="problem_show.php?id=3510"><nobr>3510</nobr></a>&nbsp;<a href="problem_show.php?id=3511"><nobr>3511</nobr></a>&nbsp;<a href="problem_show.php?id=3513"><nobr>3513</nobr></a>&nbsp;<br /><a href="problem_show.php?id=3514"><nobr>3514</nobr></a>&nbsp;<a href="problem_show.php?id=3551"><nobr>3551</nobr></a>&nbsp;<a href="problem_show.php?id=3628"><nobr>3628</nobr></a>&nbsp;<nobr>3634</nobr>&nbsp;<a href="problem_show.php?id=3635"><nobr>3635</nobr></a>&nbsp;<a href="problem_show.php?id=3637"><nobr>3637</nobr></a>&nbsp;<a href="problem_show.php?id=3639"><nobr>3639</nobr></a>&nbsp;<a href="problem_show.php?id=3640"><nobr>3640</nobr></a>&nbsp;<a href="problem_show.php?id=3641"><nobr>3641</nobr></a>&nbsp;<a href="problem_show.php?id=3642"><nobr>3642</nobr></a>&nbsp;<br /><a href="problem_show.php?id=3650"><nobr>3650</nobr></a>&nbsp;<a href="problem_show.php?id=3661"><nobr>3661</nobr></a>&nbsp;<a href="problem_show.php?id=3665"><nobr>3665</nobr></a>&nbsp;<a href="problem_show.php?id=3676"><nobr>3676</nobr></a>&nbsp;<a href="problem_show.php?id=3677"><nobr>3677</nobr></a>&nbsp;<a href="problem_show.php?id=3681"><nobr>3681</nobr></a>&nbsp;<a href="problem_show.php?id=3701"><nobr>3701</nobr></a>&nbsp;<a href="problem_show.php?id=3702"><nobr>3702</nobr></a>&nbsp;<a href="problem_show.php?id=3706"><nobr>3706</nobr></a>&nbsp;<a href="problem_show.php?id=3707"><nobr>3707</nobr></a>&nbsp;<br /><a href="problem_show.php?id=3709"><nobr>3709</nobr></a>&nbsp;<a href="problem_show.php?id=3711"><nobr>3711</nobr></a>&nbsp;<a href="problem_show.php?id=3712"><nobr>3712</nobr></a>&nbsp;<a href="problem_show.php?id=3713"><nobr>3713</nobr></a>&nbsp;<a href="problem_show.php?id=3715"><nobr>3715</nobr></a>&nbsp;<a href="problem_show.php?id=3716"><nobr>3716</nobr></a>&nbsp;<a href="problem_show.php?id=3717"><nobr>3717</nobr></a>&nbsp;<a href="problem_show.php?id=3718"><nobr>3718</nobr></a>&nbsp;<a href="problem_show.php?id=3719"><nobr>3719</nobr></a>&nbsp;<a href="problem_show.php?id=3720"><nobr>3720</nobr></a>&nbsp;<br /><a href="problem_show.php?id=3741"><nobr>3741</nobr></a>&nbsp;<a href="problem_show.php?id=3747"><nobr>3747</nobr></a>&nbsp;<a href="problem_show.php?id=3775"><nobr>3775</nobr></a>&nbsp;<a href="problem_show.php?id=3781"><nobr>3781</nobr></a>&nbsp;<a href="problem_show.php?id=3820"><nobr>3820</nobr></a>&nbsp;<a href="problem_show.php?id=3828"><nobr>3828</nobr></a>&nbsp;<a href="problem_show.php?id=3829"><nobr>3829</nobr></a>&nbsp;<a href="problem_show.php?id=3830"><nobr>3830</nobr></a>&nbsp;<a href="problem_show.php?id=3831"><nobr>3831</nobr></a>&nbsp;<a href="problem_show.php?id=3832"><nobr>3832</nobr></a>&nbsp;<br /><a href="problem_show.php?id=3833"><nobr>3833</nobr></a>&nbsp;<a href="problem_show.php?id=3836"><nobr>3836</nobr></a>&nbsp;<a href="problem_show.php?id=3838"><nobr>3838</nobr></a>&nbsp;<a href="problem_show.php?id=3840"><nobr>3840</nobr></a>&nbsp;<a href="problem_show.php?id=3841"><nobr>3841</nobr></a>&nbsp;<a href="problem_show.php?id=3842"><nobr>3842</nobr></a>&nbsp;<a href="problem_show.php?id=3843"><nobr>3843</nobr></a>&nbsp;<a href="problem_show.php?id=3844"><nobr>3844</nobr></a>&nbsp;<a href="problem_show.php?id=3845"><nobr>3845</nobr></a>&nbsp;<a href="problem_show.php?id=3846"><nobr>3846</nobr></a>&nbsp;<br /><a href="problem_show.php?id=3847"><nobr>3847</nobr></a>&nbsp;<a href="problem_show.php?id=3848"><nobr>3848</nobr></a>&nbsp;<a href="problem_show.php?id=3885"><nobr>3885</nobr></a>&nbsp;<a href="problem_show.php?id=3886"><nobr>3886</nobr></a>&nbsp;<a href="problem_show.php?id=3888"><nobr>3888</nobr></a>&nbsp;<a href="problem_show.php?id=3889"><nobr>3889</nobr></a>&nbsp;<a href="problem_show.php?id=3896"><nobr>3896</nobr></a>&nbsp;<a href="problem_show.php?id=3964"><nobr>3964</nobr></a>&nbsp;<a href="problem_show.php?id=3979"><nobr>3979</nobr></a>&nbsp;<a href="problem_show.php?id=3981"><nobr>3981</nobr></a>&nbsp;<br /><a href="problem_show.php?id=3982"><nobr>3982</nobr></a>&nbsp;<a href="problem_show.php?id=3983"><nobr>3983</nobr></a>&nbsp;<a href="problem_show.php?id=4030"><nobr>4030</nobr></a>&nbsp;<a href="problem_show.php?id=4032"><nobr>4032</nobr></a>&nbsp;<nobr>4033</nobr>&nbsp;<a href="problem_show.php?id=4034"><nobr>4034</nobr></a>&nbsp;<a href="problem_show.php?id=4060"><nobr>4060</nobr></a>&nbsp;<a href="problem_show.php?id=4067"><nobr>4067</nobr></a>&nbsp;<a href="problem_show.php?id=4068"><nobr>4068</nobr></a>&nbsp;<a href="problem_show.php?id=4069"><nobr>4069</nobr></a>&nbsp;<br /><a href="problem_show.php?id=4092"><nobr>4092</nobr></a>&nbsp;<a href="problem_show.php?id=4094"><nobr>4094</nobr></a>&nbsp;<a href="problem_show.php?id=4109"><nobr>4109</nobr></a>&nbsp;<a href="problem_show.php?id=4119"><nobr>4119</nobr></a>&nbsp;<a href="problem_show.php?id=4144"><nobr>4144</nobr></a>&nbsp;<a href="problem_show.php?id=4145"><nobr>4145</nobr></a>&nbsp;<a href="problem_show.php?id=4146"><nobr>4146</nobr></a>&nbsp;<a href="problem_show.php?id=4155"><nobr>4155</nobr></a>&nbsp;<a href="problem_show.php?id=4158"><nobr>4158</nobr></a>&nbsp;<a href="problem_show.php?id=4163"><nobr>4163</nobr></a>&nbsp;<br /><a href="problem_show.php?id=4164"><nobr>4164</nobr></a>&nbsp;<a href="problem_show.php?id=4165"><nobr>4165</nobr></a>&nbsp;<a href="problem_show.php?id=4185"><nobr>4185</nobr></a>&nbsp;<a href="problem_show.php?id=4186"><nobr>4186</nobr></a>&nbsp;<a href="problem_show.php?id=4187"><nobr>4187</nobr></a>&nbsp;<a href="problem_show.php?id=4196"><nobr>4196</nobr></a>&nbsp;<a href="problem_show.php?id=4197"><nobr>4197</nobr></a>&nbsp;<a href="problem_show.php?id=4198"><nobr>4198</nobr></a>&nbsp;<a href="problem_show.php?id=4208"><nobr>4208</nobr></a>&nbsp;<a href="problem_show.php?id=4209"><nobr>4209</nobr></a>&nbsp;<br /><a href="problem_show.php?id=4210"><nobr>4210</nobr></a>&nbsp;<a href="problem_show.php?id=4220"><nobr>4220</nobr></a>&nbsp;<a href="problem_show.php?id=4221"><nobr>4221</nobr></a>&nbsp;<a href="problem_show.php?id=4228"><nobr>4228</nobr></a>&nbsp;<a href="problem_show.php?id=4229"><nobr>4229</nobr></a>&nbsp;<a href="problem_show.php?id=4230"><nobr>4230</nobr></a>&nbsp;<a href="problem_show.php?id=4237"><nobr>4237</nobr></a>&nbsp;<a href="problem_show.php?id=4238"><nobr>4238</nobr></a>&nbsp;<a href="problem_show.php?id=4256"><nobr>4256</nobr></a>&nbsp;<a href="problem_show.php?id=4257"><nobr>4257</nobr></a>&nbsp;<br /><a href="problem_show.php?id=4258"><nobr>4258</nobr></a>&nbsp;<a href="problem_show.php?id=4259"><nobr>4259</nobr></a>&nbsp;<a href="problem_show.php?id=4260"><nobr>4260</nobr></a>&nbsp;<a href="problem_show.php?id=4261"><nobr>4261</nobr></a>&nbsp;<a href="problem_show.php?id=4262"><nobr>4262</nobr></a>&nbsp;<a href="problem_show.php?id=4263"><nobr>4263</nobr></a>&nbsp;<a href="problem_show.php?id=4264"><nobr>4264</nobr></a>&nbsp;<a href="problem_show.php?id=4265"><nobr>4265</nobr></a>&nbsp;<a href="problem_show.php?id=4266"><nobr>4266</nobr></a>&nbsp;<nobr>4268</nobr>&nbsp;<br /><a href="problem_show.php?id=4269"><nobr>4269</nobr></a>&nbsp;<a href="problem_show.php?id=4270"><nobr>4270</nobr></a>&nbsp;<a href="problem_show.php?id=4271"><nobr>4271</nobr></a>&nbsp;<a href="problem_show.php?id=4272"><nobr>4272</nobr></a>&nbsp;<a href="problem_show.php?id=4273"><nobr>4273</nobr></a>&nbsp;<a href="problem_show.php?id=4274"><nobr>4274</nobr></a>&nbsp;<a href="problem_show.php?id=4294"><nobr>4294</nobr></a>&nbsp;<a href="problem_show.php?id=4298"><nobr>4298</nobr></a>&nbsp;<a href="problem_show.php?id=4299"><nobr>4299</nobr></a>&nbsp;<a href="problem_show.php?id=4300"><nobr>4300</nobr></a>&nbsp;<br /><nobr>4303</nobr>&nbsp;<a href="problem_show.php?id=4325"><nobr>4325</nobr></a>&nbsp;<a href="problem_show.php?id=4326"><nobr>4326</nobr></a>&nbsp;<a href="problem_show.php?id=4341"><nobr>4341</nobr></a>&nbsp;<a href="problem_show.php?id=4342"><nobr>4342</nobr></a>&nbsp;<a href="problem_show.php?id=4343"><nobr>4343</nobr></a>&nbsp;<a href="problem_show.php?id=4350"><nobr>4350</nobr></a>&nbsp;<a href="problem_show.php?id=4351"><nobr>4351</nobr></a>&nbsp;<a href="problem_show.php?id=4352"><nobr>4352</nobr></a>&nbsp;<a href="problem_show.php?id=4356"><nobr>4356</nobr></a>&nbsp;<br /><a href="problem_show.php?id=4357"><nobr>4357</nobr></a>&nbsp;<a href="problem_show.php?id=4358"><nobr>4358</nobr></a>&nbsp;<a href="problem_show.php?id=4359"><nobr>4359</nobr></a>&nbsp;<a href="problem_show.php?id=4360"><nobr>4360</nobr></a>&nbsp;<a href="problem_show.php?id=4361"><nobr>4361</nobr></a>&nbsp;<a href="problem_show.php?id=4362"><nobr>4362</nobr></a>&nbsp;<a href="problem_show.php?id=4363"><nobr>4363</nobr></a>&nbsp;<a href="problem_show.php?id=4364"><nobr>4364</nobr></a>&nbsp;<a href="problem_show.php?id=4365"><nobr>4365</nobr></a>&nbsp;<a href="problem_show.php?id=4366"><nobr>4366</nobr></a>&nbsp;<br /><a href="problem_show.php?id=4367"><nobr>4367</nobr></a>&nbsp;<a href="problem_show.php?id=4371"><nobr>4371</nobr></a>&nbsp;<a href="problem_show.php?id=4372"><nobr>4372</nobr></a>&nbsp;<a href="problem_show.php?id=4373"><nobr>4373</nobr></a>&nbsp;<a href="problem_show.php?id=4381"><nobr>4381</nobr></a>&nbsp;<a href="problem_show.php?id=4385"><nobr>4385</nobr></a>&nbsp;<a href="problem_show.php?id=4386"><nobr>4386</nobr></a>&nbsp;<a href="problem_show.php?id=4387"><nobr>4387</nobr></a>&nbsp;<a href="problem_show.php?id=4388"><nobr>4388</nobr></a>&nbsp;<a href="problem_show.php?id=4389"><nobr>4389</nobr></a>&nbsp;<br /><a href="problem_show.php?id=4391"><nobr>4391</nobr></a>&nbsp;<a href="problem_show.php?id=4395"><nobr>4395</nobr></a>&nbsp;<a href="problem_show.php?id=4401"><nobr>4401</nobr></a>&nbsp;<a href="problem_show.php?id=4402"><nobr>4402</nobr></a>&nbsp;<a href="problem_show.php?id=4404"><nobr>4404</nobr></a>&nbsp;<a href="problem_show.php?id=4412"><nobr>4412</nobr></a>&nbsp;<a href="problem_show.php?id=4413"><nobr>4413</nobr></a>&nbsp;<a href="problem_show.php?id=4414"><nobr>4414</nobr></a>&nbsp;<a href="problem_show.php?id=4415"><nobr>4415</nobr></a>&nbsp;<a href="problem_show.php?id=4416"><nobr>4416</nobr></a>&nbsp;<br /><a href="problem_show.php?id=4422"><nobr>4422</nobr></a>&nbsp;<a href="problem_show.php?id=4423"><nobr>4423</nobr></a>&nbsp;<a href="problem_show.php?id=4424"><nobr>4424</nobr></a>&nbsp;<a href="problem_show.php?id=4425"><nobr>4425</nobr></a>&nbsp;<a href="problem_show.php?id=4426"><nobr>4426</nobr></a>&nbsp;<nobr>4449</nobr>&nbsp;<a href="problem_show.php?id=4450"><nobr>4450</nobr></a>&nbsp;<a href="problem_show.php?id=4451"><nobr>4451</nobr></a>&nbsp;<a href="problem_show.php?id=4452"><nobr>4452</nobr></a>&nbsp;<a href="problem_show.php?id=4453"><nobr>4453</nobr></a>&nbsp;<br /><a href="problem_show.php?id=4454"><nobr>4454</nobr></a>&nbsp;<a href="problem_show.php?id=4475"><nobr>4475</nobr></a>&nbsp;<a href="problem_show.php?id=4476"><nobr>4476</nobr></a>&nbsp;<a href="problem_show.php?id=4477"><nobr>4477</nobr></a>&nbsp;<a href="problem_show.php?id=4478"><nobr>4478</nobr></a>&nbsp;<a href="problem_show.php?id=4480"><nobr>4480</nobr></a>&nbsp;<a href="problem_show.php?id=4492"><nobr>4492</nobr></a>&nbsp;<a href="problem_show.php?id=4493"><nobr>4493</nobr></a>&nbsp;<a href="problem_show.php?id=4494"><nobr>4494</nobr></a>&nbsp;<a href="problem_show.php?id=4502"><nobr>4502</nobr></a>&nbsp;<br /><a href="problem_show.php?id=4505"><nobr>4505</nobr></a>&nbsp;<a href="problem_show.php?id=4506"><nobr>4506</nobr></a>&nbsp;<a href="problem_show.php?id=4507"><nobr>4507</nobr></a>&nbsp;<a href="problem_show.php?id=4511"><nobr>4511</nobr></a>&nbsp;<a href="problem_show.php?id=4512"><nobr>4512</nobr></a>&nbsp;<a href="problem_show.php?id=4513"><nobr>4513</nobr></a>&nbsp;<a href="problem_show.php?id=4514"><nobr>4514</nobr></a>&nbsp;<a href="problem_show.php?id=4515"><nobr>4515</nobr></a>&nbsp;<a href="problem_show.php?id=4516"><nobr>4516</nobr></a>&nbsp;<a href="problem_show.php?id=4517"><nobr>4517</nobr></a>&nbsp;<br /><a href="problem_show.php?id=4518"><nobr>4518</nobr></a>&nbsp;<a href="problem_show.php?id=4519"><nobr>4519</nobr></a>&nbsp;<a href="problem_show.php?id=4520"><nobr>4520</nobr></a>&nbsp;<a href="problem_show.php?id=4521"><nobr>4521</nobr></a>&nbsp;<a href="problem_show.php?id=4522"><nobr>4522</nobr></a>&nbsp;<a href="problem_show.php?id=4523"><nobr>4523</nobr></a>&nbsp;<a href="problem_show.php?id=4542"><nobr>4542</nobr></a>&nbsp;<a href="problem_show.php?id=4558"><nobr>4558</nobr></a>&nbsp;<a href="problem_show.php?id=4559"><nobr>4559</nobr></a>&nbsp;<a href="problem_show.php?id=4560"><nobr>4560</nobr></a>&nbsp;<br /><a href="problem_show.php?id=4571"><nobr>4571</nobr></a>&nbsp;<a href="problem_show.php?id=4572"><nobr>4572</nobr></a>&nbsp;<a href="problem_show.php?id=4578"><nobr>4578</nobr></a>&nbsp;<a href="problem_show.php?id=4624"><nobr>4624</nobr></a>&nbsp;<a href="problem_show.php?id=4629"><nobr>4629</nobr></a>&nbsp;<a href="problem_show.php?id=4630"><nobr>4630</nobr></a>&nbsp;<nobr>4632</nobr>&nbsp;<a href="problem_show.php?id=4645"><nobr>4645</nobr></a>&nbsp;<a href="problem_show.php?id=4647"><nobr>4647</nobr></a>&nbsp;<a href="problem_show.php?id=4650"><nobr>4650</nobr></a>&nbsp;<br /><a href="problem_show.php?id=4651"><nobr>4651</nobr></a>&nbsp;<a href="problem_show.php?id=4654"><nobr>4654</nobr></a>&nbsp;<a href="problem_show.php?id=4655"><nobr>4655</nobr></a>&nbsp;<a href="problem_show.php?id=4656"><nobr>4656</nobr></a>&nbsp;<a href="problem_show.php?id=4658"><nobr>4658</nobr></a>&nbsp;<a href="problem_show.php?id=4661"><nobr>4661</nobr></a>&nbsp;<a href="problem_show.php?id=4662"><nobr>4662</nobr></a>&nbsp;<a href="problem_show.php?id=4663"><nobr>4663</nobr></a>&nbsp;<a href="problem_show.php?id=4667"><nobr>4667</nobr></a>&nbsp;<a href="problem_show.php?id=4669"><nobr>4669</nobr></a>&nbsp;<br /><a href="problem_show.php?id=4674"><nobr>4674</nobr></a>&nbsp;<a href="problem_show.php?id=4676"><nobr>4676</nobr></a>&nbsp;<a href="problem_show.php?id=4679"><nobr>4679</nobr></a>&nbsp;<a href="problem_show.php?id=4680"><nobr>4680</nobr></a>&nbsp;<a href="problem_show.php?id=4681"><nobr>4681</nobr></a>&nbsp;<a href="problem_show.php?id=4690"><nobr>4690</nobr></a>&nbsp;<a href="problem_show.php?id=4691"><nobr>4691</nobr></a>&nbsp;<a href="problem_show.php?id=4692"><nobr>4692</nobr></a>&nbsp;<a href="problem_show.php?id=4693"><nobr>4693</nobr></a>&nbsp;<a href="problem_show.php?id=4694"><nobr>4694</nobr></a>&nbsp;<br /><a href="problem_show.php?id=4695"><nobr>4695</nobr></a>&nbsp;<a href="problem_show.php?id=4709"><nobr>4709</nobr></a>&nbsp;<a href="problem_show.php?id=4710"><nobr>4710</nobr></a>&nbsp;<a h

