=== DEBUG LOG [profile_full_result] ===
Source: API result
Timestamp: 2026-07-05T02:26:54.687654

=== CONTENT ===
Returning profile for uid=2952, username=HHRhhr

=== PARSED DATA ===
{
  "id": "2952",
  "uid": "2952",
  "username": "HHRhhr",
  "username_html": "<span style=\"color:#ABDE28;font-family:georgia;text-shadow:0px 0px 5px white;\"><strong>HHRhhr</strong></span>",
  "nickname": "黄泓睿",
  "realName": "黄泓睿",
  "real_name": "黄泓睿",
  "school": "福州一中高中部",
  "email": "379134937@qq.com",
  "signature": "",
  "bio": "",
  "bio_html": "",
  "avatar_url": "",
  "avatarUrl": "",
  "header_image_url": "",
  "solvedCount": 149,
  "solved_count": 149,
  "submissionCount": 316,
  "submission_count": 316,
  "passRatePercent": 47.2,
  "rank": "",
  "is_banned": false,
  "isBanned": false,
  "tags": [
    {
      "text": "区",
      "tag": "区",
      "color": "#0004ff"
    }
  ],
  "solvedProblems": [
    {
      "id": "1000",
      "title": "1000",
      "difficulty": 0,
      "pass_rate": 0,
      "ac_count": 0,
      "url": "https://183.250.108.194:500/OnlineJudge/problem_show.php?id=1000"
    },
    {
      "id": "1005",
      "title": "1005",
      "difficulty": 0,
      "pass_rate": 0,
      "ac_count": 0,
      "url": "https://183.250.108.194:500/OnlineJudge/problem_show.php?id=1005"
    },
    {
      "id": "1012",
      "title": "1012",
      "difficulty": 0,
      "pass_rate": 0,
      "ac_count": 0,
      "url": "https://183.250.108.194:500/OnlineJudge/problem_show.php?id=1012"
    },
    {
      "id": "1020",
      "title": "1020",
      "difficulty": 0,
      "pass_rate": 0,
      "ac_count": 0,
      "url": "https://183.250.108.194:500/OnlineJudge/problem_show.php?id=1020"
    },
    {
      "id": "1037",
      "title": "1037",
      "difficulty": 0,
      "pass_rate": 0,
      "ac_count": 0,
      "url": "https://183.250.108.194:500/OnlineJudge/problem_show.php?id=1037"
    },
    {
      "id": "1058",
      "title": "1058",
      "difficulty": 0,
      "pass_rate": 0,
      "ac_count": 0,
      "url": "https://183.250.108.194:500/OnlineJudge/problem_show.php?id=1058"
    },
    {
      "id": "1177",
      "title": "1177",
      "difficulty": 0,
      "pass_rate": 0,
      "ac_count": 0,
      "url": "https://183.250.108.194:500/OnlineJudge/problem_show.php?id=1177"
    },
    {
      "id": "1178",
      "title": "1178",
      "difficulty": 0,
      "pass_rate": 0,
      "ac_count": 0,
      "url": "https://183.250.108.194:500/OnlineJudge/problem_show.php?id=1178"
    },
    {
      "id": "1181",
      "title": "1181",
      "difficulty": 0,
      "pass_rate": 0,
      "ac_count": 0,
      "url": "https://183.250.108.194:500/OnlineJudge/problem_show.php?id=1181"
    },
    {
      "id": "1186",
      "title": "1186",
      "difficulty": 0,
      "pass_rate": 0,
      "ac_count": 0,
      "url": "https://183.250.108.194:500/OnlineJudge/problem_show.php?id=1186"
    },
    {
      "id": "1218",
      "title": "1218",
      "difficulty": 0,
      "pass_rate": 0,
      "ac_count": 0,
      "url": "https://183.250.108.194:500/OnlineJudge/problem_show.php?id=1218"
    },
    {
      "id": "1248",
      "title": "1248",
      "difficulty": 0,
      "pass_rate": 0,
      "ac_count": 0,
      "url": "https://183.250.108.194:500/OnlineJudge/problem_show.php?id=1248"
    },
    {
      "id": "1365",
      "title": "1365",
      "difficulty": 0,
      "pass_rate": 0,
      "ac_count": 0,
      "url": "https://183.250.108.194:500/OnlineJudge/problem_show.php?id=1365"
    },
    {
      "id": "1382",
      "title": "1382",
      "difficulty": 0,
      "pass_rate": 0,
      "ac_count": 0,
      "url": "https://183.250.108.194:500/OnlineJudge/problem_show.php?id=1382"
    },
    {
      "id": "1596",
      "title": "1596",
      "difficulty": 0,
      "pass_rate": 0,
      "ac_count": 0,
      "url": "https://183.250.108.194:500/OnlineJudge/problem_show.php?id=1596"
    },
    {
      "id": "1660",
      "title": "1660",
      "difficulty": 0,
      "pass_rate": 0,
      "ac_count": 0,
      "url": "https://183.250.108.194:500/OnlineJudge/problem_show.php?id=1660"
    },
    {
      "id": "1704",
      "title": "1704",
      "difficulty": 0,
      "pass_rate": 0,
      "ac_count": 0,
      "url": "https://183.250.108.194:500/OnlineJudge/problem_show.php?id=1704"
    },
    {
      "id": "1867",
      "title": "1867",
      "difficulty": 0,
      "pass_rate": 0,
      "ac_count": 0,
      "url": "https://183.250.108.194:500/OnlineJudge/problem_show.php?id=1867"
    },
    {
      "id": "2071",
      "title": "2071",
      "difficulty": 0,
      "pass_rate": 0,
      "ac_count": 0,
      "url": "https://183.250.108.194:500/OnlineJudge/problem_show.php?id=2071"
    },
    {
      "id": "2096",
      "title": "2096",
      "difficulty": 0,
      "pass_rate": 0,
      "ac_count": 0,
      "url": "https://183.250.108.194:500/OnlineJudge/problem_show.php?id=2096"
    },
    {
      "id": "2280",
      "title": "2280",
      "difficulty": 0,
      "pass_rate": 0,
      "ac_count": 0,
      "url": "https://183.250.108.194:500/OnlineJudge/problem_show.php?id=2280"
    },
    {
      "id": "2286",
      "title": "2286",
      "difficulty": 0,
      "pass_rate": 0,
      "ac_count": 0,
      "url": "https://183.250.108.194:500/OnlineJudge/problem_show.php?id=2286"
    },
    {
      "id": "2340",
      "title": "2340",
      "difficulty": 0,
      "pass_rate": 0,
      "ac_count": 0,
      "url": "https://183.250.108.194:500/OnlineJudge/problem_show.php?id=2340"
    },
    {
      "id": "2352",
      "title": "2352",
      "difficulty": 0,
      "pass_rate": 0,
      "ac_count": 0,
      "url": "https://183.250.108.194:500/OnlineJudge/problem_show.php?id=2352"
    },
    {
      "id": "2496",
      "title": "2496",
      "difficulty": 0,
      "pass_rate": 0,
      "ac_count": 0,
      "url": "https://183.250.108.194:500/OnlineJudge/problem_show.php?id=2496"
    },
    {
      "id": "2500",
      "title": "2500",
      "difficulty": 0,
      "pass_rate": 0,
      "ac_count": 0,
      "url": "https://183.250.108.194:500/OnlineJudge/problem_show.php?id=2500"
    },
    {
      "id": "2676",
      "title": "2676",
      "difficulty": 0,
      "pass_rate": 0,
      "ac_count": 0,
      "url": "https://183.250.108.194:500/OnlineJudge/problem_show.php?id=2676"
    },
    {
      "id": "2810",
      "title": "2810",
      "difficulty": 0,
      "pass_rate": 0,
      "ac_count": 0,
      "url": "https://183.250.108.194:500/OnlineJudge/problem_show.php?id=2810"
    },
    {
      "id": "3359",
      "title": "3359",
      "difficulty": 0,
      "pass_rate": 0,
      "ac_count": 0,
      "url": "https://183.250.108.194:500/OnlineJudge/problem_show.php?id=3359"
    },
    {
      "id": "3373",
      "title": "3373",
      "difficulty": 0,
      "pass_rate": 0,
      "ac_count": 0,
      "url": "https://183.250.108.194:500/OnlineJudge/problem_show.php?id=3373"
    },
    {
      "id": "3391",
      "title": "3391",
      "difficulty": 0,
      "pass_rate": 0,
      "ac_count": 0,
      "url": "https://183.250.108.194:500/OnlineJudge/problem_show.php?id=3391"
    },
    {
      "id": "3440",
      "title": "3440",
      "difficulty": 0,
      "pass_rate": 0,
      "ac_count": 0,
      "url": "https://183.250.108.194:500/OnlineJudge/problem_show.php?id=3440"
    },
    {
      "id": "3522",
      "title": "3522",
      "difficulty": 0,
      "pass_rate": 0,
      "ac_count": 0,
      "url": "https://183.250.108.194:500/OnlineJudge/problem_show.php?id=3522"
    },
    {
      "id": "3675",
      "title": "3675",
      "difficulty": 0,
      "pass_rate": 0,
      "ac_count": 0,
      "url": "https://183.250.108.194:500/OnlineJudge/problem_show.php?id=3675"
    },
    {
      "id": "3754",
      "title": "3754",
      "difficulty": 0,
      "pass_rate": 0,
      "ac_count": 0,
      "url": "https://183.250.108.194:500/OnlineJudge/problem_show.php?id=3754"
    },
    {
      "id": "3760",
      "title": "3760",
      "difficulty": 0,
      "pass_rate": 0,
      "ac_count": 0,
      "url": "https://183.250.108.194:500/OnlineJudge/problem_show.php?id=3760"
    },
    {
      "id": "3843",
      "title": "3843",
      "difficulty": 0,
      "pass_rate": 0,
      "ac_count": 0,
      "url": "https://183.250.108.194:500/OnlineJudge/problem_show.php?id=3843"
    },
    {
      "id": "3965",
      "title": "3965",
      "difficulty": 0,
      "pass_rate": 0,
      "ac_count": 0,
      "url": "https://183.250.108.194:500/OnlineJudge/problem_show.php?id=3965"
    },
    {
      "id": "3971",
      "title": "3971",
      "difficulty": 0,
      "pass_rate": 0,
      "ac_count": 0,
      "url": "https://183.250.108.194:500/OnlineJudge/problem_show.php?id=3971"
    },
    {
      "id": "3993",
      "title": "3993",
      "difficulty": 0,
      "pass_rate": 0,
      "ac_count": 0,
      "url": "https://183.250.108.194:500/OnlineJudge/problem_show.php?id=3993"
    },
    {
      "id": "4041",
      "title": "4041",
      "difficulty": 0,
      "pass_rate": 0,
      "ac_count": 0,
      "url": "https://183.250.108.194:500/OnlineJudge/problem_show.php?id=4041"
    },
    {
      "id": "4074",
      "title": "4074",
      "difficulty": 0,
      "pass_rate": 0,
      "ac_count": 0,
      "url": "https://183.250.108.194:500/OnlineJudge/problem_show.php?id=4074"
    },
    {
      "id": "4096",
      "title": "4096",
      "difficulty": 0,
      "pass_rate": 0,
      "ac_count": 0,
      "url": "https://183.250.108.194:500/OnlineJudge/problem_show.php?id=4096"
    },
    {
      "id": "4207",
      "title": "4207",
      "difficulty": 0,
      "pass_rate": 0,
      "ac_count": 0,
      "url": "https://183.250.108.194:500/OnlineJudge/problem_show.php?id=4207"
    },
    {
      "id": "4257",
      "title": "4257",
      "difficulty": 0,
      "pass_rate": 0,
      "ac_count": 0,
      "url": "https://183.250.108.194:500/OnlineJudge/problem_show.php?id=4257"
    },
    {
      "id": "4419",
      "title": "4419",
      "difficulty": 0,
      "pass_rate": 0,
      "ac_count": 0,
      "url": "https://183.250.108.194:500/OnlineJudge/problem_show.php?id=4419"
    },
    {
      "id": "4523",
      "title": "4523",
      "difficulty": 0,
      "pass_rate": 0,
      "ac_count": 0,
      "url": "https://183.250.108.194:500/OnlineJudge/problem_show.php?id=4523"
    },
    {
      "id": "4631",
      "title": "4631",
      "difficulty": 0,
      "pass_rate": 0,
      "ac_count": 0,
      "url": "https://183.250.108.194:500/OnlineJudge/problem_show.php?id=4631"
    },
    {
      "id": "4633",
      "title": "4633",
      "difficulty": 0,
      "pass_rate": 0,
      "ac_count": 0,
      "url": "https://183.250.108.194:500/OnlineJudge/problem_show.php?id=4633"
    },
    {
      "id": "4637",
      "title": "4637",
      "difficulty": 0,
      "pass_rate": 0,
      "ac_count": 0,
      "url": "https://183.250.108.194:500/OnlineJudge/problem_show.php?id=4637"
    },
    {
      "id": "4649",
      "title": "4649",
      "difficulty": 0,
      "pass_rate": 0,
      "ac_count": 0,
      "url": "https://183.250.108.194:500/OnlineJudge/problem_show.php?id=4649"
    },
    {
      "id": "4733",
      "title": "4733",
      "difficulty": 0,
      "pass_rate": 0,
      "ac_count": 0,
      "url": "https://183.250.108.194:500/OnlineJudge/problem_show.php?id=4733"
    },
    {
      "id": "4843",
      "title": "4843",
      "difficulty": 0,
      "pass_rate": 0,
      "ac_count": 0,
      "url": "https://183.250.108.194:500/OnlineJudge/problem_show.php?id=4843"
    },
    {
      "id": "4860",
      "title": "4860",
      "difficulty": 0,
      "pass_rate": 0,
      "ac_count": 0,
      "url": "https://183.250.108.194:500/OnlineJudge/problem_show.php?id=4860"
    },
    {
      "id": "4943",
      "title": "4943",
      "difficulty": 0,
      "pass_rate": 0,
      "ac_count": 0,
      "url": "https://183.250.108.194:500/OnlineJudge/problem_show.php?id=4943"
    },
    {
      "id": "5015",
      "title": "5015",
      "difficulty": 0,
      "pass_rate": 0,
      "ac_count": 0,
      "url": "https://183.250.108.194:500/OnlineJudge/problem_show.php?id=5015"
    },
    {
      "id": "5073",
      "title": "5073",
      "difficulty": 0,
      "pass_rate": 0,
      "ac_count": 0,
      "url": "https://183.250.108.194:500/OnlineJudge/problem_show.php?id=5073"
    },
    {
      "id": "5299",
      "title": "5299",
      "difficulty": 0,
      "pass_rate": 0,
      "ac_count": 0,
      "url": "https://183.250.108.194:500/OnlineJudge/problem_show.php?id=5299"
    },
    {
      "id": "5358",
      "title": "5358",
      "difficulty": 0,
      "pass_rate": 0,
      "ac_count": 0,
      "url": "https://183.250.108.194:500/OnlineJudge/problem_show.php?id=5358"
    },
    {
      "id": "5397",
      "title": "5397",
      "difficulty": 0,
      "pass_rate": 0,
      "ac_count": 0,
      "url": "https://183.250.108.194:500/OnlineJudge/problem_show.php?id=5397"
    },
    {
      "id": "5400",
      "title": "5400",
      "difficulty": 0,
      "pass_rate": 0,
      "ac_count": 0,
      "url": "https://183.250.108.194:500/OnlineJudge/problem_show.php?id=5400"
    },
    {
      "id": "5431",
      "title": "5431",
      "difficulty": 0,
      "pass_rate": 0,
      "ac_count": 0,
      "url": "https://183.250.108.194:500/OnlineJudge/problem_show.php?id=5431"
    },
    {
      "id": "5434",
      "title": "5434",
      "difficulty": 0,
      "pass_rate": 0,
      "ac_count": 0,
      "url": "https://183.250.108.194:500/OnlineJudge/problem_show.php?id=5434"
    },
    {
      "id": "5470",
      "title": "5470",
      "difficulty": 0,
      "pass_rate": 0,
      "ac_count": 0,
      "url": "https://183.250.108.194:500/OnlineJudge/problem_show.php?id=5470"
    },
    {
      "id": "5472",
      "title": "5472",
      "difficulty": 0,
      "pass_rate": 0,
      "ac_count": 0,
      "url": "https://183.250.108.194:500/OnlineJudge/problem_show.php?id=5472"
    },
    {
      "id": "5509",
      "title": "5509",
      "difficulty": 0,
      "pass_rate": 0,
      "ac_count": 0,
      "url": "https://183.250.108.194:500/OnlineJudge/problem_show.php?id=5509"
    },
    {
      "id": "5518",
      "title": "5518",
      "difficulty": 0,
      "pass_rate": 0,
      "ac_count": 0,
      "url": "https://183.250.108.194:500/OnlineJudge/problem_show.php?id=5518"
    },
    {
      "id": "5589",
      "title": "5589",
      "difficulty": 0,
      "pass_rate": 0,
      "ac_count": 0,
      "url": "https://183.250.108.194:500/OnlineJudge/problem_show.php?id=5589"
    },
    {
      "id": "5855",
      "title": "5855",
      "difficulty": 0,
      "pass_rate": 0,
      "ac_count": 0,
      "url": "https://183.250.108.194:500/OnlineJudge/problem_show.php?id=5855"
    },
    {
      "id": "5882",
      "title": "5882",
      "difficulty": 0,
      "pass_rate": 0,
      "ac_count": 0,
      "url": "https://183.250.108.194:500/OnlineJudge/problem_show.php?id=5882"
    },
    {
      "id": "5904",
      "title": "5904",
      "difficulty": 0,
      "pass_rate": 0,
      "ac_count": 0,
      "url": "https://183.250.108.194:500/OnlineJudge/problem_show.php?id=5904"
    },
    {
      "id": "5978",
      "title": "5978",
      "difficulty": 0,
      "pass_rate": 0,
      "ac_count": 0,
      "url": "https://183.250.108.194:500/OnlineJudge/problem_show.php?id=5978"
    },
    {
      "id": "6022",
      "title": "6022",
      "difficulty": 0,
      "pass_rate": 0,
      "ac_count": 0,
      "url": "https://183.250.108.194:500/OnlineJudge/problem_show.php?id=6022"
    },
    {
      "id": "6102",
      "title": "6102",
      "difficulty": 0,
      "pass_rate": 0,
      "ac_count": 0,
      "url": "https://183.250.108.194:500/OnlineJudge/problem_show.php?id=6102"
    },
    {
      "id": "6103",
      "title": "6103",
      "difficulty": 0,
      "pass_rate": 0,
      "ac_count": 0,
      "url": "https://183.250.108.194:500/OnlineJudge/problem_show.php?id=6103"
    },
    {
      "id": "6105",
      "title": "6105",
      "difficulty": 0,
      "pass_rate": 0,
      "ac_count": 0,
      "url": "https://183.250.108.194:500/OnlineJudge/problem_show.php?id=6105"
    },
    {
      "id": "6108",
      "title": "6108",
      "difficulty": 0,
      "pass_rate": 0,
      "ac_count": 0,
      "url": "https://183.250.108.194:500/OnlineJudge/problem_show.php?id=6108"
    },
    {
      "id": "6189",
      "title": "6189",
      "difficulty": 0,
      "pass_rate": 0,
      "ac_count": 0,
      "url": "https://183.250.108.194:500/OnlineJudge/problem_show.php?id=6189"
    },
    {
      "id": "6235",
      "title": "6235",
      "difficulty": 0,
      "pass_rate": 0,
      "ac_count": 0,
      "url": "https://183.250.108.194:500/OnlineJudge/problem_show.php?id=6235"
    },
    {
      "id": "6236",
      "title": "6236",
      "difficulty": 0,
      "pass_rate": 0,
      "ac_count": 0,
      "url": "https://183.250.108.194:500/OnlineJudge/problem_show.php?id=6236"
    },
    {
      "id": "6237",
      "title": "6237",
      "difficulty": 0,
      "pass_rate": 0,
      "ac_count": 0,
      "url": "https://183.250.108.194:500/OnlineJudge/problem_show.php?id=6237"
    },
    {
      "id": "6267",
      "title": "6267",
      "difficulty": 0,
      "pass_rate": 0,
      "ac_count": 0,
      "url": "https://183.250.108.194:500/OnlineJudge/problem_show.php?id=6267"
    },
    {
      "id": "6329",
      "title": "6329",
      "difficulty": 0,
      "pass_rate": 0,
      "ac_count": 0,
      "url": "https://183.250.108.194:500/OnlineJudge/problem_show.php?id=6329"
    },
    {
      "id": "6330",
      "title": "6330",
      "difficulty": 0,
      "pass_rate": 0,
      "ac_count": 0,
      "url": "https://183.250.108.194:500/OnlineJudge/problem_show.php?id=6330"
    },
    {
      "id": "6348",
      "title": "6348",
      "difficulty": 0,
      "pass_rate": 0,
      "ac_count": 0,
      "url": "https://183.250.108.194:500/OnlineJudge/problem_show.php?id=6348"
    },
    {
      "id": "6413",
      "title": "6413",
      "difficulty": 0,
      "pass_rate": 0,
      "ac_count": 0,
      "url": "https://183.250.108.194:500/OnlineJudge/problem_show.php?id=6413"
    },
    {
      "id": "6422",
      "title": "6422",
      "difficulty": 0,
      "pass_rate": 0,
      "ac_count": 0,
      "url": "https://183.250.108.194:500/OnlineJudge/problem_show.php?id=6422"
    },
    {
      "id": "6438",
      "title": "6438",
      "difficulty": 0,
      "pass_rate": 0,
      "ac_count": 0,
      "url": "https://183.250.108.194:500/OnlineJudge/problem_show.php?id=6438"
    },
    {
      "id": "6447",
      "title": "6447",
      "difficulty": 0,
      "pass_rate": 0,
      "ac_count": 0,
      "url": "https://183.250.108.194:500/OnlineJudge/problem_show.php?id=6447"
    },
    {
      "id": "6448",
      "title": "6448",
      "difficulty": 0,
      "pass_rate": 0,
      "ac_count": 0,
      "url": "https://183.250.108.194:500/OnlineJudge/problem_show.php?id=6448"
    },
    {
      "id": "6465",
      "title": "6465",
      "difficulty": 0,
      "pass_rate": 0,
      "ac_count": 0,
      "url": "https://183.250.108.194:500/OnlineJudge/problem_show.php?id=6465"
    },
    {
      "id": "6481",
      "title": "6481",
      "difficulty": 0,
      "pass_rate": 0,
      "ac_count": 0,
      "url": "https://183.250.108.194:500/OnlineJudge/problem_show.php?id=6481"
    },
    {
      "id": "6482",
      "title": "6482",
      "difficulty": 0,
      "pass_rate": 0,
      "ac_count": 0,
      "url": "https://183.250.108.194:500/OnlineJudge/problem_show.php?id=6482"
    },
    {
      "id": "6489",
      "title": "6489",
      "difficulty": 0,
      "pass_rate": 0,
      "ac_count": 0,
      "url": "https://183.250.108.194:500/OnlineJudge/problem_show.php?id=6489"
    },
    {
      "id": "6490",
      "title": "6490",
      "difficulty": 0,
      "pass_rate": 0,
      "ac_count": 0,
      "url": "https://183.250.108.194:500/OnlineJudge/problem_show.php?id=6490"
    },
    {
      "id": "6535",
      "title": "6535",
      "difficulty": 0,
      "pass_rate": 0,
      "ac_count": 0,
      "url": "https://183.250.108.194:500/OnlineJudge/problem_show.php?id=6535"
    },
    {
      "id": "6541",
      "title": "6541",
      "difficulty": 0,
      "pass_rate": 0,
      "ac_count": 0,
      "url": "https://183.250.108.194:500/OnlineJudge/problem_show.php?id=6541"
    },
    {
      "id": "6544",
      "title": "6544",
      "difficulty": 0,
      "pass_rate": 0,
      "ac_count": 0,
      "url": "https://183.250.108.194:500/OnlineJudge/problem_show.php?id=6544"
    },
    {
      "id": "6688",
      "title": "6688",
      "difficulty": 0,
      "pass_rate": 0,
      "ac_count": 0,
      "url": "https://183.250.108.194:500/OnlineJudge/problem_show.php?id=6688"
    },
    {
      "id": "6695",
      "title": "6695",
      "difficulty": 0,
      "pass_rate": 0,
      "ac_count": 0,
      "url": "https://183.250.108.194:500/OnlineJudge/problem_show.php?id=6695"
    },
    {
      "id": "6696",
      "title": "6696",
      "difficulty": 0,
      "pass_rate": 0,
      "ac_count": 0,
      "url": "https://183.250.108.194:500/OnlineJudge/problem_show.php?id=6696"
    },
    {
      "id": "6704",
      "title": "6704",
      "difficulty": 0,
      "pass_rate": 0,
      "ac_count": 0,
      "url": "https://183.250.108.194:500/OnlineJudge/problem_show.php?id=6704"
    },
    {
      "id": "6727",
      "title": "6727",
      "difficulty": 0,
      "pass_rate": 0,
      "ac_count": 0,
      "url": "https://183.250.108.194:500/OnlineJudge/problem_show.php?id=6727"
    },
    {
      "id": "6736",
      "title": "6736",
      "difficulty": 0,
      "pass_rate": 0,
      "ac_count": 0,
      "url": "https://183.250.108.194:500/OnlineJudge/problem_show.php?id=6736"
    },
    {
      "id": "6759",
      "title": "6759",
      "difficulty": 0,
      "pass_rate": 0,
      "ac_count": 0,
      "url": "https://183.250.108.194:500/OnlineJudge/problem_show.php?id=6759"
    },
    {
      "id": "6764",
      "title": "6764",
      "difficulty": 0,
      "pass_rate": 0,
      "ac_count": 0,
      "url": "https://183.250.108.194:500/OnlineJudge/problem_show.php?id=6764"
    },
    {
      "id": "6769",
      "title": "6769",
      "difficulty": 0,
      "pass_rate": 0,
      "ac_count": 0,
      "url": "https://183.250.108.194:500/OnlineJudge/problem_show.php?id=6769"
    },
    {
      "id": "6773",
      "title": "6773",
      "difficulty": 0,
      "pass_rate": 0,
      "ac_count": 0,
      "url": "https://183.250.108.194:500/OnlineJudge/problem_show.php?id=6773"
    },
    {
      "id": "6774",
      "title": "6774",
      "difficulty": 0,
      "pass_rate": 0,
      "ac_count": 0,
      "url": "https://183.250.108.194:500/OnlineJudge/problem_show.php?id=6774"
    },
    {
      "id": "6778",
      "title": "6778",
      "difficulty": 0,
      "pass_rate": 0,
      "ac_count": 0,
      "url": "https://183.250.108.194:500/OnlineJudge/problem_show.php?id=6778"
    },
    {
      "id": "6782",
      "title": "6782",
      "difficulty": 0,
      "pass_rate": 0,
      "ac_count": 0,
      "url": "https://183.250.108.194:500/OnlineJudge/problem_show.php?id=6782"
    },
    {
      "id": "6790",
      "title": "6790",
      "difficulty": 0,
      "pass_rate": 0,
      "ac_count": 0,
      "url": "https://183.250.108.194:500/OnlineJudge/problem_show.php?id=6790"
    },
    {
      "id": "6791",
      "title": "6791",
      "difficulty": 0,
      "pass_rate": 0,
      "ac_count": 0,
      "url": "https://183.250.108.194:500/OnlineJudge/problem_show.php?id=6791"
    },
    {
      "id": "6795",
      "title": "6795",
      "difficulty": 0,
      "pass_rate": 0,
      "ac_count": 0,
      "url": "https://183.250.108.194:500/OnlineJudge/problem_show.php?id=6795"
    },
    {
      "id": "6798",
      "title": "6798",
      "difficulty": 0,
      "pass_rate": 0,
      "ac_count": 0,
      "url": "https://183.250.108.194:500/OnlineJudge/problem_show.php?id=6798"
    },
    {
      "id": "6832",
      "title": "6832",
      "difficulty": 0,
      "pass_rate": 0,
      "ac_count": 0,
      "url": "https://183.250.108.194:500/OnlineJudge/problem_show.php?id=6832"
    },
    {
      "id": "6833",
      "title": "6833",
      "difficulty": 0,
      "pass_rate": 0,
      "ac_count": 0,
      "url": "https://183.250.108.194:500/OnlineJudge/problem_show.php?id=6833"
    },
    {
      "id": "6834",
      "title": "6834",
      "difficulty": 0,
      "pass_rate": 0,
      "ac_count": 0,
      "url": "https://183.250.108.194:500/OnlineJudge/problem_show.php?id=6834"
    },
    {
      "id": "6835",
      "title": "6835",
      "difficulty": 0,
      "pass_rate": 0,
      "ac_count": 0,
      "url": "https://183.250.108.194:500/OnlineJudge/problem_show.php?id=6835"
    },
    {
      "id": "6842",
      "title": "6842",
      "difficulty": 0,
      "pass_rate": 0,
      "ac_count": 0,
      "url": "https://183.250.108.194:500/OnlineJudge/problem_show.php?id=6842"
    },
    {
      "id": "6848",
      "title": "6848",
      "difficulty": 0,
      "pass_rate": 0,
      "ac_count": 0,
      "url": "https://183.250.108.194:500/OnlineJudge/problem_show.php?id=6848"
    },
    {
      "id": "6852",
      "title": "6852",
      "difficulty": 0,
      "pass_rate": 0,
      "ac_count": 0,
      "url": "https://183.250.108.194:500/OnlineJudge/problem_show.php?id=6852"
    },
    {
      "id": "6854",
      "title": "6854",
      "difficulty": 0,
      "pass_rate": 0,
      "ac_count": 0,
      "url": "https://183.250.108.194:500/OnlineJudge/problem_show.php?id=6854"
    },
    {
      "id": "6856",
      "title": "6856",
      "difficulty": 0,
      "pass_rate": 0,
      "ac_count": 0,
      "url": "https://183.250.108.194:500/OnlineJudge/problem_show.php?id=6856"
    },
    {
      "id": "6861",
      "title": "6861",
      "difficulty": 0,
      "pass_rate": 0,
      "ac_count": 0,
      "url": "https://183.250.108.194:500/OnlineJudge/problem_show.php?id=6861"
    },
    {
      "id": "6869",
      "title": "6869",
      "difficulty": 0,
      "pass_rate": 0,
      "ac_count": 0,
      "url": "https://183.250.108.194:500/OnlineJudge/problem_show.php?id=6869"
    },
    {
      "id": "6870",
      "title": "6870",
      "difficulty": 0,
      "pass_rate": 0,
      "ac_count": 0,
      "url": "https://183.250.108.194:500/OnlineJudge/problem_show.php?id=6870"
    },
    {
      "id": "6874",
      "title": "6874",
      "difficulty": 0,
      "pass_rate": 0,
      "ac_count": 0,
      "url": "https://183.250.108.194:500/OnlineJudge/problem_show.php?id=6874"
    },
    {
      "id": "6875",
      "title": "6875",
      "difficulty": 0,
      "pass_rate": 0,
      "ac_count": 0,
      "url": "https://183.250.108.194:500/OnlineJudge/problem_show.php?id=6875"
    },
    {
      "id": "6880",
      "title": "6880",
      "difficulty": 0,
      "pass_rate": 0,
      "ac_count": 0,
      "url": "https://183.250.108.194:500/OnlineJudge/problem_show.php?id=6880"
    },
    {
      "id": "6914",
      "title": "6914",
      "difficulty": 0,
      "pass_rate": 0,
      "ac_count": 0,
      "url": "https://183.250.108.194:500/OnlineJudge/problem_show.php?id=6914"
    },
    {
      "id": "6918",
      "title": "6918",
      "difficulty": 0,
      "pass_rate": 0,
      "ac_count": 0,
      "url": "https://183.250.108.194:500/OnlineJudge/problem_show.php?id=6918"
    },
    {
      "id": "6923",
      "title": "6923",
      "difficulty": 0,
      "pass_rate": 0,
      "ac_count": 0,
      "url": "https://183.250.108.194:500/OnlineJudge/problem_show.php?id=6923"
    },
    {
      "id": "6926",
      "title": "6926",
      "difficulty": 0,
      "pass_rate": 0,
      "ac_count": 0,
      "url": "https://183.250.108.194:500/OnlineJudge/problem_show.php?id=6926"
    },
    {
      "id": "6937",
      "title": "6937",
      "difficulty": 0,
      "pass_rate": 0,
      "ac_count": 0,
      "url": "https://183.250.108.194:500/OnlineJudge/problem_show.php?id=6937"
    },
    {
      "id": "6938",
      "title": "6938",
      "difficulty": 0,
      "pass_rate": 0,
      "ac_count": 0,
      "url": "https://183.250.108.194:500/OnlineJudge/problem_show.php?id=6938"
    },
    {
      "id": "6939",
      "title": "6939",
      "difficulty": 0,
      "pass_rate": 0,
      "ac_count": 0,
      "url": "https://183.250.108.194:500/OnlineJudge/problem_show.php?id=6939"
    },
    {
      "id": "6940",
      "title": "6940",
      "difficulty": 0,
      "pass_rate": 0,
      "ac_count": 0,
      "url": "https://183.250.108.194:500/OnlineJudge/problem_show.php?id=6940"
    },
    {
      "id": "6941",
      "title": "6941",
      "difficulty": 0,
      "pass_rate": 0,
      "ac_count": 0,
      "url": "https://183.250.108.194:500/OnlineJudge/problem_show.php?id=6941"
    },
    {
      "id": "6946",
      "title": "6946",
      "difficulty": 0,
      "pass_rate": 0,
      "ac_count": 0,
      "url": "https://183.250.108.194:500/OnlineJudge/problem_show.php?id=6946"
    },
    {
      "id": "6947",
      "title": "6947",
      "difficulty": 0,
      "pass_rate": 0,
      "ac_count": 0,
      "url": "https://183.250.108.194:500/OnlineJudge/problem_show.php?id=6947"
    },
    {
      "id": "6948",
      "title": "6948",
      "difficulty": 0,
      "pass_rate": 0,
      "ac_count": 0,
      "url": "https://183.250.108.194:500/OnlineJudge/problem_show.php?id=6948"
    },
    {
      "id": "6949",
      "title": "6949",
      "difficulty": 0,
      "pass_rate": 0,
      "ac_count": 0,
      "url": "https://183.250.108.194:500/OnlineJudge/problem_show.php?id=6949"
    },
    {
      "id": "6991",
      "title": "6991",
      "difficulty": 0,
      "pass_rate": 0,
      "ac_count": 0,
      "url": "https://183.250.108.194:500/OnlineJudge/problem_show.php?id=6991"
    },
    {
      "id": "6992",
      "title": "6992",
      "difficulty": 0,
      "pass_rate": 0,
      "ac_count": 0,
      "url": "https://183.250.108.194:500/OnlineJudge/problem_show.php?id=6992"
    },
    {
      "id": "6995",
      "title": "6995",
      "difficulty": 0,
      "pass_rate": 0,
      "ac_count": 0,
      "url": "https://183.250.108.194:500/OnlineJudge/problem_show.php?id=6995"
    },
    {
      "id": "6997",
      "title": "6997",
      "difficulty": 0,
      "pass_rate": 0,
      "ac_count": 0,
      "url": "https://183.250.108.194:500/OnlineJudge/problem_show.php?id=6997"
    }
  ],
  "activityData": [
    {
      "day": "2023-11",
      "1": 0,
      "2": 0,
      "3": 0,
      "4": 1,
      "5": 2,
      "6": 0,
      "7": 0,
      "8": 0,
      "9": 0,
      "10": 0,
      "total": 3
    },
    {
      "day": "2023-12",
      "1": 5,
      "2": 2,
      "3": 1,
      "4": 4,
      "5": 2,
      "6": 0,
      "7": 0,
      "8": 0,
      "9": 0,
      "10": 0,
      "total": 14
    },
    {
      "day": "2024-01",
      "1": 5,
      "2": 3,
      "3": 1,
      "4": 4,
      "5": 2,
      "6": 0,
      "7": 0,
      "8": 0,
      "9": 0,
      "10": 0,
      "total": 15
    },
    {
      "day": "2024-02",
      "1": 8,
      "2": 3,
      "3": 1,
      "4": 5,
      "5": 2,
      "6": 0,
      "7": 0,
      "8": 0,
      "9": 0,
      "10": 0,
      "total": 19
    },
    {
      "day": "2024-04",
      "1": 8,
      "2": 4,
      "3": 2,
      "4": 5,
      "5": 2,
      "6": 0,
      "7": 0,
      "8": 0,
      "9": 0,
      "10": 0,
      "total": 21
    },
    {
      "day": "2024-05",
      "1": 8,
      "2": 4,
      "3": 4,
      "4": 5,
      "5": 2,
      "6": 0,
      "7": 0,
      "8": 0,
      "9": 0,
      "10": 0,
      "total": 23
    },
    {
      "day": "2024-07",
      "1": 8,
      "2": 4,
      "3": 5,
      "4": 6,
      "5": 2,
      "6": 0,
      "7": 0,
      "8": 0,
      "9": 0,
      "10": 0,
      "total": 25
    },
    {
      "day": "2024-09",
      "1": 8,
      "2": 4,
      "3": 6,
      "4": 6,
      "5": 2,
      "6": 0,
      "7": 0,
      "8": 0,
      "9": 0,
      "10": 0,
      "total": 26
    },
    {
      "day": "2024-10",
      "1": 8,
      "2": 4,
      "3": 7,
      "4": 8,
      "5": 2,
      "6": 0,
      "7": 0,
      "8": 0,
      "9": 0,
      "10": 0,
      "total": 29
    },
    {
      "day": "2024-11",
      "1": 8,
      "2": 4,
      "3": 12,
      "4": 8,
      "5": 2,
      "6": 0,
      "7": 0,
      "8": 0,
      "9": 0,
      "10": 0,
      "total": 34
    },
    {
      "day": "2024-12",
      "1": 8,
      "2": 4,
      "3": 12,
      "4": 9,
      "5": 2,
      "6": 0,
      "7": 0,
      "8": 0,
      "9": 0,
      "10": 0,
      "total": 35
    },
    {
      "day": "2025-01",
      "1": 8,
      "2": 4,
      "3": 12,
      "4": 9,
      "5": 3,
      "6": 0,
      "7": 0,
      "8": 0,
      "9": 0,
      "10": 0,
      "total": 36
    },
    {
      "day": "2025-02",
      "1": 8,
      "2": 4,
      "3": 12,
      "4": 11,
      "5": 4,
      "6": 0,
      "7": 0,
      "8": 0,
      "9": 0,
      "10": 0,
      "total": 39
    },
    {
      "day": "2025-03",
      "1": 8,
      "2": 5,
      "3": 12,
      "4": 12,
      "5": 5,
      "6": 0,
      "7": 0,
      "8": 0,
      "9": 0,
      "10": 0,
      "total": 42
    },
    {
      "day": "2025-04",
      "1": 8,
      "2": 5,
      "3": 14,
      "4": 15,
      "5": 5,
      "6": 0,
      "7": 0,
      "8": 0,
      "9": 0,
      "10": 0,
      "total": 47
    },
    {
      "day": "2025-05",
      "1": 8,
      "2": 6,
      "3": 15,
      "4": 17,
      "5": 5,
      "6": 0,
      "7": 0,
      "8": 0,
      "9": 0,
      "10": 0,
      "total": 51
    },
    {
      "day": "2025-06",
      "1": 8,
      "2": 6,
      "3": 16,
      "4": 17,
      "5": 6,
      "6": 0,
      "7": 0,
      "8": 0,
      "9": 0,
      "10": 0,
      "total": 53
    },
    {
      "day": "2025-07",
      "1": 8,
      "2": 7,
      "3": 19,
      "4": 22,
      "5": 6,
      "6": 0,
      "7": 0,
      "8": 0,
      "9": 0,
      "10": 0,
      "total": 62
    },
    {
      "day": "2025-08",
      "1": 8,
      "2": 7,
      "3": 22,
      "4": 22,
      "5": 6,
      "6": 0,
      "7": 0,
      "8": 0,
      "9": 0,
      "10": 0,
      "total": 65
    },
    {
      "day": "2025-09",
      "1": 8,
      "2": 7,
      "3": 28,
      "4": 31,
      "5": 6,
      "6": 0,
      "7": 0,
      "8": 0,
      "9": 0,
      "10": 0,
      "total": 80
    },
    {
      "day": "2025-10",
      "1": 8,
      "2": 7,
      "3": 30,
      "4": 33,
      "5": 6,
      "6": 0,
      "7": 0,
      "8": 0,
      "9": 0,
      "10": 0,
      "total": 84
    },
    {
      "day": "2025-11",
      "1": 8,
      "2": 7,
      "3": 31,
      "4": 40,
      "5": 8,
      "6": 2,
      "7": 0,
      "8": 0,
      "9": 0,
      "10": 0,
      "total": 96
    },
    {
      "day": "2026-01",
      "1": 12,
      "2": 9,
      "3": 32,
      "4": 40,
      "5": 8,
      "6": 2,
      "7": 0,
      "8": 0,
      "9": 0,
      "10": 0,
      "total": 103
    },
    {
      "day": "2026-02",
      "1": 12,
      "2": 9,
      "3": 35,
      "4": 44,
      "5": 8,
      "6": 3,
      "7": 0,
      "8": 0,
      "9": 0,
      "10": 0,
      "total": 111
    },
    {
      "day": "2026-03",
      "1": 14,
      "2": 11,
      "3": 36,
      "4": 45,
      "5": 10,
      "6": 5,
      "7": 0,
      "8": 1,
      "9": 0,
      "10": 0,
      "total": 122
    },
    {
      "day": "2026-04",
      "1": 14,
      "2": 11,
      "3": 36,
      "4": 45,
      "5": 10,
      "6": 7,
      "7": 0,
      "8": 1,
      "9": 0,
      "10": 0,
      "total": 124
    },
    {
      "day": "2026-05",
      "1": 14,
      "2": 11,
      "3": 37,
      "4": 46,
      "5": 11,
      "6": 7,
      "7": 0,
      "8": 1,
      "9": 0,
      "10": 0,
      "total": 127
    },
    {
      "day": "2026-06",
      "1": 15,
      "2": 13,
      "3": 38,
      "4": 53,
      "5": 13,
      "6": 7,
      "7": 0,
      "8": 1,
      "9": 0,
      "10": 0,
      "total": 140
    },
    {
      "day": "2026-07",
      "1": 15,
      "2": 14,
      "3": 39,
      "4": 55,
      "5": 13,
      "6": 7,
      "7": 0,
      "8": 1,
      "9": 0,
      "10": 0,
      "total": 144
    }
  ],
  "heatmapData": [],
  "color": "#ABDE28",
  "user_color": "#ABDE28",
  "permission_level": 4,
  "permission_color": "#fa8100",
  "last_crawled": "2026-07-05T02:26:54.679869",
  "session_expired": false,
  "exists_in_ojs": true
}

